Archive member included to satisfy reference by file (symbol)

d:/work_project/9 2019-q4-major/bin/../lib/gcc/arm-none-eabi/9.2.1/../../../../arm-none-eabi/lib/thumb/v7-m/nofp\libc_nano.a(lib_a-exit.o)
                              d:/work_project/9 2019-q4-major/bin/../lib/gcc/arm-none-eabi/9.2.1/../../../../arm-none-eabi/lib/thumb/v7-m/nofp/crt0.o (exit)
d:/work_project/9 2019-q4-major/bin/../lib/gcc/arm-none-eabi/9.2.1/../../../../arm-none-eabi/lib/thumb/v7-m/nofp\libc_nano.a(lib_a-impure.o)
                              d:/work_project/9 2019-q4-major/bin/../lib/gcc/arm-none-eabi/9.2.1/../../../../arm-none-eabi/lib/thumb/v7-m/nofp\libc_nano.a(lib_a-exit.o) (_global_impure_ptr)
d:/work_project/9 2019-q4-major/bin/../lib/gcc/arm-none-eabi/9.2.1/../../../../arm-none-eabi/lib/thumb/v7-m/nofp\libc_nano.a(lib_a-init.o)
                              d:/work_project/9 2019-q4-major/bin/../lib/gcc/arm-none-eabi/9.2.1/../../../../arm-none-eabi/lib/thumb/v7-m/nofp/crt0.o (__libc_init_array)
d:/work_project/9 2019-q4-major/bin/../lib/gcc/arm-none-eabi/9.2.1/../../../../arm-none-eabi/lib/thumb/v7-m/nofp\libc_nano.a(lib_a-memcpy-stub.o)
                              build/oled_buffer.o (memcpy)
d:/work_project/9 2019-q4-major/bin/../lib/gcc/arm-none-eabi/9.2.1/../../../../arm-none-eabi/lib/thumb/v7-m/nofp\libc_nano.a(lib_a-memset.o)
                              d:/work_project/9 2019-q4-major/bin/../lib/gcc/arm-none-eabi/9.2.1/../../../../arm-none-eabi/lib/thumb/v7-m/nofp/crt0.o (memset)
d:/work_project/9 2019-q4-major/bin/../lib/gcc/arm-none-eabi/9.2.1/../../../../arm-none-eabi/lib/thumb/v7-m/nofp\libc_nano.a(lib_a-rand.o)
                              build/test.o (srand)
d:/work_project/9 2019-q4-major/bin/../lib/gcc/arm-none-eabi/9.2.1/../../../../arm-none-eabi/lib/thumb/v7-m/nofp\libc_nano.a(lib_a-strlen.o)
                              build/oled_debug.o (strlen)
d:/work_project/9 2019-q4-major/bin/../lib/gcc/arm-none-eabi/9.2.1/../../../../arm-none-eabi/lib/thumb/v7-m/nofp\libc_nano.a(lib_a-malloc.o)
                              d:/work_project/9 2019-q4-major/bin/../lib/gcc/arm-none-eabi/9.2.1/../../../../arm-none-eabi/lib/thumb/v7-m/nofp\libc_nano.a(lib_a-rand.o) (malloc)
d:/work_project/9 2019-q4-major/bin/../lib/gcc/arm-none-eabi/9.2.1/../../../../arm-none-eabi/lib/thumb/v7-m/nofp\libc_nano.a(lib_a-nano-freer.o)
                              d:/work_project/9 2019-q4-major/bin/../lib/gcc/arm-none-eabi/9.2.1/../../../../arm-none-eabi/lib/thumb/v7-m/nofp\libc_nano.a(lib_a-malloc.o) (_free_r)
d:/work_project/9 2019-q4-major/bin/../lib/gcc/arm-none-eabi/9.2.1/../../../../arm-none-eabi/lib/thumb/v7-m/nofp\libc_nano.a(lib_a-nano-mallocr.o)
                              d:/work_project/9 2019-q4-major/bin/../lib/gcc/arm-none-eabi/9.2.1/../../../../arm-none-eabi/lib/thumb/v7-m/nofp\libc_nano.a(lib_a-malloc.o) (_malloc_r)
d:/work_project/9 2019-q4-major/bin/../lib/gcc/arm-none-eabi/9.2.1/../../../../arm-none-eabi/lib/thumb/v7-m/nofp\libc_nano.a(lib_a-sbrkr.o)
                              d:/work_project/9 2019-q4-major/bin/../lib/gcc/arm-none-eabi/9.2.1/../../../../arm-none-eabi/lib/thumb/v7-m/nofp\libc_nano.a(lib_a-nano-mallocr.o) (_sbrk_r)
d:/work_project/9 2019-q4-major/bin/../lib/gcc/arm-none-eabi/9.2.1/../../../../arm-none-eabi/lib/thumb/v7-m/nofp\libc_nano.a(lib_a-mlock.o)
                              d:/work_project/9 2019-q4-major/bin/../lib/gcc/arm-none-eabi/9.2.1/../../../../arm-none-eabi/lib/thumb/v7-m/nofp\libc_nano.a(lib_a-nano-freer.o) (__malloc_lock)
d:/work_project/9 2019-q4-major/bin/../lib/gcc/arm-none-eabi/9.2.1/../../../../arm-none-eabi/lib/thumb/v7-m/nofp\libc_nano.a(lib_a-reent.o)
                              d:/work_project/9 2019-q4-major/bin/../lib/gcc/arm-none-eabi/9.2.1/../../../../arm-none-eabi/lib/thumb/v7-m/nofp\libc_nano.a(lib_a-sbrkr.o) (errno)
d:/work_project/9 2019-q4-major/bin/../lib/gcc/arm-none-eabi/9.2.1/../../../../arm-none-eabi/lib/thumb/v7-m/nofp\libc_nano.a(lib_a-lock.o)
                              d:/work_project/9 2019-q4-major/bin/../lib/gcc/arm-none-eabi/9.2.1/../../../../arm-none-eabi/lib/thumb/v7-m/nofp\libc_nano.a(lib_a-mlock.o) (__retarget_lock_acquire_recursive)
d:/work_project/9 2019-q4-major/bin/../lib/gcc/arm-none-eabi/9.2.1/../../../../arm-none-eabi/lib/thumb/v7-m/nofp\libm.a(lib_a-s_cos.o)
                              build/test.o (cos)
d:/work_project/9 2019-q4-major/bin/../lib/gcc/arm-none-eabi/9.2.1/../../../../arm-none-eabi/lib/thumb/v7-m/nofp\libm.a(lib_a-s_sin.o)
                              build/test.o (sin)
d:/work_project/9 2019-q4-major/bin/../lib/gcc/arm-none-eabi/9.2.1/../../../../arm-none-eabi/lib/thumb/v7-m/nofp\libm.a(lib_a-w_atan2.o)
                              build/oled_basic.o (atan2)
d:/work_project/9 2019-q4-major/bin/../lib/gcc/arm-none-eabi/9.2.1/../../../../arm-none-eabi/lib/thumb/v7-m/nofp\libm.a(lib_a-e_atan2.o)
[...]
Memory Configuration

Name             Origin             Length             Attributes
RAM              0x20000000         0x00010000         xrw
FLASH            0x08000000         0x00080000         xr
*default*        0x00000000         0xffffffff

Linker script and memory map

LOAD d:/work_project/9 2019-q4-major/bin/../lib/gcc/arm-none-eabi/9.2.1/thumb/v7-m/nofp/crti.o
LOAD d:/work_project/9 2019-q4-major/bin/../lib/gcc/arm-none-eabi/9.2.1/thumb/v7-m/nofp/crtbegin.o
LOAD d:/work_project/9 2019-q4-major/bin/../lib/gcc/arm-none-eabi/9.2.1/../../../../arm-none-eabi/lib/thumb/v7-m/nofp/crt0.o
LOAD build/main.o
LOAD build/gpio.o
LOAD build/i2c.o
LOAD build/tim.o
LOAD build/usart_debug.o
LOAD build/usart.o
LOAD build/test.o
LOAD build/stm32f1xx_it.o
LOAD build/stm32f1xx_hal_msp.o
LOAD build/stm32f1xx_hal_gpio_ex.o
LOAD build/stm32f1xx_hal_i2c.o
LOAD build/stm32f1xx_hal.o
LOAD build/stm32f1xx_hal_rcc.o
LOAD build/stm32f1xx_hal_rcc_ex.o
LOAD build/stm32f1xx_hal_gpio.o
LOAD build/stm32f1xx_hal_dma.o
LOAD build/stm32f1xx_hal_cortex.o
LOAD build/stm32f1xx_hal_pwr.o
LOAD build/stm32f1xx_hal_flash.o
LOAD build/stm32f1xx_hal_flash_ex.o
LOAD build/stm32f1xx_hal_exti.o
LOAD build/stm32f1xx_hal_tim.o
LOAD build/stm32f1xx_hal_tim_ex.o
LOAD build/stm32f1xx_hal_uart.o
LOAD build/system_stm32f1xx.o
LOAD build/oled_basic.o
LOAD build/oled_bmp.o
LOAD build/oled_buffer.o
LOAD build/oled_color.o
LOAD build/oled_config.o
LOAD build/oled_debug.o
LOAD build/oled_draw.o
LOAD build/oled_driver.o
LOAD build/oled_font.o
LOAD build/startup_stm32f103xe.o
LOAD d:/work_project/9 2019-q4-major/bin/../lib/gcc/arm-none-eabi/9.2.1/../../../../arm-none-eabi/lib/thumb/v7-m/nofp\libc_nano.a
LOAD d:/work_project/9 2019-q4-major/bin/../lib/gcc/arm-none-eabi/9.2.1/../../../../arm-none-eabi/lib/thumb/v7-m/nofp\libm.a
LOAD d:/work_project/9 2019-q4-major/bin/../lib/gcc/arm-none-eabi/9.2.1/../../../../arm-none-eabi/lib/thumb/v7-m/nofp\libnosys.a
START GROUP
LOAD d:/work_project/9 2019-q4-major/bin/../lib/gcc/arm-none-eabi/9.2.1/thumb/v7-m/nofp\libgcc.a
LOAD d:/work_project/9 2019-q4-major/bin/../lib/gcc/arm-none-eabi/9.2.1/../../../../arm-none-eabi/lib/thumb/v7-m/nofp\libc_nano.a
END GROUP
START GROUP
LOAD d:/work_project/9 2019-q4-major/bin/../lib/gcc/arm-none-eabi/9.2.1/thumb/v7-m/nofp\libgcc.a
LOAD d:/work_project/9 2019-q4-major/bin/../lib/gcc/arm-none-eabi/9.2.1/../../../../arm-none-eabi/lib/thumb/v7-m/nofp\libc_nano.a
END GROUP
LOAD d:/work_project/9 2019-q4-major/bin/../lib/gcc/arm-none-eabi/9.2.1/thumb/v7-m/nofp/crtend.o
LOAD d:/work_project/9 2019-q4-major/bin/../lib/gcc/arm-none-eabi/9.2.1/thumb/v7-m/nofp/crtn.o
                0x20010000                _estack = 0x20010000
                0x00000200                _Min_Heap_Size = 0x200
                0x00000400                _Min_Stack_Size = 0x400

.isr_vector     0x08000000      0x1e4
                0x08000000                . = ALIGN (0x4)
 *(.isr_vector)
 .isr_vector    0x08000000      0x1e4 build/startup_stm32f103xe.o
                0x08000000                g_pfnVectors
                0x080001e4                . = ALIGN (0x4)

.text           0x080001e4     0x1e9c
                0x080001e4                . = ALIGN (0x4)
 *(.text)
 .text          0x080001e4       0x40 d:/work_project/9 2019-q4-major/bin/../lib/gcc/arm-none-eabi/9.2.1/thumb/v7-m/nofp/crtbegin.o
 .text          0x08000224       0x10 d:/work_project/9 2019-q4-major/bin/../lib/gcc/arm-none-eabi/9.2.1/../../../../arm-none-eabi/lib/thumb/v7-m/nofp\libc_nano.a(lib_a-strlen.o)
                0x08000224                strlen
 *(.text*)
 .text.SystemClock_Config
                0x08000234       0x52 build/main.o
                0x08000234                SystemClock_Config
 *fill*         0x08000286        0x2 
 .text.main     0x08000288       0x4c build/main.o
                0x08000288                main
 .text.Error_Handler
                0x080002d4        0x2 build/main.o
                0x080002d4                Error_Handler
 *fill*         0x080002d6        0x2 
 .text.MX_GPIO_Init
                0x080002d8       0x64 build/gpio.o
                0x080002d8                MX_GPIO_Init
 .text.MX_I2C1_Init
                0x0800033c       0x3c build/i2c.o
                0x0800033c                MX_I2C1_Init
 .text.HAL_I2C_MspInit
                0x08000378       0x64 build/i2c.o
                0x08000378                HAL_I2C_MspInit
 .text.MX_TIM6_Init
                0x080003dc       0x50 build/tim.o
                0x080003dc                MX_TIM6_Init
 .text.HAL_TIM_Base_MspInit
                0x0800042c       0x40 build/tim.o
                0x0800042c                HAL_TIM_Base_MspInit
 .text.HAL_TIM_PeriodElapsedCallback
                0x0800046c       0x3c build/tim.o
                0x0800046c                HAL_TIM_PeriodElapsedCallback
 .text.MX_USART1_UART_Init
                0x080004a8       0x34 build/usart.o
                0x080004a8                MX_USART1_UART_Init
 .text.HAL_UART_MspInit
                0x080004dc       0x78 build/usart.o
                0x080004dc                HAL_UART_MspInit
 .text.NMI_Handler
                0x08000554        0x2 build/stm32f1xx_it.o
                0x08000554                NMI_Handler
 .text.HardFault_Handler
                0x08000556        0x2 build/stm32f1xx_it.o
                0x08000556                HardFault_Handler
 .text.MemManage_Handler
                0x08000558        0x2 build/stm32f1xx_it.o
                0x08000558                MemManage_Handler
 .text.BusFault_Handler
                0x0800055a        0x2 build/stm32f1xx_it.o
                0x0800055a                BusFault_Handler
 .text.UsageFault_Handler
                0x0800055c        0x2 build/stm32f1xx_it.o
                0x0800055c                UsageFault_Handler
 .text.SVC_Handler
                0x0800055e        0x2 build/stm32f1xx_it.o
                0x0800055e                SVC_Handler
 .text.DebugMon_Handler
                0x08000560        0x2 build/stm32f1xx_it.o
                0x08000560                DebugMon_Handler
 .text.PendSV_Handler
                0x08000562        0x2 build/stm32f1xx_it.o
                0x08000562                PendSV_Handler
 .text.SysTick_Handler
                0x08000564        0x8 build/stm32f1xx_it.o
                0x08000564                SysTick_Handler
 .text.TIM6_IRQHandler
                0x0800056c       0x10 build/stm32f1xx_it.o
                0x0800056c                TIM6_IRQHandler
 .text.HAL_MspInit
                0x0800057c       0x44 build/stm32f1xx_hal_msp.o
                0x0800057c                HAL_MspInit
 .text.I2C_IsAcknowledgeFailed
                0x080005c0       0x32 build/stm32f1xx_hal_i2c.o
 .text.I2C_WaitOnFlagUntilTimeout
                0x080005f2       0x74 build/stm32f1xx_hal_i2c.o
 .text.I2C_WaitOnMasterAddressFlagUntilTimeout
                0x08000666       0xaa build/stm32f1xx_hal_i2c.o
 .text.I2C_WaitOnTXEFlagUntilTimeout
                0x08000710       0x54 build/stm32f1xx_hal_i2c.o
 .text.I2C_RequestMemoryWrite
                0x08000764       0xd8 build/stm32f1xx_hal_i2c.o
 .text.I2C_WaitOnBTFFlagUntilTimeout
                0x0800083c       0x54 build/stm32f1xx_hal_i2c.o
 .text.HAL_I2C_Init
                0x08000890      0x1bc build/stm32f1xx_hal_i2c.o
                0x08000890                HAL_I2C_Init
 .text.HAL_I2C_Mem_Write
                0x08000a4c      0x164 build/stm32f1xx_hal_i2c.o
                0x08000a4c                HAL_I2C_Mem_Write
 .text.HAL_InitTick
                0x08000bb0       0x4c build/stm32f1xx_hal.o
                0x08000bb0                HAL_InitTick
 .text.HAL_Init
                0x08000bfc       0x24 build/stm32f1xx_hal.o
                0x08000bfc                HAL_Init
 .text.HAL_IncTick
                0x08000c20       0x18 build/stm32f1xx_hal.o
                0x08000c20                HAL_IncTick
 .text.HAL_GetTick
                0x08000c38        0xc build/stm32f1xx_hal.o
                0x08000c38                HAL_GetTick
 .text.HAL_Delay
                0x08000c44       0x28 build/stm32f1xx_hal.o
                0x08000c44                HAL_Delay
 .text.RCC_Delay
                0x08000c6c       0x2c build/stm32f1xx_hal_rcc.o
 .text.HAL_RCC_OscConfig
                0x08000c98      0x410 build/stm32f1xx_hal_rcc.o
                0x08000c98                HAL_RCC_OscConfig
 .text.HAL_RCC_GetSysClockFreq
                0x080010a8       0x6c build/stm32f1xx_hal_rcc.o
                0x080010a8                HAL_RCC_GetSysClockFreq
 .text.HAL_RCC_ClockConfig
                0x08001114      0x16c build/stm32f1xx_hal_rcc.o
                0x08001114                HAL_RCC_ClockConfig
 .text.HAL_RCC_GetHCLKFreq
                0x08001280        0xc build/stm32f1xx_hal_rcc.o
                0x08001280                HAL_RCC_GetHCLKFreq
 .text.HAL_RCC_GetPCLK1Freq
                0x0800128c       0x20 build/stm32f1xx_hal_rcc.o
                0x0800128c                HAL_RCC_GetPCLK1Freq
 .text.HAL_RCC_GetPCLK2Freq
                0x080012ac       0x20 build/stm32f1xx_hal_rcc.o
                0x080012ac                HAL_RCC_GetPCLK2Freq
 .text.HAL_GPIO_Init
                0x080012cc      0x238 build/stm32f1xx_hal_gpio.o
                0x080012cc                HAL_GPIO_Init
 .text.HAL_GPIO_WritePin
                0x08001504        0xc build/stm32f1xx_hal_gpio.o
                0x08001504                HAL_GPIO_WritePin
 .text.HAL_GPIO_TogglePin
                0x08001510       0x12 build/stm32f1xx_hal_gpio.o
                0x08001510                HAL_GPIO_TogglePin
 *fill*         0x08001522        0x2 
 .text.HAL_NVIC_SetPriorityGrouping
                0x08001524       0x24 build/stm32f1xx_hal_cortex.o
                0x08001524                HAL_NVIC_SetPriorityGrouping
 .text.HAL_NVIC_SetPriority
                0x08001548       0x68 build/stm32f1xx_hal_cortex.o
                0x08001548                HAL_NVIC_SetPriority
 .text.HAL_NVIC_EnableIRQ
                0x080015b0       0x1c build/stm32f1xx_hal_cortex.o
                0x080015b0                HAL_NVIC_EnableIRQ
 .text.HAL_SYSTICK_Config
                0x080015cc       0x2c build/stm32f1xx_hal_cortex.o
                0x080015cc                HAL_SYSTICK_Config
 .text.HAL_TIM_Base_Start_IT
                0x080015f8       0x78 build/stm32f1xx_hal_tim.o
                0x080015f8                HAL_TIM_Base_Start_IT
 .text.HAL_TIM_OC_DelayElapsedCallback
                0x08001670        0x2 build/stm32f1xx_hal_tim.o
                0x08001670                HAL_TIM_OC_DelayElapsedCallback
 .text.HAL_TIM_IC_CaptureCallback
                0x08001672        0x2 build/stm32f1xx_hal_tim.o
                0x08001672                HAL_TIM_IC_CaptureCallback
 .text.HAL_TIM_PWM_PulseFinishedCallback
                0x08001674        0x2 build/stm32f1xx_hal_tim.o
                0x08001674                HAL_TIM_PWM_PulseFinishedCallback
 .text.HAL_TIM_TriggerCallback
                0x08001676        0x2 build/stm32f1xx_hal_tim.o
                0x08001676                HAL_TIM_TriggerCallback
 .text.HAL_TIM_IRQHandler
                0x08001678      0x17a build/stm32f1xx_hal_tim.o
                0x08001678                HAL_TIM_IRQHandler
 *fill*         0x080017f2        0x2 
 .text.TIM_Base_SetConfig
                0x080017f4       0x98 build/stm32f1xx_hal_tim.o
                0x080017f4                TIM_Base_SetConfig
 .text.HAL_TIM_Base_Init
                0x0800188c       0x58 build/stm32f1xx_hal_tim.o
                0x0800188c                HAL_TIM_Base_Init
 .text.HAL_TIMEx_MasterConfigSynchronization
                0x080018e4       0x78 build/stm32f1xx_hal_tim_ex.o
                0x080018e4                HAL_TIMEx_MasterConfigSynchronization
 .text.HAL_TIMEx_CommutCallback
                0x0800195c        0x2 build/stm32f1xx_hal_tim_ex.o
                0x0800195c                HAL_TIMEx_CommutCallback
 .text.HAL_TIMEx_BreakCallback
                0x0800195e        0x2 build/stm32f1xx_hal_tim_ex.o
                0x0800195e                HAL_TIMEx_BreakCallback
 .text.UART_SetConfig
                0x08001960       0x90 build/stm32f1xx_hal_uart.o
 .text.HAL_UART_Init
                0x080019f0       0x5e build/stm32f1xx_hal_uart.o
                0x080019f0                HAL_UART_Init
 .text.SystemInit
                0x08001a4e        0x2 build/system_stm32f1xx.o
                0x08001a4e                SystemInit
 .text.InitGraph
                0x08001a50        0x8 build/oled_basic.o
                0x08001a50                InitGraph
 .text.ClearScreen
                0x08001a58        0xa build/oled_basic.o
                0x08001a58                ClearScreen
 .text.UpdateScreen
                0x08001a62        0x8 build/oled_basic.o
                0x08001a62                UpdateScreen
 .text.pgm_read_byte
                0x08001a6a        0x4 build/oled_basic.o
                0x08001a6a                pgm_read_byte
 *fill*         0x08001a6e        0x2 
 .text.SetPointBuffer
                0x08001a70       0xd8 build/oled_buffer.o
                0x08001a70                SetPointBuffer
 .text.UpdateScreenDisplay
                0x08001b48        0x8 build/oled_buffer.o
                0x08001b48                UpdateScreenDisplay
 .text.ClearScreenBuffer
                0x08001b50       0x14 build/oled_buffer.o
                0x08001b50                ClearScreenBuffer
 .text.GetDrawColor
                0x08001b64        0xc build/oled_color.o
                0x08001b64                GetDrawColor
 .text.DriverInit
                0x08001b70        0xc build/oled_config.o
                0x08001b70                DriverInit
 .text.UpdateScreenBuffer
                0x08001b7c       0x10 build/oled_config.o
                0x08001b7c                UpdateScreenBuffer
 .text.m_pow    0x08001b8c       0x12 build/oled_debug.o
 *fill*         0x08001b9e        0x2 
 .text.m_putchar
                0x08001ba0       0x60 build/oled_debug.o
                0x08001ba0                m_putchar
 .text.m_putstr
                0x08001c00       0x12 build/oled_debug.o
                0x08001c00                m_putstr
 *fill*         0x08001c12        0x2 
 .text.OledPrintf
                0x08001c14      0x16c build/oled_debug.o
                0x08001c14                OledPrintf
 .text.DrawChar
                0x08001d80       0xdc build/oled_draw.o
                0x08001d80                DrawChar
 .text.I2C_Configuration
                0x08001e5c        0x8 build/oled_driver.o
                0x08001e5c                I2C_Configuration
 .text.I2C_WriteByte
                0x08001e64       0x2c build/oled_driver.o
                0x08001e64                I2C_WriteByte
 .text.WriteCmd
                0x08001e90        0xc build/oled_driver.o
                0x08001e90                WriteCmd
 .text.WriteDat
                0x08001e9c        0xc build/oled_driver.o
                0x08001e9c                WriteDat
 .text.OLED_FILL
                0x08001ea8       0x3e build/oled_driver.o
                0x08001ea8                OLED_FILL
 .text.OLED_CLS
                0x08001ee6        0xa build/oled_driver.o
                0x08001ee6                OLED_CLS
 .text.OLED_Init
                0x08001ef0       0xb0 build/oled_driver.o
                0x08001ef0                OLED_Init
 .text.GetTextBgMode
                0x08001fa0        0xc build/oled_font.o
                0x08001fa0                GetTextBgMode
 .text.SetFontSize
                0x08001fac        0xc build/oled_font.o
                0x08001fac                SetFontSize
 .text.GetFontSize
                0x08001fb8        0xc build/oled_font.o
                0x08001fb8                GetFontSize
 .text.Reset_Handler
                0x08001fc4       0x48 build/startup_stm32f103xe.o
                0x08001fc4                Reset_Handler
 .text.Default_Handler
                0x0800200c        0x2 build/startup_stm32f103xe.o
                0x0800200c                RTC_Alarm_IRQHandler
                0x0800200c                EXTI2_IRQHandler
                0x0800200c                TIM8_TRG_COM_IRQHandler
                0x0800200c                TIM8_CC_IRQHandler
                0x0800200c                TIM1_CC_IRQHandler
                0x0800200c                PVD_IRQHandler
                0x0800200c                SDIO_IRQHandler
                0x0800200c                EXTI3_IRQHandler
                0x0800200c                EXTI0_IRQHandler
                0x0800200c                I2C2_EV_IRQHandler
                0x0800200c                ADC1_2_IRQHandler
                0x0800200c                SPI1_IRQHandler
                0x0800200c                TAMPER_IRQHandler
                0x0800200c                TIM8_UP_IRQHandler
                0x0800200c                DMA2_Channel2_IRQHandler
                0x0800200c                DMA1_Channel4_IRQHandler
                0x0800200c                USART3_IRQHandler
                0x0800200c                RTC_IRQHandler
                0x0800200c                DMA1_Channel7_IRQHandler
                0x0800200c                CAN1_RX1_IRQHandler
                0x0800200c                UART5_IRQHandler
                0x0800200c                ADC3_IRQHandler
                0x0800200c                TIM4_IRQHandler
                0x0800200c                DMA2_Channel1_IRQHandler
                0x0800200c                I2C1_EV_IRQHandler
                0x0800200c                DMA1_Channel6_IRQHandler
                0x0800200c                UART4_IRQHandler
                0x0800200c                TIM3_IRQHandler
                0x0800200c                RCC_IRQHandler
                0x0800200c                TIM1_TRG_COM_IRQHandler
                0x0800200c                DMA1_Channel1_IRQHandler
                0x0800200c                Default_Handler
                0x0800200c                EXTI15_10_IRQHandler
                0x0800200c                TIM7_IRQHandler
                0x0800200c                TIM5_IRQHandler
                0x0800200c                EXTI9_5_IRQHandler
                0x0800200c                SPI2_IRQHandler
                0x0800200c                DMA1_Channel5_IRQHandler
                0x0800200c                EXTI4_IRQHandler
                0x0800200c                USB_LP_CAN1_RX0_IRQHandler
                0x0800200c                USB_HP_CAN1_TX_IRQHandler
                0x0800200c                DMA1_Channel3_IRQHandler
                0x0800200c                FSMC_IRQHandler
                0x0800200c                TIM1_UP_IRQHandler
                0x0800200c                WWDG_IRQHandler
                0x0800200c                TIM2_IRQHandler
                0x0800200c                TIM1_BRK_IRQHandler
                0x0800200c                EXTI1_IRQHandler
                0x0800200c                DMA2_Channel4_5_IRQHandler
                0x0800200c                USART2_IRQHandler
                0x0800200c                I2C2_ER_IRQHandler
                0x0800200c                DMA1_Channel2_IRQHandler
                0x0800200c                TIM8_BRK_IRQHandler
                0x0800200c                CAN1_SCE_IRQHandler
                0x0800200c                FLASH_IRQHandler
                0x0800200c                USART1_IRQHandler
                0x0800200c                SPI3_IRQHandler
                0x0800200c                I2C1_ER_IRQHandler
                0x0800200c                USBWakeUp_IRQHandler
                0x0800200c                DMA2_Channel3_IRQHandler
 *fill*         0x0800200e        0x2 
 .text.__libc_init_array
                0x08002010       0x48 d:/work_project/9 2019-q4-major/bin/../lib/gcc/arm-none-eabi/9.2.1/../../../../arm-none-eabi/lib/thumb/v7-m/nofp\libc_nano.a(lib_a-init.o)
                0x08002010                __libc_init_array
 .text.memset   0x08002058       0x10 d:/work_project/9 2019-q4-major/bin/../lib/gcc/arm-none-eabi/9.2.1/../../../../arm-none-eabi/lib/thumb/v7-m/nofp\libc_nano.a(lib_a-memset.o)
                0x08002058                memset
 *(.glue_7)
 .glue_7        0x08002068        0x0 linker stubs
 *(.glue_7t)
 .glue_7t       0x08002068        0x0 linker stubs
 *(.eh_frame)
 .eh_frame      0x08002068        0x0 d:/work_project/9 2019-q4-major/bin/../lib/gcc/arm-none-eabi/9.2.1/thumb/v7-m/nofp/crtbegin.o
 *(.init)
 .init          0x08002068        0x4 d:/work_project/9 2019-q4-major/bin/../lib/gcc/arm-none-eabi/9.2.1/thumb/v7-m/nofp/crti.o
                0x08002068                _init
 .init          0x0800206c        0x8 d:/work_project/9 2019-q4-major/bin/../lib/gcc/arm-none-eabi/9.2.1/thumb/v7-m/nofp/crtn.o
 *(.fini)
 .fini          0x08002074        0x4 d:/work_project/9 2019-q4-major/bin/../lib/gcc/arm-none-eabi/9.2.1/thumb/v7-m/nofp/crti.o
                0x08002074                _fini
 .fini          0x08002078        0x8 d:/work_project/9 2019-q4-major/bin/../lib/gcc/arm-none-eabi/9.2.1/thumb/v7-m/nofp/crtn.o
                0x08002080                . = ALIGN (0x4)
                0x08002080                _etext = .

.vfp11_veneer   0x08002080        0x0
 .vfp11_veneer  0x08002080        0x0 linker stubs

.v4_bx          0x08002080        0x0
 .v4_bx         0x08002080        0x0 linker stubs

.iplt           0x08002080        0x0
 .iplt          0x08002080        0x0 d:/work_project/9 2019-q4-major/bin/../lib/gcc/arm-none-eabi/9.2.1/thumb/v7-m/nofp/crtbegin.o

.rodata         0x08002080      0x538
                0x08002080                . = ALIGN (0x4)
 *(.rodata)
 *(.rodata*)
 .rodata.main.str1.4
                0x08002080        0xb build/main.o
 *fill*         0x0800208b        0x1 
 .rodata.HAL_RCC_GetSysClockFreq.str1.4
                0x0800208c       0x11 build/stm32f1xx_hal_rcc.o
 *fill*         0x0800209d        0x3 
 .rodata.AHBPrescTable
                0x080020a0       0x10 build/system_stm32f1xx.o
                0x080020a0                AHBPrescTable
 .rodata.APBPrescTable
                0x080020b0        0x8 build/system_stm32f1xx.o
                0x080020b0                APBPrescTable
 .rodata.font5x7
                0x080020b8      0x500 build/oled_font.o
                0x080020b8                font5x7
                0x080025b8                . = ALIGN (0x4)

.rel.dyn        0x080025b8        0x0
 .rel.iplt      0x080025b8        0x0 d:/work_project/9 2019-q4-major/bin/../lib/gcc/arm-none-eabi/9.2.1/thumb/v7-m/nofp/crtbegin.o

.ARM.extab
 *(.ARM.extab* .gnu.linkonce.armextab.*)

.ARM            0x080025b8        0x0
                0x080025b8                __exidx_start = .
 *(.ARM.exidx*)
                0x080025b8                __exidx_end = .

.preinit_array  0x080025b8        0x0
                0x080025b8                PROVIDE (__preinit_array_start = .)
 *(.preinit_array*)
                0x080025b8                PROVIDE (__preinit_array_end = .)

.init_array     0x080025b8        0x4
                0x080025b8                PROVIDE (__init_array_start = .)
 *(SORT_BY_NAME(.init_array.*))
 *(.init_array*)
 .init_array    0x080025b8        0x4 d:/work_project/9 2019-q4-major/bin/../lib/gcc/arm-none-eabi/9.2.1/thumb/v7-m/nofp/crtbegin.o
                0x080025bc                PROVIDE (__init_array_end = .)

.fini_array     0x080025bc        0x4
                [!provide]                PROVIDE (__fini_array_start = .)
 *(SORT_BY_NAME(.fini_array.*))
 *(.fini_array*)
 .fini_array    0x080025bc        0x4 d:/work_project/9 2019-q4-major/bin/../lib/gcc/arm-none-eabi/9.2.1/thumb/v7-m/nofp/crtbegin.o
                [!provide]                PROVIDE (__fini_array_end = .)
                0x080025c0                _sidata = LOADADDR (.data)

.data           0x20000000       0x10 load address 0x080025c0
                0x20000000                . = ALIGN (0x4)
                0x20000000                _sdata = .
 *(.data)
 *(.data*)
 .data.uwTickFreq
                0x20000000        0x1 build/stm32f1xx_hal.o
                0x20000000                uwTickFreq
 *fill*         0x20000001        0x3 
 .data.uwTickPrio
                0x20000004        0x4 build/stm32f1xx_hal.o
                0x20000004                uwTickPrio
 .data.SystemCoreClock
                0x20000008        0x4 build/system_stm32f1xx.o
                0x20000008                SystemCoreClock
 .data._SelectedBuffer
                0x2000000c        0x1 build/oled_buffer.o
 .data._Draw    0x2000000d        0x1 build/oled_color.o
 .data.wrap     0x2000000e        0x1 build/oled_debug.o
 .data._FontSize
                0x2000000f        0x1 build/oled_font.o
                0x20000010                . = ALIGN (0x4)
                0x20000010                _edata = .

.igot.plt       0x20000010        0x0 load address 0x080025d0
 .igot.plt      0x20000010        0x0 d:/work_project/9 2019-q4-major/bin/../lib/gcc/arm-none-eabi/9.2.1/thumb/v7-m/nofp/crtbegin.o
                0x20000010                . = ALIGN (0x4)

.bss            0x20000010      0x90c load address 0x080025d0
                0x20000010                _sbss = .
                0x20000010                __bss_start__ = _sbss
 *(.bss)
 .bss           0x20000010       0x1c d:/work_project/9 2019-q4-major/bin/../lib/gcc/arm-none-eabi/9.2.1/thumb/v7-m/nofp/crtbegin.o
 *(.bss*)
 .bss.g_led_tick
                0x2000002c        0x2 build/tim.o
                0x2000002c                g_led_tick
 *fill*         0x2000002e        0x2 
 .bss.ScreenBuffer
                0x20000030      0x400 build/oled_buffer.o
                0x20000030                ScreenBuffer
 .bss.TempBuffer
                0x20000430      0x400 build/oled_buffer.o
                0x20000430                TempBuffer
 .bss._cursor_x
                0x20000830        0x4 build/oled_debug.o
 .bss._cursor_y
                0x20000834        0x4 build/oled_debug.o
 .bss._TextBk   0x20000838        0x1 build/oled_font.o
 *(COMMON)
 *fill*         0x20000839        0x3 
 COMMON         0x2000083c       0x54 build/i2c.o
                0x2000083c                hi2c1
 COMMON         0x20000890       0x48 build/tim.o
                0x20000890                htim6
 COMMON         0x200008d8       0x40 build/usart.o
                0x200008d8                huart1
 COMMON         0x20000918        0x4 build/stm32f1xx_hal.o
                0x20000918                uwTick
                0x2000091c                . = ALIGN (0x4)
                0x2000091c                _ebss = .
                0x2000091c                __bss_end__ = _ebss

._user_heap_stack
                0x2000091c      0x604 load address 0x080025d0
                0x20000920                . = ALIGN (0x8)
 *fill*         0x2000091c        0x4 
                0x20000920                PROVIDE (end = .)
                [!provide]                PROVIDE (_end = .)
                0x20000b20                . = (. + _Min_Heap_Size)
 *fill*         0x20000920      0x200 
                0x20000f20                . = (. + _Min_Stack_Size)
 *fill*         0x20000b20      0x400 
                0x20000f20                . = ALIGN (0x8)

/DISCARD/
 libc.a(*)
 libm.a(*)
 libgcc.a(*)

.ARM.attributes
                0x00000000       0x29
 *(.ARM.attributes)
 .ARM.attributes
                0x00000000       0x1d d:/work_project/9 2019-q4-major/bin/../lib/gcc/arm-none-eabi/9.2.1/thumb/v7-m/nofp/crti.o
 .ARM.attributes
                0x0000001d       0x2d d:/work_project/9 2019-q4-major/bin/../lib/gcc/arm-none-eabi/9.2.1/thumb/v7-m/nofp/crtbegin.o
 .ARM.attributes
                0x0000004a       0x2d build/main.o
 .ARM.attributes
                0x00000077       0x2d build/gpio.o
 .ARM.attributes
                0x000000a4       0x2d build/i2c.o
 .ARM.attributes
                0x000000d1       0x2d build/tim.o
 .ARM.attributes
                0x000000fe       0x2d build/usart.o
 .ARM.attributes
                0x0000012b       0x2d build/stm32f1xx_it.o
 .ARM.attributes
                0x00000158       0x2d build/stm32f1xx_hal_msp.o
 .ARM.attributes
                0x00000185       0x2d build/stm32f1xx_hal_i2c.o
 .ARM.attributes
                0x000001b2       0x2d build/stm32f1xx_hal.o
 .ARM.attributes
                0x000001df       0x2d build/stm32f1xx_hal_rcc.o
 .ARM.attributes
                0x0000020c       0x2d build/stm32f1xx_hal_gpio.o
 .ARM.attributes
                0x00000239       0x2d build/stm32f1xx_hal_cortex.o
 .ARM.attributes
                0x00000266       0x2d build/stm32f1xx_hal_tim.o
 .ARM.attributes
                0x00000293       0x2d build/stm32f1xx_hal_tim_ex.o
 .ARM.attributes
                0x000002c0       0x2d build/stm32f1xx_hal_uart.o
 .ARM.attributes
                0x000002ed       0x2d build/system_stm32f1xx.o
 .ARM.attributes
                0x0000031a       0x2d build/oled_basic.o
 .ARM.attributes
                0x00000347       0x2d build/oled_buffer.o
 .ARM.attributes
                0x00000374       0x2d build/oled_color.o
 .ARM.attributes
                0x000003a1       0x2d build/oled_config.o
 .ARM.attributes
                0x000003ce       0x2d build/oled_debug.o
 .ARM.attributes
                0x000003fb       0x2d build/oled_draw.o
 .ARM.attributes
                0x00000428       0x2d build/oled_driver.o
 .ARM.attributes
                0x00000455       0x2d build/oled_font.o
 .ARM.attributes
                0x00000482       0x21 build/startup_stm32f103xe.o
 .ARM.attributes
                0x000004a3       0x2d d:/work_project/9 2019-q4-major/bin/../lib/gcc/arm-none-eabi/9.2.1/../../../../arm-none-eabi/lib/thumb/v7-m/nofp\libc_nano.a(lib_a-init.o)
 .ARM.attributes
                0x000004d0       0x2d d:/work_project/9 2019-q4-major/bin/../lib/gcc/arm-none-eabi/9.2.1/../../../../arm-none-eabi/lib/thumb/v7-m/nofp\libc_nano.a(lib_a-memset.o)
 .ARM.attributes
                0x000004fd       0x17 d:/work_project/9 2019-q4-major/bin/../lib/gcc/arm-none-eabi/9.2.1/../../../../arm-none-eabi/lib/thumb/v7-m/nofp\libc_nano.a(lib_a-strlen.o)
 .ARM.attributes
                0x00000514       0x1d d:/work_project/9 2019-q4-major/bin/../lib/gcc/arm-none-eabi/9.2.1/thumb/v7-m/nofp/crtn.o
OUTPUT(build/oled_lib.elf elf32-littlearm)

.debug_info     0x00000000    0x19851
 .debug_info    0x00000000     0x1086 build/main.o
 .debug_info    0x00001086      0x409 build/gpio.o
 .debug_info    0x0000148f      0xa3f build/i2c.o
 .debug_info    0x00001ece      0xcec build/tim.o
 .debug_info    0x00002bba      0x99d build/usart.o
 .debug_info    0x00003557      0x8a3 build/stm32f1xx_it.o
 .debug_info    0x00003dfa      0x332 build/stm32f1xx_hal_msp.o
 .debug_info    0x0000412c     0x3cf3 build/stm32f1xx_hal_i2c.o
 .debug_info    0x00007e1f      0x94a build/stm32f1xx_hal.o
 .debug_info    0x00008769      0xb67 build/stm32f1xx_hal_rcc.o
 .debug_info    0x000092d0      0x7d1 build/stm32f1xx_hal_gpio.o
 .debug_info    0x00009aa1      0xf5d build/stm32f1xx_hal_cortex.o
 .debug_info    0x0000a9fe     0x3ea5 build/stm32f1xx_hal_tim.o
 .debug_info    0x0000e8a3     0x1c1a build/stm32f1xx_hal_tim_ex.o
 .debug_info    0x000104bd     0x1a8f build/stm32f1xx_hal_uart.o
 .debug_info    0x00011f4c      0x2f7 build/system_stm32f1xx.o
 .debug_info    0x00012243     0x188d build/oled_basic.o
 .debug_info    0x00013ad0      0xd3f build/oled_buffer.o
 .debug_info    0x0001480f       0xfe build/oled_color.o
 .debug_info    0x0001490d      0x292 build/oled_config.o
 .debug_info    0x00014b9f      0xdda build/oled_debug.o
 .debug_info    0x00015979     0x3102 build/oled_draw.o
 .debug_info    0x00018a7b      0xc25 build/oled_driver.o
 .debug_info    0x000196a0      0x18f build/oled_font.o
 .debug_info    0x0001982f       0x22 build/startup_stm32f103xe.o

.debug_abbrev   0x00000000     0x3697
 .debug_abbrev  0x00000000      0x216 build/main.o
 .debug_abbrev  0x00000216      0x17e build/gpio.o
 .debug_abbrev  0x00000394      0x1f1 build/i2c.o
 .debug_abbrev  0x00000585      0x20f build/tim.o
 .debug_abbrev  0x00000794      0x1f1 build/usart.o
 .debug_abbrev  0x00000985      0x196 build/stm32f1xx_it.o
 .debug_abbrev  0x00000b1b      0x130 build/stm32f1xx_hal_msp.o
 .debug_abbrev  0x00000c4b      0x332 build/stm32f1xx_hal_i2c.o
 .debug_abbrev  0x00000f7d      0x21c build/stm32f1xx_hal.o
 .debug_abbrev  0x00001199      0x2ad build/stm32f1xx_hal_rcc.o
 .debug_abbrev  0x00001446      0x24f build/stm32f1xx_hal_gpio.o
 .debug_abbrev  0x00001695      0x37f build/stm32f1xx_hal_cortex.o
 .debug_abbrev  0x00001a14      0x2c3 build/stm32f1xx_hal_tim.o
 .debug_abbrev  0x00001cd7      0x2ab build/stm32f1xx_hal_tim_ex.o
 .debug_abbrev  0x00001f82      0x2ea build/stm32f1xx_hal_uart.o
 .debug_abbrev  0x0000226c      0x153 build/system_stm32f1xx.o
 .debug_abbrev  0x000023bf      0x3c0 build/oled_basic.o
 .debug_abbrev  0x0000277f      0x301 build/oled_buffer.o
 .debug_abbrev  0x00002a80       0xc0 build/oled_color.o
 .debug_abbrev  0x00002b40      0x105 build/oled_config.o
 .debug_abbrev  0x00002c45      0x2ee build/oled_debug.o
 .debug_abbrev  0x00002f33      0x445 build/oled_draw.o
 .debug_abbrev  0x00003378      0x1f1 build/oled_driver.o
 .debug_abbrev  0x00003569      0x11c build/oled_font.o
 .debug_abbrev  0x00003685       0x12 build/startup_stm32f103xe.o

.debug_loc      0x00000000    0x139f9
 .debug_loc     0x00000000       0x96 build/main.o
 .debug_loc     0x00000096       0x38 build/gpio.o
 .debug_loc     0x000000ce       0xeb build/i2c.o
 .debug_loc     0x000001b9      0x165 build/tim.o
 .debug_loc     0x0000031e      0x108 build/usart.o
 .debug_loc     0x00000426       0x40 build/stm32f1xx_it.o
 .debug_loc     0x00000466       0x41 build/stm32f1xx_hal_msp.o
 .debug_loc     0x000004a7     0x4b59 build/stm32f1xx_hal_i2c.o
 .debug_loc     0x00005000      0x1e1 build/stm32f1xx_hal.o
 .debug_loc     0x000051e1      0x7c0 build/stm32f1xx_hal_rcc.o
 .debug_loc     0x000059a1      0x53b build/stm32f1xx_hal_gpio.o
 .debug_loc     0x00005edc      0x7af build/stm32f1xx_hal_cortex.o
 .debug_loc     0x0000668b     0x5288 build/stm32f1xx_hal_tim.o
 .debug_loc     0x0000b913     0x1f35 build/stm32f1xx_hal_tim_ex.o
 .debug_loc     0x0000d848     0x1e05 build/stm32f1xx_hal_uart.o
 .debug_loc     0x0000f64d       0xff build/system_stm32f1xx.o
 .debug_loc     0x0000f74c      0xea5 build/oled_basic.o
 .debug_loc     0x000105f1      0x424 build/oled_buffer.o
 .debug_loc     0x00010a15       0x60 build/oled_config.o
 .debug_loc     0x00010a75      0x319 build/oled_debug.o
 .debug_loc     0x00010d8e     0x2972 build/oled_draw.o
 .debug_loc     0x00013700      0x2f9 build/oled_driver.o

.debug_aranges  0x00000000     0x1178
 .debug_aranges
                0x00000000       0x30 build/main.o
 .debug_aranges
                0x00000030       0x20 build/gpio.o
 .debug_aranges
                0x00000050       0x30 build/i2c.o
 .debug_aranges
                0x00000080       0x38 build/tim.o
 .debug_aranges
                0x000000b8       0x30 build/usart.o
 .debug_aranges
                0x000000e8       0x68 build/stm32f1xx_it.o
 .debug_aranges
                0x00000150       0x20 build/stm32f1xx_hal_msp.o
 .debug_aranges
                0x00000170      0x2a0 build/stm32f1xx_hal_i2c.o
 .debug_aranges
                0x00000410       0xe0 build/stm32f1xx_hal.o
 .debug_aranges
                0x000004f0       0x90 build/stm32f1xx_hal_rcc.o
 .debug_aranges
                0x00000580       0x58 build/stm32f1xx_hal_gpio.o
 .debug_aranges
                0x000005d8       0x90 build/stm32f1xx_hal_cortex.o
 .debug_aranges
                0x00000668      0x3d0 build/stm32f1xx_hal_tim.o
 .debug_aranges
                0x00000a38      0x168 build/stm32f1xx_hal_tim_ex.o
 .debug_aranges
                0x00000ba0      0x1d0 build/stm32f1xx_hal_uart.o
 .debug_aranges
                0x00000d70       0x28 build/system_stm32f1xx.o
 .debug_aranges
                0x00000d98       0xd0 build/oled_basic.o
 .debug_aranges
                0x00000e68       0x70 build/oled_buffer.o
 .debug_aranges
                0x00000ed8       0x38 build/oled_color.o
 .debug_aranges
                0x00000f10       0x38 build/oled_config.o
 .debug_aranges
                0x00000f48       0x48 build/oled_debug.o
 .debug_aranges
                0x00000f90      0x128 build/oled_draw.o
 .debug_aranges
                0x000010b8       0x60 build/oled_driver.o
 .debug_aranges
                0x00001118       0x38 build/oled_font.o
 .debug_aranges
                0x00001150       0x28 build/startup_stm32f103xe.o

.debug_ranges   0x00000000     0x10d0
 .debug_ranges  0x00000000       0x20 build/main.o
 .debug_ranges  0x00000020       0x10 build/gpio.o
 .debug_ranges  0x00000030       0x20 build/i2c.o
 .debug_ranges  0x00000050       0x28 build/tim.o
 .debug_ranges  0x00000078       0x20 build/usart.o
 .debug_ranges  0x00000098       0x58 build/stm32f1xx_it.o
 .debug_ranges  0x000000f0       0x10 build/stm32f1xx_hal_msp.o
 .debug_ranges  0x00000100      0x2a8 build/stm32f1xx_hal_i2c.o
 .debug_ranges  0x000003a8       0xd0 build/stm32f1xx_hal.o
 .debug_ranges  0x00000478       0xa0 build/stm32f1xx_hal_rcc.o
 .debug_ranges  0x00000518       0x48 build/stm32f1xx_hal_gpio.o
 .debug_ranges  0x00000560       0xe0 build/stm32f1xx_hal_cortex.o
 .debug_ranges  0x00000640      0x3c0 build/stm32f1xx_hal_tim.o
 .debug_ranges  0x00000a00      0x158 build/stm32f1xx_hal_tim_ex.o
 .debug_ranges  0x00000b58      0x1c0 build/stm32f1xx_hal_uart.o
 .debug_ranges  0x00000d18       0x18 build/system_stm32f1xx.o
 .debug_ranges  0x00000d30       0xc0 build/oled_basic.o
 .debug_ranges  0x00000df0       0x60 build/oled_buffer.o
 .debug_ranges  0x00000e50       0x28 build/oled_color.o
 .debug_ranges  0x00000e78       0x28 build/oled_config.o
 .debug_ranges  0x00000ea0       0x38 build/oled_debug.o
 .debug_ranges  0x00000ed8      0x160 build/oled_draw.o
 .debug_ranges  0x00001038       0x50 build/oled_driver.o
 .debug_ranges  0x00001088       0x28 build/oled_font.o
 .debug_ranges  0x000010b0       0x20 build/startup_stm32f103xe.o

.debug_line     0x00000000    0x130bd
 .debug_line    0x00000000      0x363 build/main.o
 .debug_line    0x00000363      0x1d7 build/gpio.o
 .debug_line    0x0000053a      0x2e0 build/i2c.o
 .debug_line    0x0000081a      0x33c build/tim.o
 .debug_line    0x00000b56      0x2fa build/usart.o
 .debug_line    0x00000e50      0x2d1 build/stm32f1xx_it.o
 .debug_line    0x00001121      0x1a9 build/stm32f1xx_hal_msp.o
 .debug_line    0x000012ca     0x52cc build/stm32f1xx_hal_i2c.o
 .debug_line    0x00006596      0x4ec build/stm32f1xx_hal.o
 .debug_line    0x00006a82      0xc09 build/stm32f1xx_hal_rcc.o
 .debug_line    0x0000768b      0x5ff build/stm32f1xx_hal_gpio.o
 .debug_line    0x00007c8a      0x642 build/stm32f1xx_hal_cortex.o
 .debug_line    0x000082cc     0x4762 build/stm32f1xx_hal_tim.o
 .debug_line    0x0000ca2e     0x1cd4 build/stm32f1xx_hal_tim_ex.o
 .debug_line    0x0000e702     0x1bae build/stm32f1xx_hal_uart.o
 .debug_line    0x000102b0      0x25c build/system_stm32f1xx.o
 .debug_line    0x0001050c      0x7d4 build/oled_basic.o
 .debug_line    0x00010ce0      0x433 build/oled_buffer.o
 .debug_line    0x00011113       0xab build/oled_color.o
 .debug_line    0x000111be      0x1ec build/oled_config.o
 .debug_line    0x000113aa      0x443 build/oled_debug.o
 .debug_line    0x000117ed     0x145c build/oled_draw.o
 .debug_line    0x00012c49      0x353 build/oled_driver.o
 .debug_line    0x00012f9c       0xaf build/oled_font.o
 .debug_line    0x0001304b       0x72 build/startup_stm32f103xe.o

.debug_str      0x00000000     0x4c64
 .debug_str     0x00000000      0xca7 build/main.o
                                0xda5 (size before relaxing)
 .debug_str     0x00000ca7       0xcf build/gpio.o
                                0x35a (size before relaxing)
 .debug_str     0x00000d76       0x58 build/i2c.o
                                0x7ff (size before relaxing)
 .debug_str     0x00000dce      0x502 build/tim.o
                                0xccd (size before relaxing)
 .debug_str     0x000012d0       0x4e build/usart.o
                                0x73e (size before relaxing)
 .debug_str     0x0000131e       0xd7 build/stm32f1xx_it.o
                                0x7f0 (size before relaxing)
 .debug_str     0x000013f5       0x57 build/stm32f1xx_hal_msp.o
                                0x2fc (size before relaxing)
 .debug_str     0x0000144c      0x922 build/stm32f1xx_hal_i2c.o
                               0x1073 (size before relaxing)
 .debug_str     0x00001d6e      0x258 build/stm32f1xx_hal.o
                                0x954 (size before relaxing)
 .debug_str     0x00001fc6      0x1d1 build/stm32f1xx_hal_rcc.o
                                0x6bf (size before relaxing)
 .debug_str     0x00002197      0x104 build/stm32f1xx_hal_gpio.o
                                0x4dd (size before relaxing)
 .debug_str     0x0000229b      0x391 build/stm32f1xx_hal_cortex.o
                                0xa70 (size before relaxing)
 .debug_str     0x0000262c      0xe7d build/stm32f1xx_hal_tim.o
                               0x1715 (size before relaxing)
 .debug_str     0x000034a9      0x54a build/stm32f1xx_hal_tim_ex.o
                                0xf3f (size before relaxing)
 .debug_str     0x000039f3      0x532 build/stm32f1xx_hal_uart.o
                                0xc6d (size before relaxing)
 .debug_str     0x00003f25       0x4f build/system_stm32f1xx.o
                                0x2f3 (size before relaxing)
 .debug_str     0x00003f74      0x63d build/oled_basic.o
                                0x80f (size before relaxing)
 .debug_str     0x000045b1       0xf9 build/oled_buffer.o
                                0x6eb (size before relaxing)
 .debug_str     0x000046aa       0x67 build/oled_color.o
                                0x165 (size before relaxing)
 .debug_str     0x00004711       0x5c build/oled_config.o
                                0x302 (size before relaxing)
 .debug_str     0x0000476d       0xb3 build/oled_debug.o
                                0x641 (size before relaxing)
 .debug_str     0x00004820      0x361 build/oled_draw.o
                                0xa7f (size before relaxing)
 .debug_str     0x00004b81       0x56 build/oled_driver.o
                                0x77a (size before relaxing)
 .debug_str     0x00004bd7       0x69 build/oled_font.o
                                0x195 (size before relaxing)
 .debug_str     0x00004c40       0x24 build/startup_stm32f103xe.o
                                 0x50 (size before relaxing)

.comment        0x00000000       0x79
 .comment       0x00000000       0x79 build/main.o
                                 0x7a (size before relaxing)
 .comment       0x00000079       0x7a build/gpio.o
 .comment       0x00000079       0x7a build/i2c.o
 .comment       0x00000079       0x7a build/tim.o
 .comment       0x00000079       0x7a build/usart.o
 .comment       0x00000079       0x7a build/stm32f1xx_it.o
 .comment       0x00000079       0x7a build/stm32f1xx_hal_msp.o
 .comment       0x00000079       0x7a build/stm32f1xx_hal_i2c.o
 .comment       0x00000079       0x7a build/stm32f1xx_hal.o
 .comment       0x00000079       0x7a build/stm32f1xx_hal_rcc.o
 .comment       0x00000079       0x7a build/stm32f1xx_hal_gpio.o
 .comment       0x00000079       0x7a build/stm32f1xx_hal_cortex.o
 .comment       0x00000079       0x7a build/stm32f1xx_hal_tim.o
 .comment       0x00000079       0x7a build/stm32f1xx_hal_tim_ex.o
 .comment       0x00000079       0x7a build/stm32f1xx_hal_uart.o
 .comment       0x00000079       0x7a build/system_stm32f1xx.o
 .comment       0x00000079       0x7a build/oled_basic.o
 .comment       0x00000079       0x7a build/oled_buffer.o
 .comment       0x00000079       0x7a build/oled_color.o
 .comment       0x00000079       0x7a build/oled_config.o
 .comment       0x00000079       0x7a build/oled_debug.o
 .comment       0x00000079       0x7a build/oled_draw.o
 .comment       0x00000079       0x7a build/oled_driver.o
 .comment       0x00000079       0x7a build/oled_font.o

.debug_frame    0x00000000     0x36fc
 .debug_frame   0x00000000       0x60 build/main.o
 .debug_frame   0x00000060       0x34 build/gpio.o
 .debug_frame   0x00000094       0x6c build/i2c.o
 .debug_frame   0x00000100       0x84 build/tim.o
 .debug_frame   0x00000184       0x6c build/usart.o
 .debug_frame   0x000001f0       0xc8 build/stm32f1xx_it.o
 .debug_frame   0x000002b8       0x28 build/stm32f1xx_hal_msp.o
 .debug_frame   0x000002e0      0xabc build/stm32f1xx_hal_i2c.o
 .debug_frame   0x00000d9c      0x1e0 build/stm32f1xx_hal.o
 .debug_frame   0x00000f7c      0x1c0 build/stm32f1xx_hal_rcc.o
 .debug_frame   0x0000113c      0x104 build/stm32f1xx_hal_gpio.o
 .debug_frame   0x00001240      0x13c build/stm32f1xx_hal_cortex.o
 .debug_frame   0x0000137c      0xc68 build/stm32f1xx_hal_tim.o
 .debug_frame   0x00001fe4      0x498 build/stm32f1xx_hal_tim_ex.o
 .debug_frame   0x0000247c      0x570 build/stm32f1xx_hal_uart.o
 .debug_frame   0x000029ec       0x30 build/system_stm32f1xx.o
 .debug_frame   0x00002a1c      0x2fc build/oled_basic.o
 .debug_frame   0x00002d18      0x108 build/oled_buffer.o
 .debug_frame   0x00002e20       0x50 build/oled_color.o
 .debug_frame   0x00002e70       0x74 build/oled_config.o
 .debug_frame   0x00002ee4       0xd0 build/oled_debug.o
 .debug_frame   0x00002fb4      0x59c build/oled_draw.o
 .debug_frame   0x00003550      0x110 build/oled_driver.o
 .debug_frame   0x00003660       0x50 build/oled_font.o
 .debug_frame   0x000036b0       0x2c d:/work_project/9 2019-q4-major/bin/../lib/gcc/arm-none-eabi/9.2.1/../../../../arm-none-eabi/lib/thumb/v7-m/nofp\libc_nano.a(lib_a-init.o)
 .debug_frame   0x000036dc       0x20 d:/work_project/9 2019-q4-major/bin/../lib/gcc/arm-none-eabi/9.2.1/../../../../arm-none-eabi/lib/thumb/v7-m/nofp\libc_nano.a(lib_a-memset.o)

Cross Reference Table

Symbol                                            File
ADC1_2_IRQHandler                                 build/startup_stm32f103xe.o
ADC3_IRQHandler                                   build/startup_stm32f103xe.o
AHBPrescTable                                     build/system_stm32f1xx.o
                                                  build/stm32f1xx_hal_rcc.o
APBPrescTable                                     build/system_stm32f1xx.o
                                                  build/stm32f1xx_hal_rcc.o
BmpTest1                                          build/oled_bmp.o
                                                  build/test.o
BmpTest2                                          build/oled_bmp.o
                                                  build/test.o
BmpTest3                                          build/oled_bmp.o
                                                  build/test.o
BusFault_Handler                                  build/stm32f1xx_it.o
CAN1_RX1_IRQHandler                               build/startup_stm32f103xe.o
CAN1_SCE_IRQHandler                               build/startup_stm32f103xe.o
ClearScreen                                       build/oled_basic.o
                                                  build/oled_debug.o
                                                  build/test.o
ClearScreenBuffer                                 build/oled_buffer.o
                                                  build/oled_basic.o
ClearTempBuffer                                   build/oled_buffer.o
DMA1_Channel1_IRQHandler                          build/startup_stm32f103xe.o
DMA1_Channel2_IRQHandler                          build/startup_stm32f103xe.o
DMA1_Channel3_IRQHandler                          build/startup_stm32f103xe.o
DMA1_Channel4_IRQHandler                          build/startup_stm32f103xe.o
DMA1_Channel5_IRQHandler                          build/startup_stm32f103xe.o
DMA1_Channel6_IRQHandler                          build/startup_stm32f103xe.o
DMA1_Channel7_IRQHandler                          build/startup_stm32f103xe.o
DMA2_Channel1_IRQHandler                          build/startup_stm32f103xe.o
DMA2_Channel2_IRQHandler                          build/startup_stm32f103xe.o
DMA2_Channel3_IRQHandler                          build/startup_stm32f103xe.o
DMA2_Channel4_5_IRQHandler                        build/startup_stm32f103xe.o
DZTBGZ                                            build/oled_bmp.o
                                                  build/test.o
DebugMon_Handler                                  build/stm32f1xx_it.o
Default_Handler                                   build/startup_stm32f103xe.o
DrawArc                                           build/oled_draw.o
                                                  build/test.o
DrawBitmap                                        build/oled_draw.o
                                                  build/test.o
DrawChar                                          build/oled_draw.o
                                                  build/oled_debug.o
DrawCircle                                        build/oled_draw.o
                                                  build/test.o
DrawCircleHelper                                  build/oled_draw.o
DrawEllipse                                       build/oled_draw.o
                                                  build/test.o
DrawEllipseRect                                   build/oled_draw.o
DrawFastHLine                                     build/oled_draw.o
DrawFastVLine                                     build/oled_draw.o
DrawFillArc                                       build/oled_draw.o
DrawFillCircle                                    build/oled_draw.o
                                                  build/test.o
DrawFillCircleHelper                              build/oled_draw.o
DrawFillEllipse                                   build/oled_draw.o
                                                  build/test.o
DrawFillRect1                                     build/oled_draw.o
DrawFillRect2                                     build/oled_draw.o
                                                  build/test.o
DrawFillTriangle                                  build/oled_draw.o
                                                  build/test.o
DrawFps                                           build/oled_draw.o
DrawLine                                          build/oled_draw.o
                                                  build/test.o
DrawNum                                           build/oled_draw.o
DrawPixel                                         build/oled_draw.o
                                                  build/test.o
DrawPolyLineTo                                    build/oled_draw.o
DrawRect1                                         build/oled_draw.o
DrawRect2                                         build/oled_draw.o
                                                  build/test.o
DrawRoundRect                                     build/oled_draw.o
                                                  build/test.o
DrawSlowBitmap                                    build/oled_draw.o
DrawString                                        build/oled_draw.o
                                                  build/test.o
DrawTriangle                                      build/oled_draw.o
                                                  build/test.o
DrawfillRoundRect                                 build/oled_draw.o
                                                  build/test.o
DriverInit                                        build/oled_config.o
                                                  build/oled_basic.o
EXTI0_IRQHandler                                  build/startup_stm32f103xe.o
EXTI15_10_IRQHandler                              build/startup_stm32f103xe.o
EXTI1_IRQHandler                                  build/startup_stm32f103xe.o
EXTI2_IRQHandler                                  build/startup_stm32f103xe.o
EXTI3_IRQHandler                                  build/startup_stm32f103xe.o
EXTI4_IRQHandler                                  build/startup_stm32f103xe.o
EXTI9_5_IRQHandler                                build/startup_stm32f103xe.o
Error_Handler                                     build/main.o
                                                  build/usart.o
                                                  build/tim.o
                                                  build/i2c.o
F6x8                                              build/oled_font.o
F8X16                                             build/oled_font.o
FLASH_IRQHandler                                  build/startup_stm32f103xe.o
FLASH_PageErase                                   build/stm32f1xx_hal_flash_ex.o
                                                  build/stm32f1xx_hal_flash.o
FLASH_WaitForLastOperation                        build/stm32f1xx_hal_flash.o
                                                  build/stm32f1xx_hal_flash_ex.o
FSMC_IRQHandler                                   build/startup_stm32f103xe.o
FillByte                                          build/oled_basic.o
FillRect                                          build/oled_basic.o
                                                  build/oled_draw.o
FillVerticalLine                                  build/oled_basic.o
FloodFill                                         build/oled_basic.o
FloodFill2                                        build/oled_basic.o
FrameRateUpdateScreen                             build/oled_basic.o
                                                  build/test.o
GetDrawColor                                      build/oled_color.o
                                                  build/oled_draw.o
GetFillColor                                      build/oled_color.o
                                                  build/oled_draw.o
                                                  build/oled_basic.o
GetFontSize                                       build/oled_font.o
                                                  build/oled_draw.o
                                                  build/oled_debug.o
GetLengthDown                                     build/oled_basic.o
GetLengthUp                                       build/oled_basic.o
GetPixel                                          build/oled_draw.o
GetPointBuffer                                    build/oled_buffer.o
                                                  build/oled_draw.o
                                                  build/oled_basic.o
GetRotateXY                                       build/oled_basic.o
                                                  build/oled_draw.o
                                                  build/test.o
GetSelectedBuffer                                 build/oled_buffer.o
GetTextBgMode                                     build/oled_font.o
                                                  build/oled_draw.o
GetX                                              build/oled_draw.o
GetXY                                             build/oled_draw.o
GetY                                              build/oled_draw.o
HAL_DBGMCU_DisableDBGSleepMode                    build/stm32f1xx_hal.o
HAL_DBGMCU_DisableDBGStandbyMode                  build/stm32f1xx_hal.o
HAL_DBGMCU_DisableDBGStopMode                     build/stm32f1xx_hal.o
HAL_DBGMCU_EnableDBGSleepMode                     build/stm32f1xx_hal.o
HAL_DBGMCU_EnableDBGStandbyMode                   build/stm32f1xx_hal.o
HAL_DBGMCU_EnableDBGStopMode                      build/stm32f1xx_hal.o
HAL_DMA_Abort                                     build/stm32f1xx_hal_dma.o
                                                  build/stm32f1xx_hal_uart.o
HAL_DMA_Abort_IT                                  build/stm32f1xx_hal_dma.o
                                                  build/stm32f1xx_hal_uart.o
                                                  build/stm32f1xx_hal_tim_ex.o
                                                  build/stm32f1xx_hal_tim.o
                                                  build/stm32f1xx_hal_i2c.o
HAL_DMA_DeInit                                    build/stm32f1xx_hal_dma.o
HAL_DMA_GetError                                  build/stm32f1xx_hal_dma.o
                                                  build/stm32f1xx_hal_uart.o
HAL_DMA_GetState                                  build/stm32f1xx_hal_dma.o
                                                  build/stm32f1xx_hal_i2c.o
HAL_DMA_IRQHandler                                build/stm32f1xx_hal_dma.o
HAL_DMA_Init                                      build/stm32f1xx_hal_dma.o
HAL_DMA_PollForTransfer                           build/stm32f1xx_hal_dma.o
HAL_DMA_RegisterCallback                          build/stm32f1xx_hal_dma.o
HAL_DMA_Start                                     build/stm32f1xx_hal_dma.o
HAL_DMA_Start_IT                                  build/stm32f1xx_hal_dma.o
                                                  build/stm32f1xx_hal_uart.o
                                                  build/stm32f1xx_hal_tim_ex.o
                                                  build/stm32f1xx_hal_tim.o
                                                  build/stm32f1xx_hal_i2c.o
HAL_DMA_UnRegisterCallback                        build/stm32f1xx_hal_dma.o
HAL_DeInit                                        build/stm32f1xx_hal.o
HAL_Delay                                         build/stm32f1xx_hal.o
                                                  build/test.o
                                                  build/main.o
HAL_EXTI_ClearConfigLine                          build/stm32f1xx_hal_exti.o
HAL_EXTI_ClearPending                             build/stm32f1xx_hal_exti.o
HAL_EXTI_GenerateSWI                              build/stm32f1xx_hal_exti.o
HAL_EXTI_GetConfigLine                            build/stm32f1xx_hal_exti.o
HAL_EXTI_GetHandle                                build/stm32f1xx_hal_exti.o
HAL_EXTI_GetPending                               build/stm32f1xx_hal_exti.o
HAL_EXTI_IRQHandler                               build/stm32f1xx_hal_exti.o
HAL_EXTI_RegisterCallback                         build/stm32f1xx_hal_exti.o
HAL_EXTI_SetConfigLine                            build/stm32f1xx_hal_exti.o
HAL_FLASHEx_Erase                                 build/stm32f1xx_hal_flash_ex.o
HAL_FLASHEx_Erase_IT                              build/stm32f1xx_hal_flash_ex.o
HAL_FLASHEx_OBErase                               build/stm32f1xx_hal_flash_ex.o
HAL_FLASHEx_OBGetConfig                           build/stm32f1xx_hal_flash_ex.o
HAL_FLASHEx_OBGetUserData                         build/stm32f1xx_hal_flash_ex.o
HAL_FLASHEx_OBProgram                             build/stm32f1xx_hal_flash_ex.o
HAL_FLASH_EndOfOperationCallback                  build/stm32f1xx_hal_flash.o
HAL_FLASH_GetError                                build/stm32f1xx_hal_flash.o
HAL_FLASH_IRQHandler                              build/stm32f1xx_hal_flash.o
HAL_FLASH_Lock                                    build/stm32f1xx_hal_flash.o
HAL_FLASH_OB_Launch                               build/stm32f1xx_hal_flash.o
HAL_FLASH_OB_Lock                                 build/stm32f1xx_hal_flash.o
HAL_FLASH_OB_Unlock                               build/stm32f1xx_hal_flash.o
HAL_FLASH_OperationErrorCallback                  build/stm32f1xx_hal_flash.o
HAL_FLASH_Program                                 build/stm32f1xx_hal_flash.o
HAL_FLASH_Program_IT                              build/stm32f1xx_hal_flash.o
HAL_FLASH_Unlock                                  build/stm32f1xx_hal_flash.o
HAL_GPIOEx_ConfigEventout                         build/stm32f1xx_hal_gpio_ex.o
HAL_GPIOEx_DisableEventout                        build/stm32f1xx_hal_gpio_ex.o
HAL_GPIOEx_EnableEventout                         build/stm32f1xx_hal_gpio_ex.o
HAL_GPIO_DeInit                                   build/stm32f1xx_hal_gpio.o
                                                  build/usart.o
                                                  build/i2c.o
HAL_GPIO_EXTI_Callback                            build/stm32f1xx_hal_gpio.o
HAL_GPIO_EXTI_IRQHandler                          build/stm32f1xx_hal_gpio.o
HAL_GPIO_Init                                     build/stm32f1xx_hal_gpio.o
                                                  build/stm32f1xx_hal_rcc.o
                                                  build/usart.o
                                                  build/i2c.o
                                                  build/gpio.o
HAL_GPIO_LockPin                                  build/stm32f1xx_hal_gpio.o
HAL_GPIO_ReadPin                                  build/stm32f1xx_hal_gpio.o
HAL_GPIO_TogglePin                                build/stm32f1xx_hal_gpio.o
                                                  build/tim.o
HAL_GPIO_WritePin                                 build/stm32f1xx_hal_gpio.o
                                                  build/gpio.o
HAL_GetDEVID                                      build/stm32f1xx_hal.o
HAL_GetHalVersion                                 build/stm32f1xx_hal.o
HAL_GetREVID                                      build/stm32f1xx_hal.o
HAL_GetTick                                       build/stm32f1xx_hal.o
                                                  build/stm32f1xx_hal_uart.o
                                                  build/stm32f1xx_hal_flash.o
                                                  build/stm32f1xx_hal_dma.o
                                                  build/stm32f1xx_hal_rcc_ex.o
                                                  build/stm32f1xx_hal_rcc.o
                                                  build/stm32f1xx_hal_i2c.o
HAL_GetTickFreq                                   build/stm32f1xx_hal.o
HAL_GetTickPrio                                   build/stm32f1xx_hal.o
HAL_GetUIDw0                                      build/stm32f1xx_hal.o
HAL_GetUIDw1                                      build/stm32f1xx_hal.o
HAL_GetUIDw2                                      build/stm32f1xx_hal.o
HAL_HalfDuplex_EnableReceiver                     build/stm32f1xx_hal_uart.o
HAL_HalfDuplex_EnableTransmitter                  build/stm32f1xx_hal_uart.o
HAL_HalfDuplex_Init                               build/stm32f1xx_hal_uart.o
HAL_I2C_AbortCpltCallback                         build/stm32f1xx_hal_i2c.o
HAL_I2C_AddrCallback                              build/stm32f1xx_hal_i2c.o
HAL_I2C_DeInit                                    build/stm32f1xx_hal_i2c.o
HAL_I2C_DisableListen_IT                          build/stm32f1xx_hal_i2c.o
HAL_I2C_ER_IRQHandler                             build/stm32f1xx_hal_i2c.o
HAL_I2C_EV_IRQHandler                             build/stm32f1xx_hal_i2c.o
HAL_I2C_EnableListen_IT                           build/stm32f1xx_hal_i2c.o
HAL_I2C_ErrorCallback                             build/stm32f1xx_hal_i2c.o
HAL_I2C_GetError                                  build/stm32f1xx_hal_i2c.o
HAL_I2C_GetMode                                   build/stm32f1xx_hal_i2c.o
HAL_I2C_GetState                                  build/stm32f1xx_hal_i2c.o
HAL_I2C_Init                                      build/stm32f1xx_hal_i2c.o
                                                  build/i2c.o
HAL_I2C_IsDeviceReady                             build/stm32f1xx_hal_i2c.o
HAL_I2C_ListenCpltCallback                        build/stm32f1xx_hal_i2c.o
HAL_I2C_MasterRxCpltCallback                      build/stm32f1xx_hal_i2c.o
HAL_I2C_MasterTxCpltCallback                      build/stm32f1xx_hal_i2c.o
HAL_I2C_Master_Abort_IT                           build/stm32f1xx_hal_i2c.o
HAL_I2C_Master_Receive                            build/stm32f1xx_hal_i2c.o
HAL_I2C_Master_Receive_DMA                        build/stm32f1xx_hal_i2c.o
HAL_I2C_Master_Receive_IT                         build/stm32f1xx_hal_i2c.o
HAL_I2C_Master_Seq_Receive_DMA                    build/stm32f1xx_hal_i2c.o
HAL_I2C_Master_Seq_Receive_IT                     build/stm32f1xx_hal_i2c.o
HAL_I2C_Master_Seq_Transmit_DMA                   build/stm32f1xx_hal_i2c.o
HAL_I2C_Master_Seq_Transmit_IT                    build/stm32f1xx_hal_i2c.o
HAL_I2C_Master_Transmit                           build/stm32f1xx_hal_i2c.o
HAL_I2C_Master_Transmit_DMA                       build/stm32f1xx_hal_i2c.o
HAL_I2C_Master_Transmit_IT                        build/stm32f1xx_hal_i2c.o
HAL_I2C_MemRxCpltCallback                         build/stm32f1xx_hal_i2c.o
HAL_I2C_MemTxCpltCallback                         build/stm32f1xx_hal_i2c.o
HAL_I2C_Mem_Read                                  build/stm32f1xx_hal_i2c.o
HAL_I2C_Mem_Read_DMA                              build/stm32f1xx_hal_i2c.o
HAL_I2C_Mem_Read_IT                               build/stm32f1xx_hal_i2c.o
HAL_I2C_Mem_Write                                 build/stm32f1xx_hal_i2c.o
                                                  build/oled_driver.o
HAL_I2C_Mem_Write_DMA                             build/stm32f1xx_hal_i2c.o
HAL_I2C_Mem_Write_IT                              build/stm32f1xx_hal_i2c.o
HAL_I2C_MspDeInit                                 build/i2c.o
HAL_I2C_MspInit                                   build/i2c.o
HAL_I2C_SlaveRxCpltCallback                       build/stm32f1xx_hal_i2c.o
HAL_I2C_SlaveTxCpltCallback                       build/stm32f1xx_hal_i2c.o
HAL_I2C_Slave_Receive                             build/stm32f1xx_hal_i2c.o
HAL_I2C_Slave_Receive_DMA                         build/stm32f1xx_hal_i2c.o
HAL_I2C_Slave_Receive_IT                          build/stm32f1xx_hal_i2c.o
HAL_I2C_Slave_Seq_Receive_DMA                     build/stm32f1xx_hal_i2c.o
HAL_I2C_Slave_Seq_Receive_IT                      build/stm32f1xx_hal_i2c.o
HAL_I2C_Slave_Seq_Transmit_DMA                    build/stm32f1xx_hal_i2c.o
HAL_I2C_Slave_Seq_Transmit_IT                     build/stm32f1xx_hal_i2c.o
HAL_I2C_Slave_Transmit                            build/stm32f1xx_hal_i2c.o
HAL_I2C_Slave_Transmit_DMA                        build/stm32f1xx_hal_i2c.o
HAL_I2C_Slave_Transmit_IT                         build/stm32f1xx_hal_i2c.o
HAL_IncTick                                       build/stm32f1xx_hal.o
                                                  build/stm32f1xx_it.o
HAL_Init                                          build/stm32f1xx_hal.o
                                                  build/main.o
HAL_InitTick                                      build/stm32f1xx_hal.o
                                                  build/stm32f1xx_hal_rcc.o
HAL_LIN_Init                                      build/stm32f1xx_hal_uart.o
HAL_LIN_SendBreak                                 build/stm32f1xx_hal_uart.o
HAL_MspDeInit                                     build/stm32f1xx_hal.o
HAL_MspInit                                       build/stm32f1xx_hal_msp.o
HAL_MultiProcessor_EnterMuteMode                  build/stm32f1xx_hal_uart.o
HAL_MultiProcessor_ExitMuteMode                   build/stm32f1xx_hal_uart.o
HAL_MultiProcessor_Init                           build/stm32f1xx_hal_uart.o
HAL_NVIC_ClearPendingIRQ                          build/stm32f1xx_hal_cortex.o
HAL_NVIC_DisableIRQ                               build/stm32f1xx_hal_cortex.o
                                                  build/tim.o
HAL_NVIC_EnableIRQ                                build/stm32f1xx_hal_cortex.o
                                                  build/tim.o
HAL_NVIC_GetActive                                build/stm32f1xx_hal_cortex.o
HAL_NVIC_GetPendingIRQ                            build/stm32f1xx_hal_cortex.o
HAL_NVIC_GetPriority                              build/stm32f1xx_hal_cortex.o
HAL_NVIC_GetPriorityGrouping                      build/stm32f1xx_hal_cortex.o
HAL_NVIC_SetPendingIRQ                            build/stm32f1xx_hal_cortex.o
HAL_NVIC_SetPriority                              build/stm32f1xx_hal_cortex.o
                                                  build/stm32f1xx_hal.o
                                                  build/tim.o
HAL_NVIC_SetPriorityGrouping                      build/stm32f1xx_hal_cortex.o
                                                  build/stm32f1xx_hal.o
HAL_NVIC_SystemReset                              build/stm32f1xx_hal_cortex.o
                                                  build/stm32f1xx_hal_flash.o
HAL_PWR_ConfigPVD                                 build/stm32f1xx_hal_pwr.o
HAL_PWR_DeInit                                    build/stm32f1xx_hal_pwr.o
HAL_PWR_DisableBkUpAccess                         build/stm32f1xx_hal_pwr.o
HAL_PWR_DisablePVD                                build/stm32f1xx_hal_pwr.o
HAL_PWR_DisableSEVOnPend                          build/stm32f1xx_hal_pwr.o
HAL_PWR_DisableSleepOnExit                        build/stm32f1xx_hal_pwr.o
HAL_PWR_DisableWakeUpPin                          build/stm32f1xx_hal_pwr.o
HAL_PWR_EnableBkUpAccess                          build/stm32f1xx_hal_pwr.o
HAL_PWR_EnablePVD                                 build/stm32f1xx_hal_pwr.o
HAL_PWR_EnableSEVOnPend                           build/stm32f1xx_hal_pwr.o
HAL_PWR_EnableSleepOnExit                         build/stm32f1xx_hal_pwr.o
HAL_PWR_EnableWakeUpPin                           build/stm32f1xx_hal_pwr.o
HAL_PWR_EnterSLEEPMode                            build/stm32f1xx_hal_pwr.o
HAL_PWR_EnterSTANDBYMode                          build/stm32f1xx_hal_pwr.o
HAL_PWR_EnterSTOPMode                             build/stm32f1xx_hal_pwr.o
HAL_PWR_PVDCallback                               build/stm32f1xx_hal_pwr.o
HAL_PWR_PVD_IRQHandler                            build/stm32f1xx_hal_pwr.o
HAL_RCCEx_GetPeriphCLKConfig                      build/stm32f1xx_hal_rcc_ex.o
HAL_RCCEx_GetPeriphCLKFreq                        build/stm32f1xx_hal_rcc_ex.o
HAL_RCCEx_PeriphCLKConfig                         build/stm32f1xx_hal_rcc_ex.o
HAL_RCC_CSSCallback                               build/stm32f1xx_hal_rcc.o
HAL_RCC_ClockConfig                               build/stm32f1xx_hal_rcc.o
                                                  build/main.o
HAL_RCC_DeInit                                    build/stm32f1xx_hal_rcc.o
HAL_RCC_DisableCSS                                build/stm32f1xx_hal_rcc.o
HAL_RCC_EnableCSS                                 build/stm32f1xx_hal_rcc.o
HAL_RCC_GetClockConfig                            build/stm32f1xx_hal_rcc.o
HAL_RCC_GetHCLKFreq                               build/stm32f1xx_hal_rcc.o
HAL_RCC_GetOscConfig                              build/stm32f1xx_hal_rcc.o
HAL_RCC_GetPCLK1Freq                              build/stm32f1xx_hal_rcc.o
                                                  build/stm32f1xx_hal_uart.o
                                                  build/stm32f1xx_hal_i2c.o
HAL_RCC_GetPCLK2Freq                              build/stm32f1xx_hal_rcc.o
                                                  build/stm32f1xx_hal_uart.o
                                                  build/stm32f1xx_hal_rcc_ex.o
HAL_RCC_GetSysClockFreq                           build/stm32f1xx_hal_rcc.o
                                                  build/stm32f1xx_hal_rcc_ex.o
HAL_RCC_MCOConfig                                 build/stm32f1xx_hal_rcc.o
HAL_RCC_NMI_IRQHandler                            build/stm32f1xx_hal_rcc.o
HAL_RCC_OscConfig                                 build/stm32f1xx_hal_rcc.o
                                                  build/main.o
HAL_ResumeTick                                    build/stm32f1xx_hal.o
HAL_SYSTICK_CLKSourceConfig                       build/stm32f1xx_hal_cortex.o
HAL_SYSTICK_Callback                              build/stm32f1xx_hal_cortex.o
HAL_SYSTICK_Config                                build/stm32f1xx_hal_cortex.o
                                                  build/stm32f1xx_hal.o
HAL_SYSTICK_IRQHandler                            build/stm32f1xx_hal_cortex.o
HAL_SetTickFreq                                   build/stm32f1xx_hal.o
HAL_SuspendTick                                   build/stm32f1xx_hal.o
HAL_TIMEx_BreakCallback                           build/stm32f1xx_hal_tim_ex.o
                                                  build/stm32f1xx_hal_tim.o
HAL_TIMEx_CommutCallback                          build/stm32f1xx_hal_tim_ex.o
                                                  build/stm32f1xx_hal_tim.o
HAL_TIMEx_CommutHalfCpltCallback                  build/stm32f1xx_hal_tim_ex.o
HAL_TIMEx_ConfigBreakDeadTime                     build/stm32f1xx_hal_tim_ex.o
HAL_TIMEx_ConfigCommutEvent                       build/stm32f1xx_hal_tim_ex.o
HAL_TIMEx_ConfigCommutEvent_DMA                   build/stm32f1xx_hal_tim_ex.o
HAL_TIMEx_ConfigCommutEvent_IT                    build/stm32f1xx_hal_tim_ex.o
HAL_TIMEx_GetChannelNState                        build/stm32f1xx_hal_tim_ex.o
HAL_TIMEx_HallSensor_DeInit                       build/stm32f1xx_hal_tim_ex.o
HAL_TIMEx_HallSensor_GetState                     build/stm32f1xx_hal_tim_ex.o
HAL_TIMEx_HallSensor_Init                         build/stm32f1xx_hal_tim_ex.o
HAL_TIMEx_HallSensor_MspDeInit                    build/stm32f1xx_hal_tim_ex.o
HAL_TIMEx_HallSensor_MspInit                      build/stm32f1xx_hal_tim_ex.o
HAL_TIMEx_HallSensor_Start                        build/stm32f1xx_hal_tim_ex.o
HAL_TIMEx_HallSensor_Start_DMA                    build/stm32f1xx_hal_tim_ex.o
HAL_TIMEx_HallSensor_Start_IT                     build/stm32f1xx_hal_tim_ex.o
HAL_TIMEx_HallSensor_Stop                         build/stm32f1xx_hal_tim_ex.o
HAL_TIMEx_HallSensor_Stop_DMA                     build/stm32f1xx_hal_tim_ex.o
HAL_TIMEx_HallSensor_Stop_IT                      build/stm32f1xx_hal_tim_ex.o
HAL_TIMEx_MasterConfigSynchronization             build/stm32f1xx_hal_tim_ex.o
                                                  build/tim.o
HAL_TIMEx_OCN_Start                               build/stm32f1xx_hal_tim_ex.o
HAL_TIMEx_OCN_Start_DMA                           build/stm32f1xx_hal_tim_ex.o
HAL_TIMEx_OCN_Start_IT                            build/stm32f1xx_hal_tim_ex.o
HAL_TIMEx_OCN_Stop                                build/stm32f1xx_hal_tim_ex.o
HAL_TIMEx_OCN_Stop_DMA                            build/stm32f1xx_hal_tim_ex.o
HAL_TIMEx_OCN_Stop_IT                             build/stm32f1xx_hal_tim_ex.o
HAL_TIMEx_OnePulseN_Start                         build/stm32f1xx_hal_tim_ex.o
HAL_TIMEx_OnePulseN_Start_IT                      build/stm32f1xx_hal_tim_ex.o
HAL_TIMEx_OnePulseN_Stop                          build/stm32f1xx_hal_tim_ex.o
HAL_TIMEx_OnePulseN_Stop_IT                       build/stm32f1xx_hal_tim_ex.o
HAL_TIMEx_PWMN_Start                              build/stm32f1xx_hal_tim_ex.o
HAL_TIMEx_PWMN_Start_DMA                          build/stm32f1xx_hal_tim_ex.o
HAL_TIMEx_PWMN_Start_IT                           build/stm32f1xx_hal_tim_ex.o
HAL_TIMEx_PWMN_Stop                               build/stm32f1xx_hal_tim_ex.o
HAL_TIMEx_PWMN_Stop_DMA                           build/stm32f1xx_hal_tim_ex.o
HAL_TIMEx_PWMN_Stop_IT                            build/stm32f1xx_hal_tim_ex.o
HAL_TIMEx_RemapConfig                             build/stm32f1xx_hal_tim_ex.o
HAL_TIM_Base_DeInit                               build/stm32f1xx_hal_tim.o
HAL_TIM_Base_GetState                             build/stm32f1xx_hal_tim.o
HAL_TIM_Base_Init                                 build/stm32f1xx_hal_tim.o
                                                  build/tim.o
HAL_TIM_Base_MspDeInit                            build/tim.o
HAL_TIM_Base_MspInit                              build/tim.o
HAL_TIM_Base_Start                                build/stm32f1xx_hal_tim.o
HAL_TIM_Base_Start_DMA                            build/stm32f1xx_hal_tim.o
HAL_TIM_Base_Start_IT                             build/stm32f1xx_hal_tim.o
                                                  build/main.o
HAL_TIM_Base_Stop                                 build/stm32f1xx_hal_tim.o
HAL_TIM_Base_Stop_DMA                             build/stm32f1xx_hal_tim.o
HAL_TIM_Base_Stop_IT                              build/stm32f1xx_hal_tim.o
HAL_TIM_ConfigClockSource                         build/stm32f1xx_hal_tim.o
HAL_TIM_ConfigOCrefClear                          build/stm32f1xx_hal_tim.o
HAL_TIM_ConfigTI1Input                            build/stm32f1xx_hal_tim.o
HAL_TIM_DMABurstState                             build/stm32f1xx_hal_tim.o
HAL_TIM_DMABurst_MultiReadStart                   build/stm32f1xx_hal_tim.o
HAL_TIM_DMABurst_MultiWriteStart                  build/stm32f1xx_hal_tim.o
HAL_TIM_DMABurst_ReadStart                        build/stm32f1xx_hal_tim.o
HAL_TIM_DMABurst_ReadStop                         build/stm32f1xx_hal_tim.o
HAL_TIM_DMABurst_WriteStart                       build/stm32f1xx_hal_tim.o
HAL_TIM_DMABurst_WriteStop                        build/stm32f1xx_hal_tim.o
HAL_TIM_Encoder_DeInit                            build/stm32f1xx_hal_tim.o
HAL_TIM_Encoder_GetState                          build/stm32f1xx_hal_tim.o
HAL_TIM_Encoder_Init                              build/stm32f1xx_hal_tim.o
HAL_TIM_Encoder_MspDeInit                         build/stm32f1xx_hal_tim.o
HAL_TIM_Encoder_MspInit                           build/stm32f1xx_hal_tim.o
HAL_TIM_Encoder_Start                             build/stm32f1xx_hal_tim.o
HAL_TIM_Encoder_Start_DMA                         build/stm32f1xx_hal_tim.o
HAL_TIM_Encoder_Start_IT                          build/stm32f1xx_hal_tim.o
HAL_TIM_Encoder_Stop                              build/stm32f1xx_hal_tim.o
HAL_TIM_Encoder_Stop_DMA                          build/stm32f1xx_hal_tim.o
HAL_TIM_Encoder_Stop_IT                           build/stm32f1xx_hal_tim.o
HAL_TIM_ErrorCallback                             build/stm32f1xx_hal_tim.o
                                                  build/stm32f1xx_hal_tim_ex.o
HAL_TIM_GenerateEvent                             build/stm32f1xx_hal_tim.o
HAL_TIM_GetActiveChannel                          build/stm32f1xx_hal_tim.o
HAL_TIM_GetChannelState                           build/stm32f1xx_hal_tim.o
HAL_TIM_IC_CaptureCallback                        build/stm32f1xx_hal_tim.o
HAL_TIM_IC_CaptureHalfCpltCallback                build/stm32f1xx_hal_tim.o
HAL_TIM_IC_ConfigChannel                          build/stm32f1xx_hal_tim.o
HAL_TIM_IC_DeInit                                 build/stm32f1xx_hal_tim.o
HAL_TIM_IC_GetState                               build/stm32f1xx_hal_tim.o
HAL_TIM_IC_Init                                   build/stm32f1xx_hal_tim.o
HAL_TIM_IC_MspDeInit                              build/stm32f1xx_hal_tim.o
HAL_TIM_IC_MspInit                                build/stm32f1xx_hal_tim.o
HAL_TIM_IC_Start                                  build/stm32f1xx_hal_tim.o
HAL_TIM_IC_Start_DMA                              build/stm32f1xx_hal_tim.o
HAL_TIM_IC_Start_IT                               build/stm32f1xx_hal_tim.o
HAL_TIM_IC_Stop                                   build/stm32f1xx_hal_tim.o
HAL_TIM_IC_Stop_DMA                               build/stm32f1xx_hal_tim.o
HAL_TIM_IC_Stop_IT                                build/stm32f1xx_hal_tim.o
HAL_TIM_IRQHandler                                build/stm32f1xx_hal_tim.o
                                                  build/stm32f1xx_it.o
HAL_TIM_OC_ConfigChannel                          build/stm32f1xx_hal_tim.o
HAL_TIM_OC_DeInit                                 build/stm32f1xx_hal_tim.o
HAL_TIM_OC_DelayElapsedCallback                   build/stm32f1xx_hal_tim.o
HAL_TIM_OC_GetState                               build/stm32f1xx_hal_tim.o
HAL_TIM_OC_Init                                   build/stm32f1xx_hal_tim.o
HAL_TIM_OC_MspDeInit                              build/stm32f1xx_hal_tim.o
HAL_TIM_OC_MspInit                                build/stm32f1xx_hal_tim.o
HAL_TIM_OC_Start                                  build/stm32f1xx_hal_tim.o
HAL_TIM_OC_Start_DMA                              build/stm32f1xx_hal_tim.o
HAL_TIM_OC_Start_IT                               build/stm32f1xx_hal_tim.o
HAL_TIM_OC_Stop                                   build/stm32f1xx_hal_tim.o
HAL_TIM_OC_Stop_DMA                               build/stm32f1xx_hal_tim.o
HAL_TIM_OC_Stop_IT                                build/stm32f1xx_hal_tim.o
HAL_TIM_OnePulse_ConfigChannel                    build/stm32f1xx_hal_tim.o
HAL_TIM_OnePulse_DeInit                           build/stm32f1xx_hal_tim.o
HAL_TIM_OnePulse_GetState                         build/stm32f1xx_hal_tim.o
HAL_TIM_OnePulse_Init                             build/stm32f1xx_hal_tim.o
HAL_TIM_OnePulse_MspDeInit                        build/stm32f1xx_hal_tim.o
HAL_TIM_OnePulse_MspInit                          build/stm32f1xx_hal_tim.o
HAL_TIM_OnePulse_Start                            build/stm32f1xx_hal_tim.o
HAL_TIM_OnePulse_Start_IT                         build/stm32f1xx_hal_tim.o
HAL_TIM_OnePulse_Stop                             build/stm32f1xx_hal_tim.o
HAL_TIM_OnePulse_Stop_IT                          build/stm32f1xx_hal_tim.o
HAL_TIM_PWM_ConfigChannel                         build/stm32f1xx_hal_tim.o
HAL_TIM_PWM_DeInit                                build/stm32f1xx_hal_tim.o
HAL_TIM_PWM_GetState                              build/stm32f1xx_hal_tim.o
HAL_TIM_PWM_Init                                  build/stm32f1xx_hal_tim.o
HAL_TIM_PWM_MspDeInit                             build/stm32f1xx_hal_tim.o
HAL_TIM_PWM_MspInit                               build/stm32f1xx_hal_tim.o
HAL_TIM_PWM_PulseFinishedCallback                 build/stm32f1xx_hal_tim.o
                                                  build/stm32f1xx_hal_tim_ex.o
HAL_TIM_PWM_PulseFinishedHalfCpltCallback         build/stm32f1xx_hal_tim.o
HAL_TIM_PWM_Start                                 build/stm32f1xx_hal_tim.o
HAL_TIM_PWM_Start_DMA                             build/stm32f1xx_hal_tim.o
HAL_TIM_PWM_Start_IT                              build/stm32f1xx_hal_tim.o
HAL_TIM_PWM_Stop                                  build/stm32f1xx_hal_tim.o
HAL_TIM_PWM_Stop_DMA                              build/stm32f1xx_hal_tim.o
HAL_TIM_PWM_Stop_IT                               build/stm32f1xx_hal_tim.o
HAL_TIM_PeriodElapsedCallback                     build/tim.o
HAL_TIM_PeriodElapsedHalfCpltCallback             build/stm32f1xx_hal_tim.o
HAL_TIM_ReadCapturedValue                         build/stm32f1xx_hal_tim.o
HAL_TIM_SlaveConfigSynchro                        build/stm32f1xx_hal_tim.o
HAL_TIM_SlaveConfigSynchro_IT                     build/stm32f1xx_hal_tim.o
HAL_TIM_TriggerCallback                           build/stm32f1xx_hal_tim.o
HAL_TIM_TriggerHalfCpltCallback                   build/stm32f1xx_hal_tim.o
HAL_UART_Abort                                    build/stm32f1xx_hal_uart.o
HAL_UART_AbortCpltCallback                        build/stm32f1xx_hal_uart.o
HAL_UART_AbortReceive                             build/stm32f1xx_hal_uart.o
HAL_UART_AbortReceiveCpltCallback                 build/stm32f1xx_hal_uart.o
HAL_UART_AbortReceive_IT                          build/stm32f1xx_hal_uart.o
HAL_UART_AbortTransmit                            build/stm32f1xx_hal_uart.o
HAL_UART_AbortTransmitCpltCallback                build/stm32f1xx_hal_uart.o
HAL_UART_AbortTransmit_IT                         build/stm32f1xx_hal_uart.o
HAL_UART_Abort_IT                                 build/stm32f1xx_hal_uart.o
HAL_UART_DMAPause                                 build/stm32f1xx_hal_uart.o
HAL_UART_DMAResume                                build/stm32f1xx_hal_uart.o
HAL_UART_DMAStop                                  build/stm32f1xx_hal_uart.o
HAL_UART_DeInit                                   build/stm32f1xx_hal_uart.o
HAL_UART_ErrorCallback                            build/stm32f1xx_hal_uart.o
HAL_UART_GetError                                 build/stm32f1xx_hal_uart.o
HAL_UART_GetState                                 build/stm32f1xx_hal_uart.o
HAL_UART_IRQHandler                               build/stm32f1xx_hal_uart.o
HAL_UART_Init                                     build/stm32f1xx_hal_uart.o
                                                  build/usart.o
HAL_UART_MspDeInit                                build/usart.o
HAL_UART_MspInit                                  build/usart.o
HAL_UART_Receive                                  build/stm32f1xx_hal_uart.o
HAL_UART_Receive_DMA                              build/stm32f1xx_hal_uart.o
HAL_UART_Receive_IT                               build/stm32f1xx_hal_uart.o
HAL_UART_RxCpltCallback                           build/stm32f1xx_hal_uart.o
HAL_UART_RxHalfCpltCallback                       build/stm32f1xx_hal_uart.o
HAL_UART_Transmit                                 build/stm32f1xx_hal_uart.o
                                                  build/usart_debug.o
HAL_UART_Transmit_DMA                             build/stm32f1xx_hal_uart.o
HAL_UART_Transmit_IT                              build/stm32f1xx_hal_uart.o
HAL_UART_TxCpltCallback                           build/stm32f1xx_hal_uart.o
HAL_UART_TxHalfCpltCallback                       build/stm32f1xx_hal_uart.o
HardFault_Handler                                 build/stm32f1xx_it.o
I2C1_ER_IRQHandler                                build/startup_stm32f103xe.o
I2C1_EV_IRQHandler                                build/startup_stm32f103xe.o
I2C2_ER_IRQHandler                                build/startup_stm32f103xe.o
I2C2_EV_IRQHandler                                build/startup_stm32f103xe.o
I2C_Configuration                                 build/oled_driver.o
                                                  build/oled_config.o
I2C_WriteByte                                     build/oled_driver.o
InitGraph                                         build/oled_basic.o
                                                  build/main.o
LineTo                                            build/oled_draw.o
MX_GPIO_Init                                      build/gpio.o
                                                  build/main.o
MX_I2C1_Init                                      build/i2c.o
                                                  build/oled_driver.o
                                                  build/main.o
MX_TIM6_Init                                      build/tim.o
                                                  build/main.o
MX_USART1_UART_Init                               build/usart.o
                                                  build/main.o
MemManage_Handler                                 build/stm32f1xx_it.o
MoveTo                                            build/oled_draw.o
NMI_Handler                                       build/stm32f1xx_it.o
OLED_CLS                                          build/oled_driver.o
OLED_FILL                                         build/oled_driver.o
                                                  build/oled_config.o
OLED_Init                                         build/oled_driver.o
                                                  build/oled_config.o
OLED_OFF                                          build/oled_driver.o
OLED_ON                                           build/oled_driver.o
OledPrintf                                        build/oled_debug.o
                                                  build/main.o
OledTimeMs                                        build/oled_config.o
                                                  build/oled_basic.o
OledTimeMsFunc                                    build/oled_config.o
PVD_IRQHandler                                    build/startup_stm32f103xe.o
PendSV_Handler                                    build/stm32f1xx_it.o
RCC_IRQHandler                                    build/startup_stm32f103xe.o
RTC_Alarm_IRQHandler                              build/startup_stm32f103xe.o
RTC_IRQHandler                                    build/startup_stm32f103xe.o
ReadByteBuffer                                    build/oled_buffer.o
                                                  build/oled_draw.o
                                                  build/oled_basic.o
Reset_Handler                                     build/startup_stm32f103xe.o
SDIO_IRQHandler                                   build/startup_stm32f103xe.o
SPI1_IRQHandler                                   build/startup_stm32f103xe.o
SPI2_IRQHandler                                   build/startup_stm32f103xe.o
SPI3_IRQHandler                                   build/startup_stm32f103xe.o
SVC_Handler                                       build/stm32f1xx_it.o
ScreenBuffer                                      build/oled_buffer.o
                                                  build/oled_config.o
SetAnggleDir                                      build/oled_basic.o
                                                  build/oled_draw.o
SetAngle                                          build/oled_basic.o
                                                  build/oled_draw.o
                                                  build/test.o
SetCursor                                         build/oled_debug.o
SetDrawColor                                      build/oled_color.o
                                                  build/oled_draw.o
                                                  build/test.o
SetFillcolor                                      build/oled_color.o
                                                  build/test.o
SetFontSize                                       build/oled_font.o
                                                  build/oled_debug.o
                                                  build/test.o
SetPointBuffer                                    build/oled_buffer.o
                                                  build/oled_draw.o
                                                  build/oled_basic.o
SetRotateCenter                                   build/oled_basic.o
                                                  build/oled_draw.o
                                                  build/test.o
SetRotateValue                                    build/oled_basic.o
SetScreenBuffer                                   build/oled_buffer.o
SetTempBuffer                                     build/oled_buffer.o
SetTextBkMode                                     build/oled_font.o
SetTextWrap                                       build/oled_debug.o
ShowSnow                                          build/test.o
ShowStars                                         build/test.o
ShowTest                                          build/test.o
ShowWave                                          build/test.o
SysTick_Handler                                   build/stm32f1xx_it.o
SystemClock_Config                                build/main.o
SystemCoreClock                                   build/system_stm32f1xx.o
                                                  build/stm32f1xx_hal_rcc.o
                                                  build/stm32f1xx_hal.o
                                                  build/stm32f1xx_hal_i2c.o
SystemCoreClockUpdate                             build/system_stm32f1xx.o
SystemInit                                        build/system_stm32f1xx.o
                                                  build/startup_stm32f103xe.o
TAMPER_IRQHandler                                 build/startup_stm32f103xe.o
TIM1_BRK_IRQHandler                               build/startup_stm32f103xe.o
TIM1_CC_IRQHandler                                build/startup_stm32f103xe.o
TIM1_TRG_COM_IRQHandler                           build/startup_stm32f103xe.o
TIM1_UP_IRQHandler                                build/startup_stm32f103xe.o
TIM2_IRQHandler                                   build/startup_stm32f103xe.o
TIM3_IRQHandler                                   build/startup_stm32f103xe.o
TIM4_IRQHandler                                   build/startup_stm32f103xe.o
TIM5_IRQHandler                                   build/startup_stm32f103xe.o
TIM6_IRQHandler                                   build/stm32f1xx_it.o
TIM7_IRQHandler                                   build/startup_stm32f103xe.o
TIM8_BRK_IRQHandler                               build/startup_stm32f103xe.o
TIM8_CC_IRQHandler                                build/startup_stm32f103xe.o
TIM8_TRG_COM_IRQHandler                           build/startup_stm32f103xe.o
TIM8_UP_IRQHandler                                build/startup_stm32f103xe.o
TIMEx_DMACommutationCplt                          build/stm32f1xx_hal_tim_ex.o
                                                  build/stm32f1xx_hal_tim.o
TIMEx_DMACommutationHalfCplt                      build/stm32f1xx_hal_tim_ex.o
                                                  build/stm32f1xx_hal_tim.o
TIM_Base_SetConfig                                build/stm32f1xx_hal_tim.o
                                                  build/stm32f1xx_hal_tim_ex.o
TIM_CCxChannelCmd                                 build/stm32f1xx_hal_tim.o