Archive member included to satisfy reference by file (symbol)

d:/work_project/9 2019-q4-major/bin/../lib/gcc/arm-none-eabi/9.2.1/../../../../arm-none-eabi/lib/thumb/v7-m/nofp\libc_nano.a(lib_a-exit.o)
                              d:/work_project/9 2019-q4-major/bin/../lib/gcc/arm-none-eabi/9.2.1/../../../../arm-none-eabi/lib/thumb/v7-m/nofp/crt0.o (exit)
d:/work_project/9 2019-q4-major/bin/../lib/gcc/arm-none-eabi/9.2.1/../../../../arm-none-eabi/lib/thumb/v7-m/nofp\libc_nano.a(lib_a-impure.o)
                              d:/work_project/9 2019-q4-major/bin/../lib/gcc/arm-none-eabi/9.2.1/../../../../arm-none-eabi/lib/thumb/v7-m/nofp\libc_nano.a(lib_a-exit.o) (_global_impure_ptr)
d:/work_project/9 2019-q4-major/bin/../lib/gcc/arm-none-eabi/9.2.1/../../../../arm-none-eabi/lib/thumb/v7-m/nofp\libc_nano.a(lib_a-init.o)
                              d:/work_project/9 2019-q4-major/bin/../lib/gcc/arm-none-eabi/9.2.1/../../../../arm-none-eabi/lib/thumb/v7-m/nofp/crt0.o (__libc_init_array)
d:/work_project/9 2019-q4-major/bin/../lib/gcc/arm-none-eabi/9.2.1/../../../../arm-none-eabi/lib/thumb/v7-m/nofp\libc_nano.a(lib_a-memset.o)
                              d:/work_project/9 2019-q4-major/bin/../lib/gcc/arm-none-eabi/9.2.1/../../../../arm-none-eabi/lib/thumb/v7-m/nofp/crt0.o (memset)
d:/work_project/9 2019-q4-major/bin/../lib/gcc/arm-none-eabi/9.2.1/../../../../arm-none-eabi/lib/thumb/v7-m/nofp\libnosys.a(_exit.o)
                              d:/work_project/9 2019-q4-major/bin/../lib/gcc/arm-none-eabi/9.2.1/../../../../arm-none-eabi/lib/thumb/v7-m/nofp\libc_nano.a(lib_a-exit.o) (_exit)

Allocating common symbols
Common symbol       size              file

hi2c1               0x54              build/i2c.o
pFlash              0x20              build/stm32f1xx_hal_flash.o
u8g2_pg             0x4c              build/u8g2_polygon.o
uwTick              0x4               build/stm32f1xx_hal.o
huart1              0x40              build/usart.o
htim6               0x48              build/tim.o

Discarded input sections

 .text          0x00000000        0x0 d:/work_project/9 2019-q4-major/bin/../lib/gcc/arm-none-eabi/9.2.1/thumb/v7-m/nofp/crti.o
 .data          0x00000000        0x0 d:/work_project/9 2019-q4-major/bin/../lib/gcc/arm-none-eabi/9.2.1/thumb/v7-m/nofp/crti.o
 .bss           0x00000000        0x0 d:/work_project/9 2019-q4-major/bin/../lib/gcc/arm-none-eabi/9.2.1/thumb/v7-m/nofp/crti.o
 .data          0x00000000        0x4 d:/work_project/9 2019-q4-major/bin/../lib/gcc/arm-none-eabi/9.2.1/thumb/v7-m/nofp/crtbegin.o
 .text          0x00000000       0x74 d:/work_project/9 2019-q4-major/bin/../lib/gcc/arm-none-eabi/9.2.1/../../../../arm-none-eabi/lib/thumb/v7-m/nofp/crt0.o
 .data          0x00000000        0x0 d:/work_project/9 2019-q4-major/bin/../lib/gcc/arm-none-eabi/9.2.1/../../../../arm-none-eabi/lib/thumb/v7-m/nofp/crt0.o
 .bss           0x00000000        0x0 d:/work_project/9 2019-q4-major/bin/../lib/gcc/arm-none-eabi/9.2.1/../../../../arm-none-eabi/lib/thumb/v7-m/nofp/crt0.o
 .ARM.extab     0x00000000        0x0 d:/work_project/9 2019-q4-major/bin/../lib/gcc/arm-none-eabi/9.2.1/../../../../arm-none-eabi/lib/thumb/v7-m/nofp/crt0.o
 .ARM.exidx     0x00000000        0x8 d:/work_project/9 2019-q4-major/bin/../lib/gcc/arm-none-eabi/9.2.1/../../../../arm-none-eabi/lib/thumb/v7-m/nofp/crt0.o
 .ARM.attributes
                0x00000000       0x1b d:/work_project/9 2019-q4-major/bin/../lib/gcc/arm-none-eabi/9.2.1/../../../../arm-none-eabi/lib/thumb/v7-m/nofp/crt0.o
 .text          0x00000000        0x0 build/main.o
 .data          0x00000000        0x0 build/main.o
 .bss           0x00000000        0x0 build/main.o
 .text          0x00000000        0x0 build/gpio.o
 .data          0x00000000        0x0 build/gpio.o
 .bss           0x00000000        0x0 build/gpio.o
 .text          0x00000000        0x0 build/i2c.o
 .data          0x00000000        0x0 build/i2c.o
 .bss           0x00000000        0x0 build/i2c.o
 .text.HAL_I2C_MspDeInit
                0x00000000       0x2c build/i2c.o
 .text          0x00000000        0x0 build/sys.o
 .data          0x00000000        0x0 build/sys.o
 .bss           0x00000000        0x0 build/sys.o
 .text.MX_SYS_Init
                0x00000000       0x14 build/sys.o
 .debug_info    0x00000000      0x240 build/sys.o
 .debug_abbrev  0x00000000      0x103 build/sys.o
 .debug_loc     0x00000000       0x15 build/sys.o
 .debug_aranges
                0x00000000       0x20 build/sys.o
 .debug_ranges  0x00000000       0x10 build/sys.o
 .debug_line    0x00000000      0x18e build/sys.o
 .debug_str     0x00000000      0x2a6 build/sys.o
 .comment       0x00000000       0x7a build/sys.o
 .debug_frame   0x00000000       0x20 build/sys.o
 .ARM.attributes
                0x00000000       0x2d build/sys.o
 .text          0x00000000        0x0 build/tim.o
 .data          0x00000000        0x0 build/tim.o
[...]
Memory Configuration

Name             Origin             Length             Attributes
RAM              0x20000000         0x00010000         xrw
FLASH            0x08000000         0x00080000         xr
*default*        0x00000000         0xffffffff

Linker script and memory map

LOAD d:/work_project/9 2019-q4-major/bin/../lib/gcc/arm-none-eabi/9.2.1/thumb/v7-m/nofp/crti.o
LOAD d:/work_project/9 2019-q4-major/bin/../lib/gcc/arm-none-eabi/9.2.1/thumb/v7-m/nofp/crtbegin.o
LOAD d:/work_project/9 2019-q4-major/bin/../lib/gcc/arm-none-eabi/9.2.1/../../../../arm-none-eabi/lib/thumb/v7-m/nofp/crt0.o
LOAD build/main.o
LOAD build/gpio.o
LOAD build/i2c.o
LOAD build/sys.o
LOAD build/tim.o
LOAD build/usart_debug.o
LOAD build/usart.o
LOAD build/oled_init.o
LOAD build/stm32f1xx_it.o
LOAD build/stm32f1xx_hal_msp.o
LOAD build/stm32f1xx_hal_gpio_ex.o
LOAD build/stm32f1xx_hal_i2c.o
LOAD build/stm32f1xx_hal.o
LOAD build/stm32f1xx_hal_rcc.o
LOAD build/stm32f1xx_hal_rcc_ex.o
LOAD build/stm32f1xx_hal_gpio.o
LOAD build/stm32f1xx_hal_dma.o
LOAD build/stm32f1xx_hal_cortex.o
LOAD build/stm32f1xx_hal_pwr.o
LOAD build/stm32f1xx_hal_flash.o
LOAD build/stm32f1xx_hal_flash_ex.o
LOAD build/stm32f1xx_hal_exti.o
LOAD build/stm32f1xx_hal_tim.o
LOAD build/stm32f1xx_hal_tim_ex.o
LOAD build/stm32f1xx_hal_uart.o
LOAD build/system_stm32f1xx.o
LOAD build/u8g2_bitmap.o
LOAD build/u8g2_box.o
LOAD build/u8g2_buffer.o
LOAD build/u8g2_circle.o
LOAD build/u8g2_cleardisplay.o
LOAD build/u8g2_d_memory.o
LOAD build/u8g2_d_setup.o
LOAD build/u8g2_font.o
LOAD build/u8g2_fonts.o
LOAD build/u8g2_hvline.o
LOAD build/u8g2_input_value.o
LOAD build/u8g2_intersection.o
LOAD build/u8g2_kerning.o
LOAD build/u8g2_line.o
LOAD build/u8g2_ll_hvline.o
LOAD build/u8g2_message.o
LOAD build/u8g2_polygon.o
LOAD build/u8g2_selection_list.o
LOAD build/u8g2_setup.o
LOAD build/u8log_u8g2.o
LOAD build/u8log_u8x8.o
LOAD build/u8log.o
LOAD build/u8x8_8x8.o
LOAD build/u8x8_byte.o
LOAD build/u8x8_cad.o
LOAD build/u8x8_capture.o
LOAD build/u8x8_d_a2printer.o
LOAD build/u8x8_d_ssd1306_128x64_noname.o
LOAD build/u8x8_debounce.o
LOAD build/u8x8_display.o
LOAD build/u8x8_fonts.o
LOAD build/u8x8_gpio.o
LOAD build/u8x8_input_value.o
LOAD build/u8x8_message.o
LOAD build/u8x8_selection_list.o
LOAD build/u8x8_setup.o
LOAD build/u8x8_string.o
LOAD build/u8x8_u8toa.o
LOAD build/u8x8_u16toa.o
LOAD build/startup_stm32f103xe.o
LOAD d:/work_project/9 2019-q4-major/bin/../lib/gcc/arm-none-eabi/9.2.1/../../../../arm-none-eabi/lib/thumb/v7-m/nofp\libc_nano.a
LOAD d:/work_project/9 2019-q4-major/bin/../lib/gcc/arm-none-eabi/9.2.1/../../../../arm-none-eabi/lib/thumb/v7-m/nofp\libm.a
LOAD d:/work_project/9 2019-q4-major/bin/../lib/gcc/arm-none-eabi/9.2.1/../../../../arm-none-eabi/lib/thumb/v7-m/nofp\libnosys.a
START GROUP
LOAD d:/work_project/9 2019-q4-major/bin/../lib/gcc/arm-none-eabi/9.2.1/thumb/v7-m/nofp\libgcc.a
LOAD d:/work_project/9 2019-q4-major/bin/../lib/gcc/arm-none-eabi/9.2.1/../../../../arm-none-eabi/lib/thumb/v7-m/nofp\libc_nano.a
END GROUP
START GROUP
LOAD d:/work_project/9 2019-q4-major/bin/../lib/gcc/arm-none-eabi/9.2.1/thumb/v7-m/nofp\libgcc.a
LOAD d:/work_project/9 2019-q4-major/bin/../lib/gcc/arm-none-eabi/9.2.1/../../../../arm-none-eabi/lib/thumb/v7-m/nofp\libc_nano.a
END GROUP
LOAD d:/work_project/9 2019-q4-major/bin/../lib/gcc/arm-none-eabi/9.2.1/thumb/v7-m/nofp/crtend.o
LOAD d:/work_project/9 2019-q4-major/bin/../lib/gcc/arm-none-eabi/9.2.1/thumb/v7-m/nofp/crtn.o
                0x20010000                _estack = 0x20010000
                0x00000200                _Min_Heap_Size = 0x200
                0x00000400                _Min_Stack_Size = 0x400

.isr_vector     0x08000000      0x1e4
                0x08000000                . = ALIGN (0x4)
 *(.isr_vector)
 .isr_vector    0x08000000      0x1e4 build/startup_stm32f103xe.o
                0x08000000                g_pfnVectors
                0x080001e4                . = ALIGN (0x4)

.text           0x080001e4     0x21c4
                0x080001e4                . = ALIGN (0x4)
 *(.text)
 .text          0x080001e4       0x40 d:/work_project/9 2019-q4-major/bin/../lib/gcc/arm-none-eabi/9.2.1/thumb/v7-m/nofp/crtbegin.o
 *(.text*)
 .text.SystemClock_Config
                0x08000224       0x52 build/main.o
                0x08000224                SystemClock_Config
 .text.main     0x08000276       0x42 build/main.o
                0x08000276                main
 .text.Error_Handler
                0x080002b8        0x2 build/main.o
                0x080002b8                Error_Handler
 *fill*         0x080002ba        0x2 
 .text.MX_GPIO_Init
                0x080002bc       0x64 build/gpio.o
                0x080002bc                MX_GPIO_Init
 .text.MX_I2C1_Init
                0x08000320       0x3c build/i2c.o
                0x08000320                MX_I2C1_Init
 .text.HAL_I2C_MspInit
                0x0800035c       0x64 build/i2c.o
                0x0800035c                HAL_I2C_MspInit
 .text.MX_TIM6_Init
                0x080003c0       0x50 build/tim.o
                0x080003c0                MX_TIM6_Init
 .text.HAL_TIM_Base_MspInit
                0x08000410       0x2c build/tim.o
                0x08000410                HAL_TIM_Base_MspInit
 .text.MX_USART1_UART_Init
                0x0800043c       0x34 build/usart.o
                0x0800043c                MX_USART1_UART_Init
 .text.HAL_UART_MspInit
                0x08000470       0x78 build/usart.o
                0x08000470                HAL_UART_MspInit
 .text.u8x8_byte_hw_i2c
                0x080004e8       0x80 build/oled_init.o
                0x080004e8                u8x8_byte_hw_i2c
 .text.u8x8_gpio_and_delay
                0x08000568       0x7e build/oled_init.o
                0x08000568                u8x8_gpio_and_delay
 *fill*         0x080005e6        0x2 
 .text.u8g2Init
                0x080005e8       0x30 build/oled_init.o
                0x080005e8                u8g2Init
 .text.NMI_Handler
                0x08000618        0x2 build/stm32f1xx_it.o
                0x08000618                NMI_Handler
 .text.HardFault_Handler
                0x0800061a        0x2 build/stm32f1xx_it.o
                0x0800061a                HardFault_Handler
 .text.MemManage_Handler
                0x0800061c        0x2 build/stm32f1xx_it.o
                0x0800061c                MemManage_Handler
 .text.BusFault_Handler
                0x0800061e        0x2 build/stm32f1xx_it.o
                0x0800061e                BusFault_Handler
 .text.UsageFault_Handler
                0x08000620        0x2 build/stm32f1xx_it.o
                0x08000620                UsageFault_Handler
 .text.SVC_Handler
                0x08000622        0x2 build/stm32f1xx_it.o
                0x08000622                SVC_Handler
 .text.DebugMon_Handler
                0x08000624        0x2 build/stm32f1xx_it.o
                0x08000624                DebugMon_Handler
 .text.PendSV_Handler
                0x08000626        0x2 build/stm32f1xx_it.o
                0x08000626                PendSV_Handler
 .text.SysTick_Handler
                0x08000628        0x8 build/stm32f1xx_it.o
                0x08000628                SysTick_Handler
 .text.HAL_MspInit
                0x08000630       0x44 build/stm32f1xx_hal_msp.o
                0x08000630                HAL_MspInit
 .text.I2C_IsAcknowledgeFailed
                0x08000674       0x32 build/stm32f1xx_hal_i2c.o
 .text.I2C_WaitOnFlagUntilTimeout
                0x080006a6       0x74 build/stm32f1xx_hal_i2c.o
 .text.I2C_WaitOnMasterAddressFlagUntilTimeout
                0x0800071a       0xaa build/stm32f1xx_hal_i2c.o
 .text.I2C_MasterRequestWrite
                0x080007c4       0xb4 build/stm32f1xx_hal_i2c.o
 .text.I2C_WaitOnTXEFlagUntilTimeout
                0x08000878       0x54 build/stm32f1xx_hal_i2c.o
 .text.I2C_WaitOnBTFFlagUntilTimeout
                0x080008cc       0x54 build/stm32f1xx_hal_i2c.o
 .text.HAL_I2C_Init
                0x08000920      0x1bc build/stm32f1xx_hal_i2c.o
                0x08000920                HAL_I2C_Init
 .text.HAL_I2C_Master_Transmit
                0x08000adc      0x178 build/stm32f1xx_hal_i2c.o
                0x08000adc                HAL_I2C_Master_Transmit
 .text.HAL_InitTick
                0x08000c54       0x4c build/stm32f1xx_hal.o
                0x08000c54                HAL_InitTick
 .text.HAL_Init
                0x08000ca0       0x24 build/stm32f1xx_hal.o
                0x08000ca0                HAL_Init
 .text.HAL_IncTick
                0x08000cc4       0x18 build/stm32f1xx_hal.o
                0x08000cc4                HAL_IncTick
 .text.HAL_GetTick
                0x08000cdc        0xc build/stm32f1xx_hal.o
                0x08000cdc                HAL_GetTick
 .text.HAL_Delay
                0x08000ce8       0x28 build/stm32f1xx_hal.o
                0x08000ce8                HAL_Delay
 .text.RCC_Delay
                0x08000d10       0x2c build/stm32f1xx_hal_rcc.o
 .text.HAL_RCC_OscConfig
                0x08000d3c      0x410 build/stm32f1xx_hal_rcc.o
                0x08000d3c                HAL_RCC_OscConfig
 .text.HAL_RCC_GetSysClockFreq
                0x0800114c       0x6c build/stm32f1xx_hal_rcc.o
                0x0800114c                HAL_RCC_GetSysClockFreq
 .text.HAL_RCC_ClockConfig
                0x080011b8      0x16c build/stm32f1xx_hal_rcc.o
                0x080011b8                HAL_RCC_ClockConfig
 .text.HAL_RCC_GetHCLKFreq
                0x08001324        0xc build/stm32f1xx_hal_rcc.o
                0x08001324                HAL_RCC_GetHCLKFreq
 .text.HAL_RCC_GetPCLK1Freq
                0x08001330       0x20 build/stm32f1xx_hal_rcc.o
                0x08001330                HAL_RCC_GetPCLK1Freq
 .text.HAL_RCC_GetPCLK2Freq
                0x08001350       0x20 build/stm32f1xx_hal_rcc.o
                0x08001350                HAL_RCC_GetPCLK2Freq
 .text.HAL_GPIO_Init
                0x08001370      0x238 build/stm32f1xx_hal_gpio.o
                0x08001370                HAL_GPIO_Init
 .text.HAL_GPIO_WritePin
                0x080015a8        0xc build/stm32f1xx_hal_gpio.o
                0x080015a8                HAL_GPIO_WritePin
 .text.HAL_NVIC_SetPriorityGrouping
                0x080015b4       0x24 build/stm32f1xx_hal_cortex.o
                0x080015b4                HAL_NVIC_SetPriorityGrouping
 .text.HAL_NVIC_SetPriority
                0x080015d8       0x68 build/stm32f1xx_hal_cortex.o
                0x080015d8                HAL_NVIC_SetPriority
 .text.HAL_SYSTICK_Config
                0x08001640       0x2c build/stm32f1xx_hal_cortex.o
                0x08001640                HAL_SYSTICK_Config
 .text.TIM_Base_SetConfig
                0x0800166c       0x98 build/stm32f1xx_hal_tim.o
                0x0800166c                TIM_Base_SetConfig
 .text.HAL_TIM_Base_Init
                0x08001704       0x58 build/stm32f1xx_hal_tim.o
                0x08001704                HAL_TIM_Base_Init
 .text.HAL_TIMEx_MasterConfigSynchronization
                0x0800175c       0x78 build/stm32f1xx_hal_tim_ex.o
                0x0800175c                HAL_TIMEx_MasterConfigSynchronization
 .text.UART_SetConfig
                0x080017d4       0x90 build/stm32f1xx_hal_uart.o
 .text.HAL_UART_Init
                0x08001864       0x5e build/stm32f1xx_hal_uart.o
                0x08001864                HAL_UART_Init
 .text.SystemInit
                0x080018c2        0x2 build/system_stm32f1xx.o
                0x080018c2                SystemInit
 .text.u8g2_send_tile_row
                0x080018c4       0x20 build/u8g2_buffer.o
 .text.u8g2_send_buffer
                0x080018e4       0x34 build/u8g2_buffer.o
 .text.u8g2_ClearBuffer
                0x08001918       0x1a build/u8g2_buffer.o
                0x08001918                u8g2_ClearBuffer
 .text.u8g2_SendBuffer
                0x08001932       0x10 build/u8g2_buffer.o
                0x08001932                u8g2_SendBuffer
 .text.u8g2_draw_circle_section
                0x08001942       0xb4 build/u8g2_circle.o
 .text.u8g2_draw_circle
                0x080019f6       0x80 build/u8g2_circle.o
 .text.u8g2_DrawCircle
                0x08001a76       0x48 build/u8g2_circle.o
                0x08001a76                u8g2_DrawCircle
 *fill*         0x08001abe        0x2 
 .text.u8g2_m_16_8_f
                0x08001ac0        0xc build/u8g2_d_memory.o
                0x08001ac0                u8g2_m_16_8_f
 .text.u8g2_Setup_ssd1306_i2c_128x64_noname_f
                0x08001acc       0x3c build/u8g2_d_setup.o
                0x08001acc                u8g2_Setup_ssd1306_i2c_128x64_noname_f
 .text.u8g2_font_calc_vref_font
                0x08001b08        0x4 build/u8g2_font.o
                0x08001b08                u8g2_font_calc_vref_font
 .text.u8g2_SetFontPosBaseline
                0x08001b0c        0xc build/u8g2_font.o
                0x08001b0c                u8g2_SetFontPosBaseline
 .text.u8g2_clip_intersection2
                0x08001b18       0x42 build/u8g2_hvline.o
 .text.u8g2_draw_hv_line_2dir
                0x08001b5a       0x1a build/u8g2_hvline.o
                0x08001b5a                u8g2_draw_hv_line_2dir
 .text.u8g2_DrawHVLine
                0x08001b74       0xc4 build/u8g2_hvline.o
                0x08001b74                u8g2_DrawHVLine
 .text.u8g2_DrawPixel
                0x08001c38       0x36 build/u8g2_hvline.o
                0x08001c38                u8g2_DrawPixel
 .text.u8g2_is_intersection_decision_tree
                0x08001c6e       0x2c build/u8g2_intersection.o
                0x08001c6e                u8g2_is_intersection_decision_tree
 .text.u8g2_IsIntersection
                0x08001c9a       0x2c build/u8g2_intersection.o
                0x08001c9a                u8g2_IsIntersection
 .text.u8g2_ll_hvline_vertical_top_lsb
                0x08001cc6       0x90 build/u8g2_ll_hvline.o
                0x08001cc6                u8g2_ll_hvline_vertical_top_lsb
 .text.u8g2_update_dimension_common
                0x08001d56       0x5c build/u8g2_setup.o
 .text.u8g2_update_dimension_r0
                0x08001db2        0x8 build/u8g2_setup.o
                0x08001db2                u8g2_update_dimension_r0
 .text.u8g2_apply_clip_window
                0x08001dba       0x70 build/u8g2_setup.o
 .text.u8g2_update_page_win_r0
                0x08001e2a       0x26 build/u8g2_setup.o
                0x08001e2a                u8g2_update_page_win_r0
 .text.u8g2_draw_l90_r0
                0x08001e50       0x12 build/u8g2_setup.o
                0x08001e50                u8g2_draw_l90_r0
 .text.u8g2_SetMaxClipWindow
                0x08001e62       0x1e build/u8g2_setup.o
                0x08001e62                u8g2_SetMaxClipWindow
 .text.u8g2_SetupBuffer
                0x08001e80       0x40 build/u8g2_setup.o
                0x08001e80                u8g2_SetupBuffer
 .text.u8x8_byte_SendBytes
                0x08001ec0        0xe build/u8x8_byte.o
                0x08001ec0                u8x8_byte_SendBytes
 .text.u8x8_byte_SendByte
                0x08001ece       0x18 build/u8x8_byte.o
                0x08001ece                u8x8_byte_SendByte
 .text.u8x8_byte_StartTransfer
                0x08001ee6        0xe build/u8x8_byte.o
                0x08001ee6                u8x8_byte_StartTransfer
 .text.u8x8_byte_EndTransfer
                0x08001ef4        0xe build/u8x8_byte.o
                0x08001ef4                u8x8_byte_EndTransfer
 .text.u8x8_i2c_data_transfer
                0x08001f02       0x28 build/u8x8_cad.o
 .text.u8x8_cad_SendCmd
                0x08001f2a        0xe build/u8x8_cad.o
                0x08001f2a                u8x8_cad_SendCmd
 .text.u8x8_cad_SendArg
                0x08001f38        0xe build/u8x8_cad.o
                0x08001f38                u8x8_cad_SendArg
 .text.u8x8_cad_SendData
                0x08001f46        0xe build/u8x8_cad.o
                0x08001f46                u8x8_cad_SendData
 .text.u8x8_cad_StartTransfer
                0x08001f54        0xe build/u8x8_cad.o
                0x08001f54                u8x8_cad_StartTransfer
 .text.u8x8_cad_EndTransfer
                0x08001f62        0xe build/u8x8_cad.o
                0x08001f62                u8x8_cad_EndTransfer
 .text.u8x8_cad_SendSequence
                0x08001f70       0x72 build/u8x8_cad.o
                0x08001f70                u8x8_cad_SendSequence
 *fill*         0x08001fe2        0x2 
 .text.u8x8_cad_ssd13xx_fast_i2c
                0x08001fe4       0xc8 build/u8x8_cad.o
                0x08001fe4                u8x8_cad_ssd13xx_fast_i2c
 .text.u8x8_d_ssd1306_sh1106_generic
                0x080020ac       0xe4 build/u8x8_d_ssd1306_128x64_noname.o
 .text.u8x8_d_ssd1306_128x64_noname
                0x08002190       0x44 build/u8x8_d_ssd1306_128x64_noname.o
                0x08002190                u8x8_d_ssd1306_128x64_noname
 .text.u8x8_d_helper_display_setup_memory
                0x080021d4        0xa build/u8x8_display.o
                0x080021d4                u8x8_d_helper_display_setup_memory
 .text.u8x8_d_helper_display_init
                0x080021de       0x5e build/u8x8_display.o
                0x080021de                u8x8_d_helper_display_init
 .text.u8x8_DrawTile
                0x0800223c       0x22 build/u8x8_display.o
                0x0800223c                u8x8_DrawTile
 .text.u8x8_SetupMemory
                0x0800225e        0xe build/u8x8_display.o
                0x0800225e                u8x8_SetupMemory
 .text.u8x8_InitDisplay
                0x0800226c        0xe build/u8x8_display.o
                0x0800226c                u8x8_InitDisplay
 .text.u8x8_SetPowerSave
                0x0800227a        0xe build/u8x8_display.o
                0x0800227a                u8x8_SetPowerSave
 .text.u8x8_RefreshDisplay
                0x08002288        0xe build/u8x8_display.o
                0x08002288                u8x8_RefreshDisplay
 .text.u8x8_gpio_call
                0x08002296        0xa build/u8x8_gpio.o
                0x08002296                u8x8_gpio_call
 .text.u8x8_dummy_cb
                0x080022a0        0x4 build/u8x8_setup.o
                0x080022a0                u8x8_dummy_cb
 .text.u8x8_SetupDefaults
                0x080022a4       0x28 build/u8x8_setup.o
                0x080022a4                u8x8_SetupDefaults
 .text.u8x8_Setup
                0x080022cc       0x20 build/u8x8_setup.o
                0x080022cc                u8x8_Setup
 .text.Reset_Handler
                0x080022ec       0x48 build/startup_stm32f103xe.o
                0x080022ec                Reset_Handler
 .text.Default_Handler
                0x08002334        0x2 build/startup_stm32f103xe.o
                0x08002334                DMA1_Channel4_IRQHandler
                0x08002334                EXTI1_IRQHandler
                0x08002334                ADC3_IRQHandler
                0x08002334                UART4_IRQHandler
                0x08002334                TIM8_CC_IRQHandler
                0x08002334                SPI2_IRQHandler
                0x08002334                EXTI9_5_IRQHandler
                0x08002334                TIM8_TRG_COM_IRQHandler
                0x08002334                SPI1_IRQHandler
                0x08002334                PVD_IRQHandler
                0x08002334                TIM5_IRQHandler
                0x08002334                USBWakeUp_IRQHandler
                0x08002334                WWDG_IRQHandler
                0x08002334                ADC1_2_IRQHandler
                0x08002334                DMA1_Channel5_IRQHandler
                0x08002334                RCC_IRQHandler
                0x08002334                I2C1_ER_IRQHandler
                0x08002334                RTC_IRQHandler
                0x08002334                DMA1_Channel6_IRQHandler
                0x08002334                TIM1_UP_IRQHandler
                0x08002334                DMA1_Channel2_IRQHandler
                0x08002334                I2C2_EV_IRQHandler
                0x08002334                TIM3_IRQHandler
                0x08002334                DMA1_Channel7_IRQHandler
                0x08002334                DMA2_Channel4_5_IRQHandler
                0x08002334                USB_LP_CAN1_RX0_IRQHandler
                0x08002334                USART2_IRQHandler
                0x08002334                TIM8_BRK_IRQHandler
                0x08002334                FLASH_IRQHandler
                0x08002334                SDIO_IRQHandler
                0x08002334                EXTI15_10_IRQHandler
                0x08002334                TIM1_BRK_IRQHandler
                0x08002334                USART1_IRQHandler
                0x08002334                TAMPER_IRQHandler
                0x08002334                TIM2_IRQHandler
                0x08002334                FSMC_IRQHandler
                0x08002334                CAN1_SCE_IRQHandler
                0x08002334                DMA2_Channel3_IRQHandler
                0x08002334                TIM8_UP_IRQHandler
                0x08002334                Default_Handler
                0x08002334                EXTI2_IRQHandler
                0x08002334                DMA1_Channel3_IRQHandler
                0x08002334                UART5_IRQHandler
                0x08002334                TIM4_IRQHandler
                0x08002334                USART3_IRQHandler
                0x08002334                EXTI3_IRQHandler
                0x08002334                I2C2_ER_IRQHandler
                0x08002334                TIM1_TRG_COM_IRQHandler
                0x08002334                TIM6_IRQHandler
                0x08002334                I2C1_EV_IRQHandler
                0x08002334                TIM1_CC_IRQHandler
                0x08002334                SPI3_IRQHandler
                0x08002334                DMA1_Channel1_IRQHandler
                0x08002334                TIM7_IRQHandler
                0x08002334                EXTI0_IRQHandler
                0x08002334                DMA2_Channel2_IRQHandler
                0x08002334                DMA2_Channel1_IRQHandler
                0x08002334                RTC_Alarm_IRQHandler
                0x08002334                EXTI4_IRQHandler
                0x08002334                CAN1_RX1_IRQHandler
                0x08002334                USB_HP_CAN1_TX_IRQHandler
 *fill*         0x08002336        0x2 
 .text.__libc_init_array
                0x08002338       0x48 d:/work_project/9 2019-q4-major/bin/../lib/gcc/arm-none-eabi/9.2.1/../../../../arm-none-eabi/lib/thumb/v7-m/nofp\libc_nano.a(lib_a-init.o)
                0x08002338                __libc_init_array
 .text.memset   0x08002380       0x10 d:/work_project/9 2019-q4-major/bin/../lib/gcc/arm-none-eabi/9.2.1/../../../../arm-none-eabi/lib/thumb/v7-m/nofp\libc_nano.a(lib_a-memset.o)
                0x08002380                memset
 *(.glue_7)
 .glue_7        0x08002390        0x0 linker stubs
 *(.glue_7t)
 .glue_7t       0x08002390        0x0 linker stubs
 *(.eh_frame)
 .eh_frame      0x08002390        0x0 d:/work_project/9 2019-q4-major/bin/../lib/gcc/arm-none-eabi/9.2.1/thumb/v7-m/nofp/crtbegin.o
 *(.init)
 .init          0x08002390        0x4 d:/work_project/9 2019-q4-major/bin/../lib/gcc/arm-none-eabi/9.2.1/thumb/v7-m/nofp/crti.o
                0x08002390                _init
 .init          0x08002394        0x8 d:/work_project/9 2019-q4-major/bin/../lib/gcc/arm-none-eabi/9.2.1/thumb/v7-m/nofp/crtn.o
 *(.fini)
 .fini          0x0800239c        0x4 d:/work_project/9 2019-q4-major/bin/../lib/gcc/arm-none-eabi/9.2.1/thumb/v7-m/nofp/crti.o
                0x0800239c                _fini
 .fini          0x080023a0        0x8 d:/work_project/9 2019-q4-major/bin/../lib/gcc/arm-none-eabi/9.2.1/thumb/v7-m/nofp/crtn.o
                0x080023a8                . = ALIGN (0x4)
                0x080023a8                _etext = .

.vfp11_veneer   0x080023a8        0x0
 .vfp11_veneer  0x080023a8        0x0 linker stubs

.v4_bx          0x080023a8        0x0
 .v4_bx         0x080023a8        0x0 linker stubs

.iplt           0x080023a8        0x0
 .iplt          0x080023a8        0x0 d:/work_project/9 2019-q4-major/bin/../lib/gcc/arm-none-eabi/9.2.1/thumb/v7-m/nofp/crtbegin.o

.rodata         0x080023a8       0xa8
                0x080023a8                . = ALIGN (0x4)
 *(.rodata)
 *(.rodata*)
 .rodata.HAL_RCC_GetSysClockFreq.str1.4
                0x080023a8       0x11 build/stm32f1xx_hal_rcc.o
 *fill*         0x080023b9        0x3 
 .rodata.AHBPrescTable
                0x080023bc       0x10 build/system_stm32f1xx.o
                0x080023bc                AHBPrescTable
 .rodata.APBPrescTable
                0x080023cc        0x8 build/system_stm32f1xx.o
                0x080023cc                APBPrescTable
 .rodata.u8g2_cb_r0
                0x080023d4        0xc build/u8g2_setup.o
                0x080023d4                u8g2_cb_r0
 .rodata.u8x8_d_ssd1306_128x64_noname_flip0_seq
                0x080023e0        0x7 build/u8x8_d_ssd1306_128x64_noname.o
 *fill*         0x080023e7        0x1 
 .rodata.u8x8_d_ssd1306_128x64_noname_flip1_seq
                0x080023e8        0x7 build/u8x8_d_ssd1306_128x64_noname.o
 *fill*         0x080023ef        0x1 
 .rodata.u8x8_d_ssd1306_128x64_noname_init_seq
                0x080023f0       0x35 build/u8x8_d_ssd1306_128x64_noname.o
 *fill*         0x08002425        0x3 
 .rodata.u8x8_d_ssd1306_128x64_noname_powersave0_seq
                0x08002428        0x5 build/u8x8_d_ssd1306_128x64_noname.o
 *fill*         0x0800242d        0x3 
 .rodata.u8x8_d_ssd1306_128x64_noname_powersave1_seq
                0x08002430        0x5 build/u8x8_d_ssd1306_128x64_noname.o
 *fill*         0x08002435        0x3 
 .rodata.u8x8_ssd1306_128x64_noname_display_info
                0x08002438       0x18 build/u8x8_d_ssd1306_128x64_noname.o
                0x08002450                . = ALIGN (0x4)

.rel.dyn        0x08002450        0x0
 .rel.iplt      0x08002450        0x0 d:/work_project/9 2019-q4-major/bin/../lib/gcc/arm-none-eabi/9.2.1/thumb/v7-m/nofp/crtbegin.o

.ARM.extab
 *(.ARM.extab* .gnu.linkonce.armextab.*)

.ARM            0x08002450        0x0
                0x08002450                __exidx_start = .
 *(.ARM.exidx*)
                0x08002450                __exidx_end = .

.preinit_array  0x08002450        0x0
                0x08002450                PROVIDE (__preinit_array_start = .)
 *(.preinit_array*)
                0x08002450                PROVIDE (__preinit_array_end = .)

.init_array     0x08002450        0x4
                0x08002450                PROVIDE (__init_array_start = .)
 *(SORT_BY_NAME(.init_array.*))
 *(.init_array*)
 .init_array    0x08002450        0x4 d:/work_project/9 2019-q4-major/bin/../lib/gcc/arm-none-eabi/9.2.1/thumb/v7-m/nofp/crtbegin.o
                0x08002454                PROVIDE (__init_array_end = .)

.fini_array     0x08002454        0x4
                [!provide]                PROVIDE (__fini_array_start = .)
 *(SORT_BY_NAME(.fini_array.*))
 *(.fini_array*)
 .fini_array    0x08002454        0x4 d:/work_project/9 2019-q4-major/bin/../lib/gcc/arm-none-eabi/9.2.1/thumb/v7-m/nofp/crtbegin.o
                [!provide]                PROVIDE (__fini_array_end = .)
                0x08002458                _sidata = LOADADDR (.data)

.data           0x20000000        0xc load address 0x08002458
                0x20000000                . = ALIGN (0x4)
                0x20000000                _sdata = .
 *(.data)
 *(.data*)
 .data.uwTickFreq
                0x20000000        0x1 build/stm32f1xx_hal.o
                0x20000000                uwTickFreq
 *fill*         0x20000001        0x3 
 .data.uwTickPrio
                0x20000004        0x4 build/stm32f1xx_hal.o
                0x20000004                uwTickPrio
 .data.SystemCoreClock
                0x20000008        0x4 build/system_stm32f1xx.o
                0x20000008                SystemCoreClock
                0x2000000c                . = ALIGN (0x4)
                0x2000000c                _edata = .

.igot.plt       0x2000000c        0x0 load address 0x08002464
 .igot.plt      0x2000000c        0x0 d:/work_project/9 2019-q4-major/bin/../lib/gcc/arm-none-eabi/9.2.1/thumb/v7-m/nofp/crtbegin.o
                0x2000000c                . = ALIGN (0x4)

.bss            0x2000000c      0x584 load address 0x08002464
                0x2000000c                _sbss = .
                0x2000000c                __bss_start__ = _sbss
 *(.bss)
 .bss           0x2000000c       0x1c d:/work_project/9 2019-q4-major/bin/../lib/gcc/arm-none-eabi/9.2.1/thumb/v7-m/nofp/crtbegin.o
 *(.bss*)
 .bss.buf_idx.13292
                0x20000028        0x1 build/oled_init.o
 *fill*         0x20000029        0x3 
 .bss.buffer.13291
                0x2000002c       0x80 build/oled_init.o
 .bss.buf.11041
                0x200000ac      0x400 build/u8g2_d_memory.o
 .bss.in_transfer.5711
                0x200004ac        0x1 build/u8x8_cad.o
 *(COMMON)
 *fill*         0x200004ad        0x3 
 COMMON         0x200004b0       0x54 build/i2c.o
                0x200004b0                hi2c1
 COMMON         0x20000504       0x48 build/tim.o
                0x20000504                htim6
 COMMON         0x2000054c       0x40 build/usart.o
                0x2000054c                huart1
 COMMON         0x2000058c        0x4 build/stm32f1xx_hal.o
                0x2000058c                uwTick
                0x20000590                . = ALIGN (0x4)
                0x20000590                _ebss = .
                0x20000590                __bss_end__ = _ebss

._user_heap_stack
                0x20000590      0x600 load address 0x08002464
                0x20000590                . = ALIGN (0x8)
                [!provide]                PROVIDE (end = .)
                [!provide]                PROVIDE (_end = .)
                0x20000790                . = (. + _Min_Heap_Size)
 *fill*         0x20000590      0x200 
                0x20000b90                . = (. + _Min_Stack_Size)
 *fill*         0x20000790      0x400 
                0x20000b90                . = ALIGN (0x8)

/DISCARD/
 libc.a(*)
 libm.a(*)
 libgcc.a(*)

.ARM.attributes
                0x00000000       0x29
 *(.ARM.attributes)
 .ARM.attributes
                0x00000000       0x1d d:/work_project/9 2019-q4-major/bin/../lib/gcc/arm-none-eabi/9.2.1/thumb/v7-m/nofp/crti.o
 .ARM.attributes
                0x0000001d       0x2d d:/work_project/9 2019-q4-major/bin/../lib/gcc/arm-none-eabi/9.2.1/thumb/v7-m/nofp/crtbegin.o
 .ARM.attributes
                0x0000004a       0x2d build/main.o
 .ARM.attributes
                0x00000077       0x2d build/gpio.o
 .ARM.attributes
                0x000000a4       0x2d build/i2c.o
 .ARM.attributes
                0x000000d1       0x2d build/tim.o
 .ARM.attributes
                0x000000fe       0x2d build/usart.o
 .ARM.attributes
                0x0000012b       0x2d build/oled_init.o
 .ARM.attributes
                0x00000158       0x2d build/stm32f1xx_it.o
 .ARM.attributes
                0x00000185       0x2d build/stm32f1xx_hal_msp.o
 .ARM.attributes
                0x000001b2       0x2d build/stm32f1xx_hal_i2c.o
 .ARM.attributes
                0x000001df       0x2d build/stm32f1xx_hal.o
 .ARM.attributes
                0x0000020c       0x2d build/stm32f1xx_hal_rcc.o
 .ARM.attributes
                0x00000239       0x2d build/stm32f1xx_hal_gpio.o
 .ARM.attributes
                0x00000266       0x2d build/stm32f1xx_hal_cortex.o
 .ARM.attributes
                0x00000293       0x2d build/stm32f1xx_hal_tim.o
 .ARM.attributes
                0x000002c0       0x2d build/stm32f1xx_hal_tim_ex.o
 .ARM.attributes
                0x000002ed       0x2d build/stm32f1xx_hal_uart.o
 .ARM.attributes
                0x0000031a       0x2d build/system_stm32f1xx.o
 .ARM.attributes
                0x00000347       0x2d build/u8g2_buffer.o
 .ARM.attributes
                0x00000374       0x2d build/u8g2_circle.o
 .ARM.attributes
                0x000003a1       0x2d build/u8g2_d_memory.o
 .ARM.attributes
                0x000003ce       0x2d build/u8g2_d_setup.o
 .ARM.attributes
                0x000003fb       0x2d build/u8g2_font.o
 .ARM.attributes
                0x00000428       0x2d build/u8g2_hvline.o
 .ARM.attributes
                0x00000455       0x2d build/u8g2_intersection.o
 .ARM.attributes
                0x00000482       0x2d build/u8g2_ll_hvline.o
 .ARM.attributes
                0x000004af       0x2d build/u8g2_setup.o
 .ARM.attributes
                0x000004dc       0x2d build/u8x8_byte.o
 .ARM.attributes
                0x00000509       0x2d build/u8x8_cad.o
 .ARM.attributes
                0x00000536       0x2d build/u8x8_d_ssd1306_128x64_noname.o
 .ARM.attributes
                0x00000563       0x2d build/u8x8_display.o
 .ARM.attributes
                0x00000590       0x2d build/u8x8_gpio.o
 .ARM.attributes
                0x000005bd       0x2d build/u8x8_setup.o
 .ARM.attributes
                0x000005ea       0x21 build/startup_stm32f103xe.o
 .ARM.attributes
                0x0000060b       0x2d d:/work_project/9 2019-q4-major/bin/../lib/gcc/arm-none-eabi/9.2.1/../../../../arm-none-eabi/lib/thumb/v7-m/nofp\libc_nano.a(lib_a-init.o)
 .ARM.attributes
                0x00000638       0x2d d:/work_project/9 2019-q4-major/bin/../lib/gcc/arm-none-eabi/9.2.1/../../../../arm-none-eabi/lib/thumb/v7-m/nofp\libc_nano.a(lib_a-memset.o)
 .ARM.attributes
                0x00000665       0x1d d:/work_project/9 2019-q4-major/bin/../lib/gcc/arm-none-eabi/9.2.1/thumb/v7-m/nofp/crtn.o
OUTPUT(build/oled_lib.elf elf32-littlearm)

.debug_info     0x00000000    0x94c32
 .debug_info    0x00000000     0x8383 build/main.o
 .debug_info    0x00008383      0x409 build/gpio.o
 .debug_info    0x0000878c      0xa28 build/i2c.o
 .debug_info    0x000091b4      0x9b9 build/tim.o
 .debug_info    0x00009b6d      0x99d build/usart.o
 .debug_info    0x0000a50a     0x7d34 build/oled_init.o
 .debug_info    0x0001223e      0x272 build/stm32f1xx_it.o
 .debug_info    0x000124b0      0x332 build/stm32f1xx_hal_msp.o
 .debug_info    0x000127e2     0x3cf3 build/stm32f1xx_hal_i2c.o
 .debug_info    0x000164d5      0x94a build/stm32f1xx_hal.o
 .debug_info    0x00016e1f      0xb67 build/stm32f1xx_hal_rcc.o
 .debug_info    0x00017986      0x7d1 build/stm32f1xx_hal_gpio.o
 .debug_info    0x00018157      0xf5d build/stm32f1xx_hal_cortex.o
 .debug_info    0x000190b4     0x3ea5 build/stm32f1xx_hal_tim.o
 .debug_info    0x0001cf59     0x1c1a build/stm32f1xx_hal_tim_ex.o
 .debug_info    0x0001eb73     0x1a8f build/stm32f1xx_hal_uart.o
 .debug_info    0x00020602      0x2f7 build/system_stm32f1xx.o
 .debug_info    0x000208f9     0x83fc build/u8g2_buffer.o
 .debug_info    0x00028cf5     0x83ee build/u8g2_circle.o
 .debug_info    0x000310e3     0x9cf2 build/u8g2_d_memory.o
 .debug_info    0x0003add5    0x29c2f build/u8g2_d_setup.o
 .debug_info    0x00064a04     0x9150 build/u8g2_font.o
 .debug_info    0x0006db54     0x7792 build/u8g2_hvline.o
 .debug_info    0x000752e6     0x750c build/u8g2_intersection.o
 .debug_info    0x0007c7f2     0x75d4 build/u8g2_ll_hvline.o
 .debug_info    0x00083dc6     0x877a build/u8g2_setup.o
 .debug_info    0x0008c540     0x276c build/u8x8_byte.o
 .debug_info    0x0008ecac     0x1fe8 build/u8x8_cad.o
 .debug_info    0x00090c94     0x1484 build/u8x8_d_ssd1306_128x64_noname.o
 .debug_info    0x00092118     0x11a1 build/u8x8_display.o
 .debug_info    0x000932b9      0xbe6 build/u8x8_gpio.o
 .debug_info    0x00093e9f      0xd71 build/u8x8_setup.o
 .debug_info    0x00094c10       0x22 build/startup_stm32f103xe.o

.debug_abbrev   0x00000000     0x46c8
 .debug_abbrev  0x00000000      0x22f build/main.o
 .debug_abbrev  0x0000022f      0x17e build/gpio.o
 .debug_abbrev  0x000003ad      0x1f1 build/i2c.o
 .debug_abbrev  0x0000059e      0x1ff build/tim.o
 .debug_abbrev  0x0000079d      0x1f1 build/usart.o
 .debug_abbrev  0x0000098e      0x279 build/oled_init.o
 .debug_abbrev  0x00000c07       0xf2 build/stm32f1xx_it.o
 .debug_abbrev  0x00000cf9      0x130 build/stm32f1xx_hal_msp.o
 .debug_abbrev  0x00000e29      0x332 build/stm32f1xx_hal_i2c.o
 .debug_abbrev  0x0000115b      0x21c build/stm32f1xx_hal.o
 .debug_abbrev  0x00001377      0x2ad build/stm32f1xx_hal_rcc.o
 .debug_abbrev  0x00001624      0x24f build/stm32f1xx_hal_gpio.o
 .debug_abbrev  0x00001873      0x37f build/stm32f1xx_hal_cortex.o
 .debug_abbrev  0x00001bf2      0x2c3 build/stm32f1xx_hal_tim.o
 .debug_abbrev  0x00001eb5      0x2ab build/stm32f1xx_hal_tim_ex.o
 .debug_abbrev  0x00002160      0x2ea build/stm32f1xx_hal_uart.o
 .debug_abbrev  0x0000244a      0x153 build/system_stm32f1xx.o
 .debug_abbrev  0x0000259d      0x2a5 build/u8g2_buffer.o
 .debug_abbrev  0x00002842      0x28b build/u8g2_circle.o
 .debug_abbrev  0x00002acd      0x1b7 build/u8g2_d_memory.o
 .debug_abbrev  0x00002c84      0x1e5 build/u8g2_d_setup.o
 .debug_abbrev  0x00002e69      0x363 build/u8g2_font.o
 .debug_abbrev  0x000031cc      0x1f3 build/u8g2_hvline.o
 .debug_abbrev  0x000033bf      0x19a build/u8g2_intersection.o
 .debug_abbrev  0x00003559      0x186 build/u8g2_ll_hvline.o
 .debug_abbrev  0x000036df      0x347 build/u8g2_setup.o
 .debug_abbrev  0x00003a26      0x30f build/u8x8_byte.o
 .debug_abbrev  0x00003d35      0x2a3 build/u8x8_cad.o
 .debug_abbrev  0x00003fd8      0x1e6 build/u8x8_d_ssd1306_128x64_noname.o
 .debug_abbrev  0x000041be      0x1fa build/u8x8_display.o
 .debug_abbrev  0x000043b8      0x123 build/u8x8_gpio.o
 .debug_abbrev  0x000044db      0x1db build/u8x8_setup.o
 .debug_abbrev  0x000046b6       0x12 build/startup_stm32f103xe.o

.debug_loc      0x00000000    0x45d69
 .debug_loc     0x00000000       0x66 build/main.o
 .debug_loc     0x00000066       0x38 build/gpio.o
 .debug_loc     0x0000009e      0x108 build/i2c.o
 .debug_loc     0x000001a6       0x70 build/tim.o
 .debug_loc     0x00000216      0x108 build/usart.o
 .debug_loc     0x0000031e      0x3a4 build/oled_init.o
 .debug_loc     0x000006c2       0x20 build/stm32f1xx_it.o
 .debug_loc     0x000006e2       0x41 build/stm32f1xx_hal_msp.o
 .debug_loc     0x00000723     0x4b59 build/stm32f1xx_hal_i2c.o
 .debug_loc     0x0000527c      0x1e1 build/stm32f1xx_hal.o
 .debug_loc     0x0000545d      0x7c0 build/stm32f1xx_hal_rcc.o
 .debug_loc     0x00005c1d      0x53b build/stm32f1xx_hal_gpio.o
 .debug_loc     0x00006158      0x7af build/stm32f1xx_hal_cortex.o
 .debug_loc     0x00006907     0x5288 build/stm32f1xx_hal_tim.o
 .debug_loc     0x0000bb8f     0x1f35 build/stm32f1xx_hal_tim_ex.o
 .debug_loc     0x0000dac4     0x1e05 build/stm32f1xx_hal_uart.o
 .debug_loc     0x0000f8c9       0xff build/system_stm32f1xx.o
 .debug_loc     0x0000f9c8      0x7fc build/u8g2_buffer.o
 .debug_loc     0x000101c4     0x165a build/u8g2_circle.o
 .debug_loc     0x0001181e     0x1314 build/u8g2_d_memory.o
 .debug_loc     0x00012b32    0x2b7ac build/u8g2_d_setup.o
 .debug_loc     0x0003e2de     0x209e build/u8g2_font.o
 .debug_loc     0x0004037c      0x66f build/u8g2_hvline.o
 .debug_loc     0x000409eb      0x167 build/u8g2_intersection.o
 .debug_loc     0x00040b52      0x49f build/u8g2_ll_hvline.o
 .debug_loc     0x00040ff1      0xef0 build/u8g2_setup.o
 .debug_loc     0x00041ee1     0x15d5 build/u8x8_byte.o
 .debug_loc     0x000434b6     0x1981 build/u8x8_cad.o
 .debug_loc     0x00044e37      0x6fe build/u8x8_d_ssd1306_128x64_noname.o
 .debug_loc     0x00045535      0x53c build/u8x8_display.o
 .debug_loc     0x00045a71       0x8f build/u8x8_gpio.o
 .debug_loc     0x00045b00      0x269 build/u8x8_setup.o

.debug_aranges  0x00000000     0x2c20
 .debug_aranges
                0x00000000       0x30 build/main.o
 .debug_aranges
                0x00000030       0x20 build/gpio.o
 .debug_aranges
                0x00000050       0x30 build/i2c.o
 .debug_aranges
                0x00000080       0x30 build/tim.o
 .debug_aranges
                0x000000b0       0x30 build/usart.o
 .debug_aranges
                0x000000e0       0x38 build/oled_init.o
 .debug_aranges
                0x00000118       0x60 build/stm32f1xx_it.o
 .debug_aranges
                0x00000178       0x20 build/stm32f1xx_hal_msp.o
 .debug_aranges
                0x00000198      0x2a0 build/stm32f1xx_hal_i2c.o
 .debug_aranges
                0x00000438       0xe0 build/stm32f1xx_hal.o
 .debug_aranges
                0x00000518       0x90 build/stm32f1xx_hal_rcc.o
 .debug_aranges
                0x000005a8       0x58 build/stm32f1xx_hal_gpio.o
 .debug_aranges
                0x00000600       0x90 build/stm32f1xx_hal_cortex.o
 .debug_aranges
                0x00000690      0x3d0 build/stm32f1xx_hal_tim.o
 .debug_aranges
                0x00000a60      0x168 build/stm32f1xx_hal_tim_ex.o
 .debug_aranges
                0x00000bc8      0x1d0 build/stm32f1xx_hal_uart.o
 .debug_aranges
                0x00000d98       0x28 build/system_stm32f1xx.o
 .debug_aranges
                0x00000dc0       0x80 build/u8g2_buffer.o
 .debug_aranges
                0x00000e40       0x78 build/u8g2_circle.o
 .debug_aranges
                0x00000eb8      0x438 build/u8g2_d_memory.o
 .debug_aranges
                0x000012f0     0x1338 build/u8g2_d_setup.o
 .debug_aranges
                0x00002628      0x1a8 build/u8g2_font.o
 .debug_aranges
                0x000027d0       0x50 build/u8g2_hvline.o
 .debug_aranges
                0x00002820       0x28 build/u8g2_intersection.o
 .debug_aranges
                0x00002848       0x28 build/u8g2_ll_hvline.o
 .debug_aranges
                0x00002870       0xc0 build/u8g2_setup.o
 .debug_aranges
                0x00002930       0xe0 build/u8x8_byte.o
 .debug_aranges
                0x00002a10       0xc0 build/u8x8_cad.o
 .debug_aranges
                0x00002ad0       0x50 build/u8x8_d_ssd1306_128x64_noname.o
 .debug_aranges
                0x00002b20       0x80 build/u8x8_display.o
 .debug_aranges
                0x00002ba0       0x20 build/u8x8_gpio.o
 .debug_aranges
                0x00002bc0       0x38 build/u8x8_setup.o
 .debug_aranges
                0x00002bf8       0x28 build/startup_stm32f103xe.o

.debug_ranges   0x00000000     0x2ac8
 .debug_ranges  0x00000000       0x20 build/main.o
 .debug_ranges  0x00000020       0x10 build/gpio.o
 .debug_ranges  0x00000030       0x20 build/i2c.o
 .debug_ranges  0x00000050       0x20 build/tim.o
 .debug_ranges  0x00000070       0x20 build/usart.o
 .debug_ranges  0x00000090       0x28 build/oled_init.o
 .debug_ranges  0x000000b8       0x50 build/stm32f1xx_it.o
 .debug_ranges  0x00000108       0x10 build/stm32f1xx_hal_msp.o
 .debug_ranges  0x00000118      0x2a8 build/stm32f1xx_hal_i2c.o
 .debug_ranges  0x000003c0       0xd0 build/stm32f1xx_hal.o
 .debug_ranges  0x00000490       0xa0 build/stm32f1xx_hal_rcc.o
 .debug_ranges  0x00000530       0x48 build/stm32f1xx_hal_gpio.o
 .debug_ranges  0x00000578       0xe0 build/stm32f1xx_hal_cortex.o
 .debug_ranges  0x00000658      0x3c0 build/stm32f1xx_hal_tim.o
 .debug_ranges  0x00000a18      0x158 build/stm32f1xx_hal_tim_ex.o
 .debug_ranges  0x00000b70      0x1c0 build/stm32f1xx_hal_uart.o
 .debug_ranges  0x00000d30       0x18 build/system_stm32f1xx.o
 .debug_ranges  0x00000d48       0x70 build/u8g2_buffer.o
 .debug_ranges  0x00000db8       0x68 build/u8g2_circle.o
 .debug_ranges  0x00000e20      0x428 build/u8g2_d_memory.o
 .debug_ranges  0x00001248     0x1328 build/u8g2_d_setup.o
 .debug_ranges  0x00002570      0x1b0 build/u8g2_font.o
 .debug_ranges  0x00002720       0x40 build/u8g2_hvline.o
 .debug_ranges  0x00002760       0x18 build/u8g2_intersection.o
 .debug_ranges  0x00002778       0x18 build/u8g2_ll_hvline.o
 .debug_ranges  0x00002790       0xb0 build/u8g2_setup.o
 .debug_ranges  0x00002840       0xd0 build/u8x8_byte.o
 .debug_ranges  0x00002910       0xb0 build/u8x8_cad.o
 .debug_ranges  0x000029c0       0x40 build/u8x8_d_ssd1306_128x64_noname.o
 .debug_ranges  0x00002a00       0x70 build/u8x8_display.o
 .debug_ranges  0x00002a70       0x10 build/u8x8_gpio.o
 .debug_ranges  0x00002a80       0x28 build/u8x8_setup.o
 .debug_ranges  0x00002aa8       0x20 build/startup_stm32f103xe.o

.debug_line     0x00000000    0x1d475
 .debug_line    0x00000000      0x355 build/main.o
 .debug_line    0x00000355      0x1d7 build/gpio.o
 .debug_line    0x0000052c      0x2e4 build/i2c.o
 .debug_line    0x00000810      0x2b4 build/tim.o
 .debug_line    0x00000ac4      0x2fa build/usart.o
 .debug_line    0x00000dbe      0x347 build/oled_init.o
 .debug_line    0x00001105      0x262 build/stm32f1xx_it.o
 .debug_line    0x00001367      0x1a9 build/stm32f1xx_hal_msp.o
 .debug_line    0x00001510     0x52cc build/stm32f1xx_hal_i2c.o
 .debug_line    0x000067dc      0x4ec build/stm32f1xx_hal.o
 .debug_line    0x00006cc8      0xc09 build/stm32f1xx_hal_rcc.o
 .debug_line    0x000078d1      0x5ff build/stm32f1xx_hal_gpio.o
 .debug_line    0x00007ed0      0x642 build/stm32f1xx_hal_cortex.o
 .debug_line    0x00008512     0x4762 build/stm32f1xx_hal_tim.o
 .debug_line    0x0000cc74     0x1cd4 build/stm32f1xx_hal_tim_ex.o
 .debug_line    0x0000e948     0x1bae build/stm32f1xx_hal_uart.o
 .debug_line    0x000104f6      0x25c build/system_stm32f1xx.o
 .debug_line    0x00010752      0x483 build/u8g2_buffer.o
 .debug_line    0x00010bd5      0x6d7 build/u8g2_circle.o
 .debug_line    0x000112ac     0x12ea build/u8g2_d_memory.o
 .debug_line    0x00012596     0x6ed4 build/u8g2_d_setup.o
 .debug_line    0x0001946a     0x1223 build/u8g2_font.o
 .debug_line    0x0001a68d      0x327 build/u8g2_hvline.o
 .debug_line    0x0001a9b4      0x171 build/u8g2_intersection.o
 .debug_line    0x0001ab25      0x314 build/u8g2_ll_hvline.o
 .debug_line    0x0001ae39      0x7d5 build/u8g2_setup.o
 .debug_line    0x0001b60e      0xa4f build/u8x8_byte.o
 .debug_line    0x0001c05d      0x9ed build/u8x8_cad.o
 .debug_line    0x0001ca4a      0x393 build/u8x8_d_ssd1306_128x64_noname.o
 .debug_line    0x0001cddd      0x36e build/u8x8_display.o
 .debug_line    0x0001d14b       0xf9 build/u8x8_gpio.o
 .debug_line    0x0001d244      0x1bf build/u8x8_setup.o
 .debug_line    0x0001d403       0x72 build/startup_stm32f103xe.o

.debug_str      0x00000000    0x15666
 .debug_str     0x00000000     0xb758 build/main.o
                               0xb8b6 (size before relaxing)
 .debug_str     0x0000b758       0xcf build/gpio.o
                                0x351 (size before relaxing)
 .debug_str     0x0000b827       0x58 build/i2c.o
                                0x7f6 (size before relaxing)
 .debug_str     0x0000b87f       0xcc build/tim.o
                                0x863 (size before relaxing)
 .debug_str     0x0000b94b       0x4e build/usart.o
                                0x735 (size before relaxing)
 .debug_str     0x0000b999       0xd3 build/oled_init.o
                               0xb346 (size before relaxing)
 .debug_str     0x0000ba6c       0xb4 build/stm32f1xx_it.o
                                0x30a (size before relaxing)
 .debug_str     0x0000bb20       0x57 build/stm32f1xx_hal_msp.o
                                0x2f3 (size before relaxing)
 .debug_str     0x0000bb77      0x90a build/stm32f1xx_hal_i2c.o
                               0x106a (size before relaxing)
 .debug_str     0x0000c481      0x626 build/stm32f1xx_hal.o
                                0x94b (size before relaxing)
 .debug_str     0x0000caa7      0x1d1 build/stm32f1xx_hal_rcc.o
                                0x6b6 (size before relaxing)
 .debug_str     0x0000cc78      0x117 build/stm32f1xx_hal_gpio.o
                                0x4d4 (size before relaxing)
 .debug_str     0x0000cd8f      0x3b8 build/stm32f1xx_hal_cortex.o
                                0xa67 (size before relaxing)
 .debug_str     0x0000d147      0xec9 build/stm32f1xx_hal_tim.o
                               0x170c (size before relaxing)
 .debug_str     0x0000e010      0x54a build/stm32f1xx_hal_tim_ex.o
                                0xf36 (size before relaxing)
 .debug_str     0x0000e55a      0x532 build/stm32f1xx_hal_uart.o
                                0xc64 (size before relaxing)
 .debug_str     0x0000ea8c       0x4f build/system_stm32f1xx.o
                                0x2ea (size before relaxing)
 .debug_str     0x0000eadb      0x582 build/u8g2_buffer.o
                               0xb2ea (size before relaxing)
 .debug_str     0x0000f05d      0x18b build/u8g2_circle.o
                               0xae9c (size before relaxing)
 .debug_str     0x0000f1e8      0x784 build/u8g2_d_memory.o
                               0xb478 (size before relaxing)
 .debug_str     0x0000f96c     0x4cab build/u8g2_d_setup.o
                              0x1012d (size before relaxing)
 .debug_str     0x00014617      0x589 build/u8g2_font.o
                               0xb2da (size before relaxing)
 .debug_str     0x00014ba0       0x67 build/u8g2_hvline.o
                               0xad94 (size before relaxing)
 .debug_str     0x00014c07       0x40 build/u8g2_intersection.o
                               0xad4d (size before relaxing)
 .debug_str     0x00014c47       0x67 build/u8g2_ll_hvline.o
                               0xad7c (size before relaxing)
 .debug_str     0x00014cae      0x1fd build/u8g2_setup.o
                               0xb354 (size before relaxing)
 .debug_str     0x00014eab      0x1f8 build/u8x8_byte.o
                               0x1940 (size before relaxing)
 .debug_str     0x000150a3      0x19c build/u8x8_cad.o
                               0x1458 (size before relaxing)
 .debug_str     0x0001523f      0x2eb build/u8x8_d_ssd1306_128x64_noname.o
                               0x1569 (size before relaxing)
 .debug_str     0x0001552a       0xa6 build/u8x8_display.o
                               0x1372 (size before relaxing)
 .debug_str     0x000155d0       0x15 build/u8x8_gpio.o
                               0x121c (size before relaxing)
 .debug_str     0x000155e5       0x5d build/u8x8_setup.o
                               0x12bf (size before relaxing)
 .debug_str     0x00015642       0x24 build/startup_stm32f103xe.o
                                 0x47 (size before relaxing)

.comment        0x00000000       0x79
 .comment       0x00000000       0x79 build/main.o
                                 0x7a (size before relaxing)
 .comment       0x00000079       0x7a build/gpio.o
 .comment       0x00000079       0x7a build/i2c.o
 .comment       0x00000079       0x7a build/tim.o
 .comment       0x00000079       0x7a build/usart.o
 .comment       0x00000079       0x7a build/oled_init.o
 .comment       0x00000079       0x7a build/stm32f1xx_it.o
 .comment       0x00000079       0x7a build/stm32f1xx_hal_msp.o
 .comment       0x00000079       0x7a build/stm32f1xx_hal_i2c.o
 .comment       0x00000079       0x7a build/stm32f1xx_hal.o
 .comment       0x00000079       0x7a build/stm32f1xx_hal_rcc.o
 .comment       0x00000079       0x7a build/stm32f1xx_hal_gpio.o
 .comment       0x00000079       0x7a build/stm32f1xx_hal_cortex.o
 .comment       0x00000079       0x7a build/stm32f1xx_hal_tim.o
 .comment       0x00000079       0x7a build/stm32f1xx_hal_tim_ex.o
 .comment       0x00000079       0x7a build/stm32f1xx_hal_uart.o
 .comment       0x00000079       0x7a build/system_stm32f1xx.o
 .comment       0x00000079       0x7a build/u8g2_buffer.o
 .comment       0x00000079       0x7a build/u8g2_circle.o
 .comment       0x00000079       0x7a build/u8g2_d_memory.o
 .comment       0x00000079       0x7a build/u8g2_d_setup.o
 .comment       0x00000079       0x7a build/u8g2_font.o
 .comment       0x00000079       0x7a build/u8g2_hvline.o
 .comment       0x00000079       0x7a build/u8g2_intersection.o
 .comment       0x00000079       0x7a build/u8g2_ll_hvline.o
 .comment       0x00000079       0x7a build/u8g2_setup.o
 .comment       0x00000079       0x7a build/u8x8_byte.o
 .comment       0x00000079       0x7a build/u8x8_cad.o
 .comment       0x00000079       0x7a build/u8x8_d_ssd1306_128x64_noname.o
 .comment       0x00000079       0x7a build/u8x8_display.o
 .comment       0x00000079       0x7a build/u8x8_gpio.o
 .comment       0x00000079       0x7a build/u8x8_setup.o

.debug_frame    0x00000000     0xa07c
 .debug_frame   0x00000000       0x60 build/main.o
 .debug_frame   0x00000060       0x34 build/gpio.o
 .debug_frame   0x00000094       0x6c build/i2c.o
 .debug_frame   0x00000100       0x58 build/tim.o
 .debug_frame   0x00000158       0x6c build/usart.o
 .debug_frame   0x000001c4       0x7c build/oled_init.o
 .debug_frame   0x00000240       0xac build/stm32f1xx_it.o
 .debug_frame   0x000002ec       0x28 build/stm32f1xx_hal_msp.o
 .debug_frame   0x00000314      0xabc build/stm32f1xx_hal_i2c.o
 .debug_frame   0x00000dd0      0x1e0 build/stm32f1xx_hal.o
 .debug_frame   0x00000fb0      0x1c0 build/stm32f1xx_hal_rcc.o
 .debug_frame   0x00001170      0x104 build/stm32f1xx_hal_gpio.o
 .debug_frame   0x00001274      0x13c build/stm32f1xx_hal_cortex.o
 .debug_frame   0x000013b0      0xc68 build/stm32f1xx_hal_tim.o
 .debug_frame   0x00002018      0x498 build/stm32f1xx_hal_tim_ex.o
 .debug_frame   0x000024b0      0x570 build/stm32f1xx_hal_uart.o
 .debug_frame   0x00002a20       0x30 build/system_stm32f1xx.o
 .debug_frame   0x00002a50      0x1c8 build/u8g2_buffer.o
 .debug_frame   0x00002c18      0x260 build/u8g2_circle.o
 .debug_frame   0x00002e78      0x850 build/u8g2_d_memory.o
 .debug_frame   0x000036c8     0x5620 build/u8g2_d_setup.o
 .debug_frame   0x00008ce8      0x57c build/u8g2_font.o
 .debug_frame   0x00009264       0xf0 build/u8g2_hvline.o
 .debug_frame   0x00009354       0x40 build/u8g2_intersection.o
 .debug_frame   0x00009394       0x60 build/u8g2_ll_hvline.o
 .debug_frame   0x000093f4      0x2d0 build/u8g2_setup.o
 .debug_frame   0x000096c4      0x31c build/u8x8_byte.o
 .debug_frame   0x000099e0      0x324 build/u8x8_cad.o
 .debug_frame   0x00009d04       0xf8 build/u8x8_d_ssd1306_128x64_noname.o
 .debug_frame   0x00009dfc      0x194 build/u8x8_display.o
 .debug_frame   0x00009f90       0x2c build/u8x8_gpio.o
 .debug_frame   0x00009fbc       0x74 build/u8x8_setup.o
 .debug_frame   0x0000a030       0x2c d:/work_project/9 2019-q4-major/bin/../lib/gcc/arm-none-eabi/9.2.1/../../../../arm-none-eabi/lib/thumb/v7-m/nofp\libc_nano.a(lib_a-init.o)
 .debug_frame   0x0000a05c       0x20 d:/work_project/9 2019-q4-major/bin/../lib/gcc/arm-none-eabi/9.2.1/../../../../arm-none-eabi/lib/thumb/v7-m/nofp\libc_nano.a(lib_a-memset.o)

Cross Reference Table

Symbol                                            File
ADC1_2_IRQHandler                                 build/startup_stm32f103xe.o
ADC3_IRQHandler                                   build/startup_stm32f103xe.o
AHBPrescTable                                     build/system_stm32f1xx.o
                                                  build/stm32f1xx_hal_rcc.o
APBPrescTable                                     build/system_stm32f1xx.o
                                                  build/stm32f1xx_hal_rcc.o
BusFault_Handler                                  build/stm32f1xx_it.o
CAN1_RX1_IRQHandler                               build/startup_stm32f103xe.o
CAN1_SCE_IRQHandler                               build/startup_stm32f103xe.o
DMA1_Channel1_IRQHandler                          build/startup_stm32f103xe.o
DMA1_Channel2_IRQHandler                          build/startup_stm32f103xe.o
DMA1_Channel3_IRQHandler                          build/startup_stm32f103xe.o
DMA1_Channel4_IRQHandler                          build/startup_stm32f103xe.o
DMA1_Channel5_IRQHandler                          build/startup_stm32f103xe.o
DMA1_Channel6_IRQHandler                          build/startup_stm32f103xe.o
DMA1_Channel7_IRQHandler                          build/startup_stm32f103xe.o
DMA2_Channel1_IRQHandler                          build/startup_stm32f103xe.o
DMA2_Channel2_IRQHandler                          build/startup_stm32f103xe.o
DMA2_Channel3_IRQHandler                          build/startup_stm32f103xe.o
DMA2_Channel4_5_IRQHandler                        build/startup_stm32f103xe.o
DebugMon_Handler                                  build/stm32f1xx_it.o
Default_Handler                                   build/startup_stm32f103xe.o
EXTI0_IRQHandler                                  build/startup_stm32f103xe.o
EXTI15_10_IRQHandler                              build/startup_stm32f103xe.o
EXTI1_IRQHandler                                  build/startup_stm32f103xe.o
EXTI2_IRQHandler                                  build/startup_stm32f103xe.o
EXTI3_IRQHandler                                  build/startup_stm32f103xe.o
EXTI4_IRQHandler                                  build/startup_stm32f103xe.o
EXTI9_5_IRQHandler                                build/startup_stm32f103xe.o
Error_Handler                                     build/main.o
                                                  build/usart.o
                                                  build/tim.o
                                                  build/i2c.o
FLASH_IRQHandler                                  build/startup_stm32f103xe.o
FLASH_PageErase                                   build/stm32f1xx_hal_flash_ex.o
                                                  build/stm32f1xx_hal_flash.o
FLASH_WaitForLastOperation                        build/stm32f1xx_hal_flash.o
                                                  build/stm32f1xx_hal_flash_ex.o
FSMC_IRQHandler                                   build/startup_stm32f103xe.o
HAL_DBGMCU_DisableDBGSleepMode                    build/stm32f1xx_hal.o
HAL_DBGMCU_DisableDBGStandbyMode                  build/stm32f1xx_hal.o
HAL_DBGMCU_DisableDBGStopMode                     build/stm32f1xx_hal.o
HAL_DBGMCU_EnableDBGSleepMode                     build/stm32f1xx_hal.o
HAL_DBGMCU_EnableDBGStandbyMode                   build/stm32f1xx_hal.o
HAL_DBGMCU_EnableDBGStopMode                      build/stm32f1xx_hal.o
HAL_DMA_Abort                                     build/stm32f1xx_hal_dma.o
                                                  build/stm32f1xx_hal_uart.o
HAL_DMA_Abort_IT                                  build/stm32f1xx_hal_dma.o
                                                  build/stm32f1xx_hal_uart.o
                                                  build/stm32f1xx_hal_tim_ex.o
                                                  build/stm32f1xx_hal_tim.o
                                                  build/stm32f1xx_hal_i2c.o
HAL_DMA_DeInit                                    build/stm32f1xx_hal_dma.o
HAL_DMA_GetError                                  build/stm32f1xx_hal_dma.o
                                                  build/stm32f1xx_hal_uart.o
HAL_DMA_GetState                                  build/stm32f1xx_hal_dma.o
                                                  build/stm32f1xx_hal_i2c.o
HAL_DMA_IRQHandler                                build/stm32f1xx_hal_dma.o
HAL_DMA_Init                                      build/stm32f1xx_hal_dma.o
HAL_DMA_PollForTransfer                           build/stm32f1xx_hal_dma.o
HAL_DMA_RegisterCallback                          build/stm32f1xx_hal_dma.o
HAL_DMA_Start                                     build/stm32f1xx_hal_dma.o
HAL_DMA_Start_IT                                  build/stm32f1xx_hal_dma.o
                                                  build/stm32f1xx_hal_uart.o
                                                  build/stm32f1xx_hal_tim_ex.o
                                                  build/stm32f1xx_hal_tim.o
                                                  build/stm32f1xx_hal_i2c.o
HAL_DMA_UnRegisterCallback                        build/stm32f1xx_hal_dma.o
HAL_DeInit                                        build/stm32f1xx_hal.o
HAL_Delay                                         build/stm32f1xx_hal.o
                                                  build/oled_init.o
                                                  build/main.o
HAL_EXTI_ClearConfigLine                          build/stm32f1xx_hal_exti.o
HAL_EXTI_ClearPending                             build/stm32f1xx_hal_exti.o
HAL_EXTI_GenerateSWI                              build/stm32f1xx_hal_exti.o
HAL_EXTI_GetConfigLine                            build/stm32f1xx_hal_exti.o
HAL_EXTI_GetHandle                                build/stm32f1xx_hal_exti.o
HAL_EXTI_GetPending                               build/stm32f1xx_hal_exti.o
HAL_EXTI_IRQHandler                               build/stm32f1xx_hal_exti.o
HAL_EXTI_RegisterCallback                         build/stm32f1xx_hal_exti.o
HAL_EXTI_SetConfigLine                            build/stm32f1xx_hal_exti.o
HAL_FLASHEx_Erase                                 build/stm32f1xx_hal_flash_ex.o
HAL_FLASHEx_Erase_IT                              build/stm32f1xx_hal_flash_ex.o
HAL_FLASHEx_OBErase                               build/stm32f1xx_hal_flash_ex.o
HAL_FLASHEx_OBGetConfig                           build/stm32f1xx_hal_flash_ex.o
HAL_FLASHEx_OBGetUserData                         build/stm32f1xx_hal_flash_ex.o
HAL_FLASHEx_OBProgram                             build/stm32f1xx_hal_flash_ex.o
HAL_FLASH_EndOfOperationCallback                  build/stm32f1xx_hal_flash.o
HAL_FLASH_GetError                                build/stm32f1xx_hal_flash.o
HAL_FLASH_IRQHandler                              build/stm32f1xx_hal_flash.o
HAL_FLASH_Lock                                    build/stm32f1xx_hal_flash.o
HAL_FLASH_OB_Launch                               build/stm32f1xx_hal_flash.o
HAL_FLASH_OB_Lock                                 build/stm32f1xx_hal_flash.o
HAL_FLASH_OB_Unlock                               build/stm32f1xx_hal_flash.o
HAL_FLASH_OperationErrorCallback                  build/stm32f1xx_hal_flash.o
HAL_FLASH_Program                                 build/stm32f1xx_hal_flash.o
HAL_FLASH_Program_IT                              build/stm32f1xx_hal_flash.o
HAL_FLASH_Unlock                                  build/stm32f1xx_hal_flash.o
HAL_GPIOEx_ConfigEventout                         build/stm32f1xx_hal_gpio_ex.o
HAL_GPIOEx_DisableEventout                        build/stm32f1xx_hal_gpio_ex.o
HAL_GPIOEx_EnableEventout                         build/stm32f1xx_hal_gpio_ex.o
HAL_GPIO_DeInit                                   build/stm32f1xx_hal_gpio.o
                                                  build/usart.o
                                                  build/i2c.o
HAL_GPIO_EXTI_Callback                            build/stm32f1xx_hal_gpio.o
HAL_GPIO_EXTI_IRQHandler                          build/stm32f1xx_hal_gpio.o
HAL_GPIO_Init                                     build/stm32f1xx_hal_gpio.o
                                                  build/stm32f1xx_hal_rcc.o
                                                  build/usart.o
                                                  build/i2c.o
                                                  build/gpio.o
HAL_GPIO_LockPin                                  build/stm32f1xx_hal_gpio.o
HAL_GPIO_ReadPin                                  build/stm32f1xx_hal_gpio.o
HAL_GPIO_TogglePin                                build/stm32f1xx_hal_gpio.o
HAL_GPIO_WritePin                                 build/stm32f1xx_hal_gpio.o
                                                  build/gpio.o
HAL_GetDEVID                                      build/stm32f1xx_hal.o
HAL_GetHalVersion                                 build/stm32f1xx_hal.o
HAL_GetREVID                                      build/stm32f1xx_hal.o
HAL_GetTick                                       build/stm32f1xx_hal.o
                                                  build/stm32f1xx_hal_uart.o
                                                  build/stm32f1xx_hal_flash.o
                                                  build/stm32f1xx_hal_dma.o
                                                  build/stm32f1xx_hal_rcc_ex.o
                                                  build/stm32f1xx_hal_rcc.o
                                                  build/stm32f1xx_hal_i2c.o
HAL_GetTickFreq                                   build/stm32f1xx_hal.o
HAL_GetTickPrio                                   build/stm32f1xx_hal.o
HAL_GetUIDw0                                      build/stm32f1xx_hal.o
HAL_GetUIDw1                                      build/stm32f1xx_hal.o
HAL_GetUIDw2                                      build/stm32f1xx_hal.o
HAL_HalfDuplex_EnableReceiver                     build/stm32f1xx_hal_uart.o
HAL_HalfDuplex_EnableTransmitter                  build/stm32f1xx_hal_uart.o
HAL_HalfDuplex_Init                               build/stm32f1xx_hal_uart.o
HAL_I2C_AbortCpltCallback                         build/stm32f1xx_hal_i2c.o
HAL_I2C_AddrCallback                              build/stm32f1xx_hal_i2c.o
HAL_I2C_DeInit                                    build/stm32f1xx_hal_i2c.o
HAL_I2C_DisableListen_IT                          build/stm32f1xx_hal_i2c.o
HAL_I2C_ER_IRQHandler                             build/stm32f1xx_hal_i2c.o
HAL_I2C_EV_IRQHandler                             build/stm32f1xx_hal_i2c.o
HAL_I2C_EnableListen_IT                           build/stm32f1xx_hal_i2c.o
HAL_I2C_ErrorCallback                             build/stm32f1xx_hal_i2c.o
HAL_I2C_GetError                                  build/stm32f1xx_hal_i2c.o
HAL_I2C_GetMode                                   build/stm32f1xx_hal_i2c.o
HAL_I2C_GetState                                  build/stm32f1xx_hal_i2c.o
HAL_I2C_Init                                      build/stm32f1xx_hal_i2c.o
                                                  build/i2c.o
HAL_I2C_IsDeviceReady                             build/stm32f1xx_hal_i2c.o
HAL_I2C_ListenCpltCallback                        build/stm32f1xx_hal_i2c.o
HAL_I2C_MasterRxCpltCallback                      build/stm32f1xx_hal_i2c.o
HAL_I2C_MasterTxCpltCallback                      build/stm32f1xx_hal_i2c.o
HAL_I2C_Master_Abort_IT                           build/stm32f1xx_hal_i2c.o
HAL_I2C_Master_Receive                            build/stm32f1xx_hal_i2c.o
HAL_I2C_Master_Receive_DMA                        build/stm32f1xx_hal_i2c.o
HAL_I2C_Master_Receive_IT                         build/stm32f1xx_hal_i2c.o
HAL_I2C_Master_Seq_Receive_DMA                    build/stm32f1xx_hal_i2c.o
HAL_I2C_Master_Seq_Receive_IT                     build/stm32f1xx_hal_i2c.o
HAL_I2C_Master_Seq_Transmit_DMA                   build/stm32f1xx_hal_i2c.o
HAL_I2C_Master_Seq_Transmit_IT                    build/stm32f1xx_hal_i2c.o
HAL_I2C_Master_Transmit                           build/stm32f1xx_hal_i2c.o
                                                  build/oled_init.o
HAL_I2C_Master_Transmit_DMA                       build/stm32f1xx_hal_i2c.o
HAL_I2C_Master_Transmit_IT                        build/stm32f1xx_hal_i2c.o
HAL_I2C_MemRxCpltCallback                         build/stm32f1xx_hal_i2c.o
HAL_I2C_MemTxCpltCallback                         build/stm32f1xx_hal_i2c.o
HAL_I2C_Mem_Read                                  build/stm32f1xx_hal_i2c.o
HAL_I2C_Mem_Read_DMA                              build/stm32f1xx_hal_i2c.o
HAL_I2C_Mem_Read_IT                               build/stm32f1xx_hal_i2c.o
HAL_I2C_Mem_Write                                 build/stm32f1xx_hal_i2c.o
HAL_I2C_Mem_Write_DMA                             build/stm32f1xx_hal_i2c.o
HAL_I2C_Mem_Write_IT                              build/stm32f1xx_hal_i2c.o
HAL_I2C_MspDeInit                                 build/i2c.o
HAL_I2C_MspInit                                   build/i2c.o
HAL_I2C_SlaveRxCpltCallback                       build/stm32f1xx_hal_i2c.o
HAL_I2C_SlaveTxCpltCallback                       build/stm32f1xx_hal_i2c.o
HAL_I2C_Slave_Receive                             build/stm32f1xx_hal_i2c.o
HAL_I2C_Slave_Receive_DMA                         build/stm32f1xx_hal_i2c.o
HAL_I2C_Slave_Receive_IT                          build/stm32f1xx_hal_i2c.o
HAL_I2C_Slave_Seq_Receive_DMA                     build/stm32f1xx_hal_i2c.o
HAL_I2C_Slave_Seq_Receive_IT                      build/stm32f1xx_hal_i2c.o
HAL_I2C_Slave_Seq_Transmit_DMA                    build/stm32f1xx_hal_i2c.o
HAL_I2C_Slave_Seq_Transmit_IT                     build/stm32f1xx_hal_i2c.o
HAL_I2C_Slave_Transmit                            build/stm32f1xx_hal_i2c.o
HAL_I2C_Slave_Transmit_DMA                        build/stm32f1xx_hal_i2c.o
HAL_I2C_Slave_Transmit_IT                         build/stm32f1xx_hal_i2c.o
HAL_IncTick                                       build/stm32f1xx_hal.o
                                                  build/stm32f1xx_it.o
HAL_Init                                          build/stm32f1xx_hal.o
                                                  build/main.o
HAL_InitTick                                      build/stm32f1xx_hal.o
                                                  build/stm32f1xx_hal_rcc.o
HAL_LIN_Init                                      build/stm32f1xx_hal_uart.o
HAL_LIN_SendBreak                                 build/stm32f1xx_hal_uart.o
HAL_MspDeInit                                     build/stm32f1xx_hal.o
HAL_MspInit                                       build/stm32f1xx_hal_msp.o
HAL_MultiProcessor_EnterMuteMode                  build/stm32f1xx_hal_uart.o
HAL_MultiProcessor_ExitMuteMode                   build/stm32f1xx_hal_uart.o
HAL_MultiProcessor_Init                           build/stm32f1xx_hal_uart.o
HAL_NVIC_ClearPendingIRQ                          build/stm32f1xx_hal_cortex.o
HAL_NVIC_DisableIRQ                               build/stm32f1xx_hal_cortex.o
HAL_NVIC_EnableIRQ                                build/stm32f1xx_hal_cortex.o
HAL_NVIC_GetActive                                build/stm32f1xx_hal_cortex.o
HAL_NVIC_GetPendingIRQ                            build/stm32f1xx_hal_cortex.o
HAL_NVIC_GetPriority                              build/stm32f1xx_hal_cortex.o
HAL_NVIC_GetPriorityGrouping                      build/stm32f1xx_hal_cortex.o
HAL_NVIC_SetPendingIRQ                            build/stm32f1xx_hal_cortex.o
HAL_NVIC_SetPriority                              build/stm32f1xx_hal_cortex.o
                                                  build/stm32f1xx_hal.o
HAL_NVIC_SetPriorityGrouping                      build/stm32f1xx_hal_cortex.o
                                                  build/stm32f1xx_hal.o
HAL_NVIC_SystemReset                              build/stm32f1xx_hal_cortex.o
                                                  build/stm32f1xx_hal_flash.o
HAL_PWR_ConfigPVD                                 build/stm32f1xx_hal_pwr.o
HAL_PWR_DeInit                                    build/stm32f1xx_hal_pwr.o
HAL_PWR_DisableBkUpAccess                         build/stm32f1xx_hal_pwr.o
HAL_PWR_DisablePVD                                build/stm32f1xx_hal_pwr.o
HAL_PWR_DisableSEVOnPend                          build/stm32f1xx_hal_pwr.o
HAL_PWR_DisableSleepOnExit                        build/stm32f1xx_hal_pwr.o
HAL_PWR_DisableWakeUpPin                          build/stm32f1xx_hal_pwr.o
HAL_PWR_EnableBkUpAccess                          build/stm32f1xx_hal_pwr.o
HAL_PWR_EnablePVD                                 build/stm32f1xx_hal_pwr.o
HAL_PWR_EnableSEVOnPend                           build/stm32f1xx_hal_pwr.o
HAL_PWR_EnableSleepOnExit                         build/stm32f1xx_hal_pwr.o
HAL_PWR_EnableWakeUpPin                           build/stm32f1xx_hal_pwr.o
HAL_PWR_EnterSLEEPMode                            build/stm32f1xx_hal_pwr.o
HAL_PWR_EnterSTANDBYMode                          build/stm32f1xx_hal_pwr.o
HAL_PWR_EnterSTOPMode                             build/stm32f1xx_hal_pwr.o
HAL_PWR_PVDCallback                               build/stm32f1xx_hal_pwr.o
HAL_PWR_PVD_IRQHandler                            build/stm32f1xx_hal_pwr.o
HAL_RCCEx_GetPeriphCLKConfig                      build/stm32f1xx_hal_rcc_ex.o
HAL_RCCEx_GetPeriphCLKFreq                        build/stm32f1xx_hal_rcc_ex.o
HAL_RCCEx_PeriphCLKConfig                         build/stm32f1xx_hal_rcc_ex.o
HAL_RCC_CSSCallback                               build/stm32f1xx_hal_rcc.o
HAL_RCC_ClockConfig                               build/stm32f1xx_hal_rcc.o
                                                  build/main.o
HAL_RCC_DeInit                                    build/stm32f1xx_hal_rcc.o
HAL_RCC_DisableCSS                                build/stm32f1xx_hal_rcc.o
HAL_RCC_EnableCSS                                 build/stm32f1xx_hal_rcc.o
HAL_RCC_GetClockConfig                            build/stm32f1xx_hal_rcc.o
HAL_RCC_GetHCLKFreq                               build/stm32f1xx_hal_rcc.o
HAL_RCC_GetOscConfig                              build/stm32f1xx_hal_rcc.o
HAL_RCC_GetPCLK1Freq                              build/stm32f1xx_hal_rcc.o
                                                  build/stm32f1xx_hal_uart.o
                                                  build/stm32f1xx_hal_i2c.o
HAL_RCC_GetPCLK2Freq                              build/stm32f1xx_hal_rcc.o
                                                  build/stm32f1xx_hal_uart.o
                                                  build/stm32f1xx_hal_rcc_ex.o
HAL_RCC_GetSysClockFreq                           build/stm32f1xx_hal_rcc.o
                                                  build/stm32f1xx_hal_rcc_ex.o
HAL_RCC_MCOConfig                                 build/stm32f1xx_hal_rcc.o
HAL_RCC_NMI_IRQHandler                            build/stm32f1xx_hal_rcc.o
HAL_RCC_OscConfig                                 build/stm32f1xx_hal_rcc.o
                                                  build/main.o
HAL_ResumeTick                                    build/stm32f1xx_hal.o
HAL_SYSTICK_CLKSourceConfig                       build/stm32f1xx_hal_cortex.o
HAL_SYSTICK_Callback                              build/stm32f1xx_hal_cortex.o
HAL_SYSTICK_Config                                build/stm32f1xx_hal_cortex.o
                                                  build/stm32f1xx_hal.o
HAL_SYSTICK_IRQHandler                            build/stm32f1xx_hal_cortex.o
HAL_SetTickFreq                                   build/stm32f1xx_hal.o
HAL_SuspendTick                                   build/stm32f1xx_hal.o
HAL_TIMEx_BreakCallback                           build/stm32f1xx_hal_tim_ex.o
                                                  build/stm32f1xx_hal_tim.o
HAL_TIMEx_CommutCallback                          build/stm32f1xx_hal_tim_ex.o
                                                  build/stm32f1xx_hal_tim.o
HAL_TIMEx_CommutHalfCpltCallback                  build/stm32f1xx_hal_tim_ex.o
HAL_TIMEx_ConfigBreakDeadTime                     build/stm32f1xx_hal_tim_ex.o
HAL_TIMEx_ConfigCommutEvent                       build/stm32f1xx_hal_tim_ex.o
HAL_TIMEx_ConfigCommutEvent_DMA                   build/stm32f1xx_hal_tim_ex.o
HAL_TIMEx_ConfigCommutEvent_IT                    build/stm32f1xx_hal_tim_ex.o
HAL_TIMEx_GetChannelNState                        build/stm32f1xx_hal_tim_ex.o
HAL_TIMEx_HallSensor_DeInit                       build/stm32f1xx_hal_tim_ex.o
HAL_TIMEx_HallSensor_GetState                     build/stm32f1xx_hal_tim_ex.o
HAL_TIMEx_HallSensor_Init                         build/stm32f1xx_hal_tim_ex.o
HAL_TIMEx_HallSensor_MspDeInit                    build/stm32f1xx_hal_tim_ex.o
HAL_TIMEx_HallSensor_MspInit                      build/stm32f1xx_hal_tim_ex.o
HAL_TIMEx_HallSensor_Start                        build/stm32f1xx_hal_tim_ex.o
HAL_TIMEx_HallSensor_Start_DMA                    build/stm32f1xx_hal_tim_ex.o
HAL_TIMEx_HallSensor_Start_IT                     build/stm32f1xx_hal_tim_ex.o
HAL_TIMEx_HallSensor_Stop                         build/stm32f1xx_hal_tim_ex.o
HAL_TIMEx_HallSensor_Stop_DMA                     build/stm32f1xx_hal_tim_ex.o
HAL_TIMEx_HallSensor_Stop_IT                      build/stm32f1xx_hal_tim_ex.o
HAL_TIMEx_MasterConfigSynchronization             build/stm32f1xx_hal_tim_ex.o
                                                  build/tim.o
HAL_TIMEx_OCN_Start                               build/stm32f1xx_hal_tim_ex.o
HAL_TIMEx_OCN_Start_DMA                           build/stm32f1xx_hal_tim_ex.o
HAL_TIMEx_OCN_Start_IT                            build/stm32f1xx_hal_tim_ex.o
HAL_TIMEx_OCN_Stop                                build/stm32f1xx_hal_tim_ex.o
HAL_TIMEx_OCN_Stop_DMA                            build/stm32f1xx_hal_tim_ex.o
HAL_TIMEx_OCN_Stop_IT                             build/stm32f1xx_hal_tim_ex.o
HAL_TIMEx_OnePulseN_Start                         build/stm32f1xx_hal_tim_ex.o
HAL_TIMEx_OnePulseN_Start_IT                      build/stm32f1xx_hal_tim_ex.o
HAL_TIMEx_OnePulseN_Stop                          build/stm32f1xx_hal_tim_ex.o
HAL_TIMEx_OnePulseN_Stop_IT                       build/stm32f1xx_hal_tim_ex.o
HAL_TIMEx_PWMN_Start                              build/stm32f1xx_hal_tim_ex.o
HAL_TIMEx_PWMN_Start_DMA                          build/stm32f1xx_hal_tim_ex.o
HAL_TIMEx_PWMN_Start_IT                           build/stm32f1xx_hal_tim_ex.o
HAL_TIMEx_PWMN_Stop                               build/stm32f1xx_hal_tim_ex.o
HAL_TIMEx_PWMN_Stop_DMA                           build/stm32f1xx_hal_tim_ex.o
HAL_TIMEx_PWMN_Stop_IT                            build/stm32f1xx_hal_tim_ex.o
HAL_TIMEx_RemapConfig                             build/stm32f1xx_hal_tim_ex.o
HAL_TIM_Base_DeInit                               build/stm32f1xx_hal_tim.o
HAL_TIM_Base_GetState                             build/stm32f1xx_hal_tim.o
HAL_TIM_Base_Init                                 build/stm32f1xx_hal_tim.o
                                                  build/tim.o
HAL_TIM_Base_MspDeInit                            build/tim.o
HAL_TIM_Base_MspInit                              build/tim.o
HAL_TIM_Base_Start                                build/stm32f1xx_hal_tim.o
HAL_TIM_Base_Start_DMA                            build/stm32f1xx_hal_tim.o
HAL_TIM_Base_Start_IT                             build/stm32f1xx_hal_tim.o
HAL_TIM_Base_Stop                                 build/stm32f1xx_hal_tim.o
HAL_TIM_Base_Stop_DMA                             build/stm32f1xx_hal_tim.o
HAL_TIM_Base_Stop_IT                              build/stm32f1xx_hal_tim.o
HAL_TIM_ConfigClockSource                         build/stm32f1xx_hal_tim.o
HAL_TIM_ConfigOCrefClear                          build/stm32f1xx_hal_tim.o
HAL_TIM_ConfigTI1Input                            build/stm32f1xx_hal_tim.o
HAL_TIM_DMABurstState                             build/stm32f1xx_hal_tim.o
HAL_TIM_DMABurst_MultiReadStart                   build/stm32f1xx_hal_tim.o
HAL_TIM_DMABurst_MultiWriteStart                  build/stm32f1xx_hal_tim.o
HAL_TIM_DMABurst_ReadStart                        build/stm32f1xx_hal_tim.o
HAL_TIM_DMABurst_ReadStop                         build/stm32f1xx_hal_tim.o
HAL_TIM_DMABurst_WriteStart                       build/stm32f1xx_hal_tim.o
HAL_TIM_DMABurst_WriteStop                        build/stm32f1xx_hal_tim.o
HAL_TIM_Encoder_DeInit                            build/stm32f1xx_hal_tim.o
HAL_TIM_Encoder_GetState                          build/stm32f1xx_hal_tim.o
HAL_TIM_Encoder_Init                              build/stm32f1xx_hal_tim.o
HAL_TIM_Encoder_MspDeInit                         build/stm32f1xx_hal_tim.o
HAL_TIM_Encoder_MspInit                           build/stm32f1xx_hal_tim.o
HAL_TIM_Encoder_Start                             build/stm32f1xx_hal_tim.o
HAL_TIM_Encoder_Start_DMA                         build/stm32f1xx_hal_tim.o
HAL_TIM_Encoder_Start_IT                          build/stm32f1xx_hal_tim.o
HAL_TIM_Encoder_Stop                              build/stm32f1xx_hal_tim.o
HAL_TIM_Encoder_Stop_DMA                          build/stm32f1xx_hal_tim.o
HAL_TIM_Encoder_Stop_IT                           build/stm32f1xx_hal_tim.o
HAL_TIM_ErrorCallback                             build/stm32f1xx_hal_tim.o
                                                  build/stm32f1xx_hal_tim_ex.o
HAL_TIM_GenerateEvent                             build/stm32f1xx_hal_tim.o
HAL_TIM_GetActiveChannel                          build/stm32f1xx_hal_tim.o
HAL_TIM_GetChannelState                           build/stm32f1xx_hal_tim.o
HAL_TIM_IC_CaptureCallback                        build/stm32f1xx_hal_tim.o
HAL_TIM_IC_CaptureHalfCpltCallback                build/stm32f1xx_hal_tim.o
HAL_TIM_IC_ConfigChannel                          build/stm32f1xx_hal_tim.o
HAL_TIM_IC_DeInit                                 build/stm32f1xx_hal_tim.o
HAL_TIM_IC_GetState                               build/stm32f1xx_hal_tim.o
HAL_TIM_IC_Init                                   build/stm32f1xx_hal_tim.o
HAL_TIM_IC_MspDeInit                              build/stm32f1xx_hal_tim.o
HAL_TIM_IC_MspInit                                build/stm32f1xx_hal_tim.o
HAL_TIM_IC_Start                                  build/stm32f1xx_hal_tim.o
HAL_TIM_IC_Start_DMA                              build/stm32f1xx_hal_tim.o
HAL_TIM_IC_Start_IT                               build/stm32f1xx_hal_tim.o
HAL_TIM_IC_Stop                                   build/stm32f1xx_hal_tim.o
HAL_TIM_IC_Stop_DMA                               build/stm32f1xx_hal_tim.o
HAL_TIM_IC_Stop_IT                                build/stm32f1xx_hal_tim.o
HAL_TIM_IRQHandler                                build/stm32f1xx_hal_tim.o
HAL_TIM_OC_ConfigChannel                          build/stm32f1xx_hal_tim.o
HAL_TIM_OC_DeInit                                 build/stm32f1xx_hal_tim.o
HAL_TIM_OC_DelayElapsedCallback                   build/stm32f1xx_hal_tim.o
HAL_TIM_OC_GetState                               build/stm32f1xx_hal_tim.o
HAL_TIM_OC_Init                                   build/stm32f1xx_hal_tim.o
HAL_TIM_OC_MspDeInit                              build/stm32f1xx_hal_tim.o
HAL_TIM_OC_MspInit                                build/stm32f1xx_hal_tim.o
HAL_TIM_OC_Start                                  build/stm32f1xx_hal_tim.o
HAL_TIM_OC_Start_DMA                              build/stm32f1xx_hal_tim.o
HAL_TIM_OC_Start_IT                               build/stm32f1xx_hal_tim.o
HAL_TIM_OC_Stop                                   build/stm32f1xx_hal_tim.o
HAL_TIM_OC_Stop_DMA                               build/stm32f1xx_hal_tim.o
HAL_TIM_OC_Stop_IT                                build/stm32f1xx_hal_tim.o
HAL_TIM_OnePulse_ConfigChannel                    build/stm32f1xx_hal_tim.o
HAL_TIM_OnePulse_DeInit                           build/stm32f1xx_hal_tim.o
HAL_TIM_OnePulse_GetState                         build/stm32f1xx_hal_tim.o
HAL_TIM_OnePulse_Init                             build/stm32f1xx_hal_tim.o
HAL_TIM_OnePulse_MspDeInit                        build/stm32f1xx_hal_tim.o
HAL_TIM_OnePulse_MspInit                          build/stm32f1xx_hal_tim.o
HAL_TIM_OnePulse_Start                            build/stm32f1xx_hal_tim.o
HAL_TIM_OnePulse_Start_IT                         build/stm32f1xx_hal_tim.o
HAL_TIM_OnePulse_Stop                             build/stm32f1xx_hal_tim.o
HAL_TIM_OnePulse_Stop_IT                          build/stm32f1xx_hal_tim.o
HAL_TIM_PWM_ConfigChannel                         build/stm32f1xx_hal_tim.o
HAL_TIM_PWM_DeInit                                build/stm32f1xx_hal_tim.o
HAL_TIM_PWM_GetState                              build/stm32f1xx_hal_tim.o
HAL_TIM_PWM_Init                                  build/stm32f1xx_hal_tim.o
HAL_TIM_PWM_MspDeInit                             build/stm32f1xx_hal_tim.o
HAL_TIM_PWM_MspInit                               build/stm32f1xx_hal_tim.o
HAL_TIM_PWM_PulseFinishedCallback                 build/stm32f1xx_hal_tim.o
                                                  build/stm32f1xx_hal_tim_ex.o
HAL_TIM_PWM_PulseFinishedHalfCpltCallback         build/stm32f1xx_hal_tim.o
HAL_TIM_PWM_Start                                 build/stm32f1xx_hal_tim.o
HAL_TIM_PWM_Start_DMA                             build/stm32f1xx_hal_tim.o
HAL_TIM_PWM_Start_IT                              build/stm32f1xx_hal_tim.o
HAL_TIM_PWM_Stop                                  build/stm32f1xx_hal_tim.o
HAL_TIM_PWM_Stop_DMA                              build/stm32f1xx_hal_tim.o
HAL_TIM_PWM_Stop_IT                               build/stm32f1xx_hal_tim.o
HAL_TIM_PeriodElapsedCallback                     build/stm32f1xx_hal_tim.o
HAL_TIM_PeriodElapsedHalfCpltCallback             build/stm32f1xx_hal_tim.o
HAL_TIM_ReadCapturedValue                         build/stm32f1xx_hal_tim.o
HAL_TIM_SlaveConfigSynchro                        build/stm32f1xx_hal_tim.o
HAL_TIM_SlaveConfigSynchro_IT                     build/stm32f1xx_hal_tim.o
HAL_TIM_TriggerCallback                           build/stm32f1xx_hal_tim.o
HAL_TIM_TriggerHalfCpltCallback                   build/stm32f1xx_hal_tim.o
HAL_UART_Abort                                    build/stm32f1xx_hal_uart.o
HAL_UART_AbortCpltCallback                        build/stm32f1xx_hal_uart.o
HAL_UART_AbortReceive                             build/stm32f1xx_hal_uart.o
HAL_UART_AbortReceiveCpltCallback                 build/stm32f1xx_hal_uart.o
HAL_UART_AbortReceive_IT                          build/stm32f1xx_hal_uart.o
HAL_UART_AbortTransmit                            build/stm32f1xx_hal_uart.o
HAL_UART_AbortTransmitCpltCallback                build/stm32f1xx_hal_uart.o
HAL_UART_AbortTransmit_IT                         build/stm32f1xx_hal_uart.o
HAL_UART_Abort_IT                                 build/stm32f1xx_hal_uart.o
HAL_UART_DMAPause                                 build/stm32f1xx_hal_uart.o
HAL_UART_DMAResume                                build/stm32f1xx_hal_uart.o
HAL_UART_DMAStop                                  build/stm32f1xx_hal_uart.o
HAL_UART_DeInit                                   build/stm32f1xx_hal_uart.o
HAL_UART_ErrorCallback                            build/stm32f1xx_hal_uart.o
HAL_UART_GetError                                 build/stm32f1xx_hal_uart.o
HAL_UART_GetState                                 build/stm32f1xx_hal_uart.o
HAL_UART_IRQHandler                               build/stm32f1xx_hal_uart.o
HAL_UART_Init                                     build/stm32f1xx_hal_uart.o
                                                  build/usart.o
HAL_UART_MspDeInit                                build/usart.o
HAL_UART_MspInit                                  build/usart.o
HAL_UART_Receive                                  build/stm32f1xx_hal_uart.o
HAL_UART_Receive_DMA                              build/stm32f1xx_hal_uart.o
HAL_UART_Receive_IT                               build/stm32f1xx_hal_uart.o
HAL_UART_RxCpltCallback                           build/stm32f1xx_hal_uart.o
HAL_UART_RxHalfCpltCallback                       build/stm32f1xx_hal_uart.o
HAL_UART_Transmit                                 build/stm32f1xx_hal_uart.o
                                                  build/usart_debug.o
HAL_UART_Transmit_DMA                             build/stm32f1xx_hal_uart.o
HAL_UART_Transmit_IT                              build/stm32f1xx_hal_uart.o
HAL_UART_TxCpltCallback                           build/stm32f1xx_hal_uart.o
HAL_UART_TxHalfCpltCallback                       build/stm32f1xx_hal_uart.o
HardFault_Handler                                 build/stm32f1xx_it.o
I2C1_ER_IRQHandler                                build/startup_stm32f103xe.o
I2C1_EV_IRQHandler                                build/startup_stm32f103xe.o
I2C2_ER_IRQHandler                                build/startup_stm32f103xe.o
I2C2_EV_IRQHandler                                build/startup_stm32f103xe.o
MX_GPIO_Init                                      build/gpio.o
                                                  build/main.o
MX_I2C1_Init                                      build/i2c.o
                                                  build/oled_init.o
                                                  build/main.o
MX_SYS_Init                                       build/sys.o
MX_TIM6_Init                                      build/tim.o
                                                  build/main.o
MX_USART1_UART_Init                               build/usart.o
                                                  build/main.o
MemManage_Handler                                 build/stm32f1xx_it.o
NMI_Handler                                       build/stm32f1xx_it.o
PVD_IRQHandler                                    build/startup_stm32f103xe.o
PendSV_Handler                                    build/stm32f1xx_it.o
RCC_IRQHandler                                    build/startup_stm32f103xe.o
RTC_Alarm_IRQHandler                              build/startup_stm32f103xe.o
RTC_IRQHandler                                    build/startup_stm32f103xe.o
Reset_Handler                                     build/startup_stm32f103xe.o
SDIO_IRQHandler                                   build/startup_stm32f103xe.o
SPI1_IRQHandler                                   build/startup_stm32f103xe.o
SPI2_IRQHandler                                   build/startup_stm32f103xe.o
SPI3_IRQHandler                                   build/startup_stm32f103xe.o
SVC_Handler                                       build/stm32f1xx_it.o
SysTick_Handler                                   build/stm32f1xx_it.o
SystemClock_Config                                build/main.o
SystemCoreClock                                   build/system_stm32f1xx.o
                                                  build/stm32f1xx_hal_rcc.o
                                                  build/stm32f1xx_hal.o
                                                  build/stm32f1xx_hal_i2c.o
SystemCoreClockUpdate                             build/system_stm32f1xx.o
SystemInit                                        build/system_stm32f1xx.o
                                                  build/startup_stm32f103xe.o
TAMPER_IRQHandler                                 build/startup_stm32f103xe.o
TIM1_BRK_IRQHandler                               build/startup_stm32f103xe.o
TIM1_CC_IRQHandler                                build/startup_stm32f103xe.o
TIM1_TRG_COM_IRQHandler                           build/startup_stm32f103xe.o
TIM1_UP_IRQHandler                                build/startup_stm32f103xe.o
TIM2_IRQHandler                                   build/startup_stm32f103xe.o
TIM3_IRQHandler                                   build/startup_stm32f103xe.o
TIM4_IRQHandler                                   build/startup_stm32f103xe.o
TIM5_IRQHandler                                   build/startup_stm32f103xe.o
TIM6_IRQHandler                                   build/startup_stm32f103xe.o
TIM7_IRQHandler                                   build/startup_stm32f103xe.o
TIM8_BRK_IRQHandler                               build/startup_stm32f103xe.o
TIM8_CC_IRQHandler                                build/startup_stm32f103xe.o
TIM8_TRG_COM_IRQHandler                           build/startup_stm32f103xe.o
TIM8_UP_IRQHandler                                build/startup_stm32f103xe.o
TIMEx_DMACommutationCplt                          build/stm32f1xx_hal_tim_ex.o
                                                  build/stm32f1xx_hal_tim.o
TIMEx_DMACommutationHalfCplt                      build/stm32f1xx_hal_tim_ex.o
                                                  build/stm32f1xx_hal_tim.o
TIM_Base_SetConfig                                build/stm32f1xx_hal_tim.o
                                                  build/stm32f1xx_hal_tim_ex.o
TIM_CCxChannelCmd                                 build/stm32f1xx_hal_tim.o
                                                  build/stm32f1xx_hal_tim_ex.o
TIM_DMACaptureCplt                                build/stm32f1xx_hal_tim.o
                                                  build/stm32f1xx_hal_tim_ex.o
TIM_DMACaptureHalfCplt                            build/stm32f1xx_hal_tim.o
                                                  build/stm32f1xx_hal_tim_ex.o
TIM_DMADelayPulseHalfCplt                         build/stm32f1xx_hal_tim.o
                                                  build/stm32f1xx_hal_tim_ex.o
TIM_DMAError                                      build/stm32f1xx_hal_tim.o
                                                  build/stm32f1xx_hal_tim_ex.o
TIM_ETR_SetConfig                                 build/stm32f1xx_hal_tim.o
TIM_OC2_SetConfig                                 build/stm32f1xx_hal_tim.o
                                                  build/stm32f1xx_hal_tim_ex.o
TIM_TI1_SetConfig                                 build/stm32f1xx_hal_tim.o
                                                  build/stm32f1xx_hal_tim_ex.o
UART4_IRQHandler                                  build/startup_stm32f103xe.o
UART5_IRQHandler                                  build/startup_stm32f103xe.o
USART1_IRQHandler                                 build/startup_stm32f103xe.o
USART2_IRQHandler                                 build/startup_stm32f103xe.o
USART3_IRQHandler                                 build/startup_stm32f103xe.o
USBWakeUp_IRQHandler                              build/startup_stm32f103xe.o